Archive member included to satisfy reference by file (symbol)

../mbot/libmbotlib.a(imu.c.obj)
                              CMakeFiles/mbot_imu_test.dir/mbot_imu_test.c.obj (mbot_imu_default_config)
../mbot/libmbotlib.a(bhy_uc_driver.c.obj)
                              ../mbot/libmbotlib.a(imu.c.obj) (bhy_driver_init)
../mbot/libmbotlib.a(bhy.c.obj)
                              ../mbot/libmbotlib.a(bhy_uc_driver.c.obj) (bhy_write_reg)
../mbot/libmbotlib.a(bhy_support.c.obj)
                              ../mbot/libmbotlib.a(bhy_uc_driver.c.obj) (bhy_delay_msec)
/usr/lib/gcc/arm-none-eabi/9.2.1/thumb/v6-m/nofp/libgcc.a(_dvmd_tls.o)
                              CMakeFiles/mbot_imu_test.dir/__/lib/pico-sdk/src/rp2_common/pico_divider/divider.S.obj (__aeabi_idiv0)
/usr/lib/gcc/arm-none-eabi/9.2.1/../../../arm-none-eabi/lib/thumb/v6-m/nofp/libc.a(lib_a-atexit.o)
                              /usr/lib/gcc/arm-none-eabi/9.2.1/../../../arm-none-eabi/lib/thumb/v6-m/nofp/crt0.o (atexit)
/usr/lib/gcc/arm-none-eabi/9.2.1/../../../arm-none-eabi/lib/thumb/v6-m/nofp/libc.a(lib_a-calloc.o)
                              CMakeFiles/mbot_imu_test.dir/__/lib/pico-sdk/src/rp2_common/pico_malloc/pico_malloc.c.obj (calloc)
/usr/lib/gcc/arm-none-eabi/9.2.1/../../../arm-none-eabi/lib/thumb/v6-m/nofp/libc.a(lib_a-callocr.o)
                              /usr/lib/gcc/arm-none-eabi/9.2.1/../../../arm-none-eabi/lib/thumb/v6-m/nofp/libc.a(lib_a-calloc.o) (_calloc_r)
/usr/lib/gcc/arm-none-eabi/9.2.1/../../../arm-none-eabi/lib/thumb/v6-m/nofp/libc.a(lib_a-fini.o)
                              /usr/lib/gcc/arm-none-eabi/9.2.1/../../../arm-none-eabi/lib/thumb/v6-m/nofp/crt0.o (__libc_fini_array)
/usr/lib/gcc/arm-none-eabi/9.2.1/../../../arm-none-eabi/lib/thumb/v6-m/nofp/libc.a(lib_a-impure.o)
                              /usr/lib/gcc/arm-none-eabi/9.2.1/../../../arm-none-eabi/lib/thumb/v6-m/nofp/libc.a(lib_a-calloc.o) (_impure_ptr)
/usr/lib/gcc/arm-none-eabi/9.2.1/../../../arm-none-eabi/lib/thumb/v6-m/nofp/libc.a(lib_a-init.o)
                              /usr/lib/gcc/arm-none-eabi/9.2.1/../../../arm-none-eabi/lib/thumb/v6-m/nofp/crt0.o (__libc_init_array)
/usr/lib/gcc/arm-none-eabi/9.2.1/../../../arm-none-eabi/lib/thumb/v6-m/nofp/libc.a(lib_a-malloc.o)
                              CMakeFiles/mbot_imu_test.dir/__/lib/pico-sdk/src/rp2_common/pico_malloc/pico_malloc.c.obj (malloc)
/usr/lib/gcc/arm-none-eabi/9.2.1/../../../arm-none-eabi/lib/thumb/v6-m/nofp/libc.a(lib_a-mallocr.o)
                              /usr/lib/gcc/arm-none-eabi/9.2.1/../../../arm-none-eabi/lib/thumb/v6-m/nofp/libc.a(lib_a-callocr.o) (_malloc_r)
/usr/lib/gcc/arm-none-eabi/9.2.1/../../../arm-none-eabi/lib/thumb/v6-m/nofp/libc.a(lib_a-mlock.o)
                              /usr/lib/gcc/arm-none-eabi/9.2.1/../../../arm-none-eabi/lib/thumb/v6-m/nofp/libc.a(lib_a-mallocr.o) (__malloc_lock)
/usr/lib/gcc/arm-none-eabi/9.2.1/../../../arm-none-eabi/lib/thumb/v6-m/nofp/libc.a(lib_a-realloc.o)
                              CMakeFiles/mbot_imu_test.dir/__/lib/pico-sdk/src/rp2_common/pico_malloc/pico_malloc.c.obj (realloc)
/usr/lib/gcc/arm-none-eabi/9.2.1/../../../arm-none-eabi/lib/thumb/v6-m/nofp/libc.a(lib_a-reallocr.o)
                              /usr/lib/gcc/arm-none-eabi/9.2.1/../../../arm-none-eabi/lib/thumb/v6-m/nofp/libc.a(lib_a-realloc.o) (_realloc_r)
/usr/lib/gcc/arm-none-eabi/9.2.1/../../../arm-none-eabi/lib/thumb/v6-m/nofp/libc.a(lib_a-sbrkr.o)
                              /usr/lib/gcc/arm-none-eabi/9.2.1/../../../arm-none-eabi/lib/thumb/v6-m/nofp/libc.a(lib_a-mallocr.o) (_sbrk_r)
/usr/lib/gcc/arm-none-eabi/9.2.1/../../../arm-none-eabi/lib/thumb/v6-m/nofp/libc.a(lib_a-strlen-stub.o)
                              CMakeFiles/mbot_imu_test.dir/__/lib/pico-sdk/src/rp2_common/pico_stdio/stdio.c.obj (strlen)
/usr/lib/gcc/arm-none-eabi/9.2.1/../../../arm-none-eabi/lib/thumb/v6-m/nofp/libc.a(lib_a-__atexit.o)
                              /usr/lib/gcc/arm-none-eabi/9.2.1/../../../arm-none-eabi/lib/thumb/v6-m/nofp/libc.a(lib_a-atexit.o) (__register_exitproc)
/usr/lib/gcc/arm-none-eabi/9.2.1/../../../arm-none-eabi/lib/thumb/v6-m/nofp/libc.a(lib_a-freer.o)
                              /usr/lib/gcc/arm-none-eabi/9.2.1/../../../arm-none-eabi/lib/thumb/v6-m/nofp/libc.a(lib_a-malloc.o) (_free_r)
/usr/lib/gcc/arm-none-eabi/9.2.1/../../../arm-none-eabi/lib/thumb/v6-m/nofp/libc.a(lib_a-memmove.o)
                              /usr/lib/gcc/arm-none-eabi/9.2.1/../../../arm-none-eabi/lib/thumb/v6-m/nofp/libc.a(lib_a-reallocr.o) (memmove)
/usr/lib/gcc/arm-none-eabi/9.2.1/../../../arm-none-eabi/lib/thumb/v6-m/nofp/libc.a(lib_a-reent.o)
                              /usr/lib/gcc/arm-none-eabi/9.2.1/../../../arm-none-eabi/lib/thumb/v6-m/nofp/libc.a(lib_a-sbrkr.o) (errno)

Allocating common symbols
Common symbol       size              file

sf_table            0x100             CMakeFiles/mbot_imu_test.dir/__/lib/pico-sdk/src/rp2_common/pico_float/float_init_rom.c.obj
[...]
Memory Configuration

Name             Origin             Length             Attributes
FLASH            0x0000000010000000 0x0000000000200000 xr
RAM              0x0000000020000000 0x0000000000040000 xrw
SCRATCH_X        0x0000000020040000 0x0000000000001000 xrw
SCRATCH_Y        0x0000000020041000 0x0000000000001000 xrw
*default*        0x0000000000000000 0xffffffffffffffff

Linker script and memory map

LOAD /usr/lib/gcc/arm-none-eabi/9.2.1/thumb/v6-m/nofp/crti.o
LOAD /usr/lib/gcc/arm-none-eabi/9.2.1/thumb/v6-m/nofp/crtbegin.o
LOAD /usr/lib/gcc/arm-none-eabi/9.2.1/../../../arm-none-eabi/lib/thumb/v6-m/nofp/crt0.o

.flash_begin    0x0000000010000000        0x0
                0x0000000010000000                __flash_binary_start = .

.boot2          0x0000000010000000      0x100
                0x0000000010000000                __boot2_start__ = .
 *(.boot2)
 .boot2         0x0000000010000000      0x100 /tmp/cceSfy5o.o
                0x0000000010000100                __boot2_end__ = .
                0x0000000000000001                ASSERT (((__boot2_end__ - __boot2_start__) == 0x100), ERROR: Pico second stage bootloader must be 256 bytes in size)

.text           0x0000000010000100     0x9348
                0x0000000010000100                __logical_binary_start = .
 *(.vectors)
 .vectors       0x0000000010000100       0xd4 CMakeFiles/mbot_imu_test.dir/__/lib/pico-sdk/src/rp2_common/pico_standard_link/crt0.S.obj
                0x0000000010000100                __vectors
                0x0000000010000100                __VECTOR_TABLE
                0x00000000100001c0                isr_invalid
                0x00000000100001c0                __default_isrs_start
                0x00000000100001c2                isr_nmi
                0x00000000100001c4                isr_hardfault
                0x00000000100001c6                isr_svcall
                0x00000000100001c8                isr_pendsv
                0x00000000100001ca                isr_systick
                0x00000000100001cc                isr_irq30
                0x00000000100001cc                __unhandled_user_irq
                0x00000000100001cc                isr_irq13
                0x00000000100001cc                isr_irq27
                0x00000000100001cc                isr_irq31
                0x00000000100001cc                isr_irq5
                0x00000000100001cc                isr_irq11
                0x00000000100001cc                isr_irq23
                0x00000000100001cc                isr_irq18
                0x00000000100001cc                isr_irq28
                0x00000000100001cc                isr_irq19
                0x00000000100001cc                isr_irq0
                0x00000000100001cc                isr_irq6
                0x00000000100001cc                isr_irq22
                0x00000000100001cc                isr_irq17
                0x00000000100001cc                isr_irq14
                0x00000000100001cc                isr_irq2
                0x00000000100001cc                isr_irq10
                0x00000000100001cc                isr_irq8
                0x00000000100001cc                isr_irq24
                0x00000000100001cc                isr_irq1
                0x00000000100001cc                isr_irq7
                0x00000000100001cc                isr_irq21
                0x00000000100001cc                isr_irq20
                0x00000000100001cc                isr_irq15
                0x00000000100001cc                isr_irq25
                0x00000000100001cc                isr_irq4
                0x00000000100001cc                isr_irq16
                0x00000000100001cc                isr_irq29
                0x00000000100001cc                isr_irq26
                0x00000000100001cc                __default_isrs_end
                0x00000000100001cc                isr_irq3
                0x00000000100001cc                isr_irq12
                0x00000000100001cc                isr_irq9
                0x00000000100001d2                unhandled_user_irq_num_in_r0
 *(.binary_info_header)
 .binary_info_header
                0x00000000100001d4       0x14 CMakeFiles/mbot_imu_test.dir/__/lib/pico-sdk/src/rp2_common/pico_standard_link/crt0.S.obj
                0x00000000100001e8                __binary_info_header_end = .
 *(.reset)
 .reset         0x00000000100001e8       0xa8 CMakeFiles/mbot_imu_test.dir/__/lib/pico-sdk/src/rp2_common/pico_standard_link/crt0.S.obj
                0x00000000100001e8                _entry_point
                0x0000000010000266                __get_current_exception
 .reset         0x0000000010000290       0x30 CMakeFiles/mbot_imu_test.dir/__/lib/pico-sdk/src/rp2_common/pico_standard_link/binary_info.c.obj
 *(.init)
 .init          0x00000000100002c0        0x4 /usr/lib/gcc/arm-none-eabi/9.2.1/thumb/v6-m/nofp/crti.o
                0x00000000100002c0                _init
 *(EXCLUDE_FILE(*libm.a: *libc.a:*lib_a-mem*.o *libgcc.a:) .text*)
 .text          0x00000000100002c4       0x98 /usr/lib/gcc/arm-none-eabi/9.2.1/thumb/v6-m/nofp/crtbegin.o
 .text.startup.main
                0x000000001000035c       0xb4 CMakeFiles/mbot_imu_test.dir/mbot_imu_test.c.obj
                0x000000001000035c                main
 .text.set_sys_clock_pll
                0x0000000010000410       0x78 CMakeFiles/mbot_imu_test.dir/__/lib/pico-sdk/src/rp2_common/pico_stdlib/stdlib.c.obj
                0x0000000010000410                set_sys_clock_pll
 .text.check_sys_clock_khz
                0x0000000010000488      0x16c CMakeFiles/mbot_imu_test.dir/__/lib/pico-sdk/src/rp2_common/pico_stdlib/stdlib.c.obj
                0x0000000010000488                check_sys_clock_khz
 .text.gpio_default_irq_handler
                0x00000000100005f4      0x248 CMakeFiles/mbot_imu_test.dir/__/lib/pico-sdk/src/rp2_common/hardware_gpio/gpio.c.obj
 .text.gpio_set_function
                0x000000001000083c       0x30 CMakeFiles/mbot_imu_test.dir/__/lib/pico-sdk/src/rp2_common/hardware_gpio/gpio.c.obj
                0x000000001000083c                gpio_set_function
 .text.gpio_set_pulls
                0x000000001000086c       0x30 CMakeFiles/mbot_imu_test.dir/__/lib/pico-sdk/src/rp2_common/hardware_gpio/gpio.c.obj
                0x000000001000086c                gpio_set_pulls
 .text.gpio_set_irq_enabled_with_callback
                0x000000001000089c       0xb0 CMakeFiles/mbot_imu_test.dir/__/lib/pico-sdk/src/rp2_common/hardware_gpio/gpio.c.obj
                0x000000001000089c                gpio_set_irq_enabled_with_callback
 .text.hw_claim_or_assert
                0x000000001000094c       0x48 CMakeFiles/mbot_imu_test.dir/__/lib/pico-sdk/src/rp2_common/hardware_claim/claim.c.obj
                0x000000001000094c                hw_claim_or_assert
 .text.hw_claim_unused_from_range
                0x0000000010000994       0x9c CMakeFiles/mbot_imu_test.dir/__/lib/pico-sdk/src/rp2_common/hardware_claim/claim.c.obj
                0x0000000010000994                hw_claim_unused_from_range
 .text.running_on_fpga
                0x0000000010000a30       0x10 CMakeFiles/mbot_imu_test.dir/__/lib/pico-sdk/src/rp2_common/pico_platform/platform.c.obj
                0x0000000010000a30                running_on_fpga
 .text.spin_locks_reset
                0x0000000010000a40       0x1c CMakeFiles/mbot_imu_test.dir/__/lib/pico-sdk/src/rp2_common/hardware_sync/sync.c.obj
                0x0000000010000a40                spin_locks_reset
 .text.next_striped_spin_lock_num
                0x0000000010000a5c       0x18 CMakeFiles/mbot_imu_test.dir/__/lib/pico-sdk/src/rp2_common/hardware_sync/sync.c.obj
                0x0000000010000a5c                next_striped_spin_lock_num
 .text.spin_lock_claim_unused
                0x0000000010000a74       0x20 CMakeFiles/mbot_imu_test.dir/__/lib/pico-sdk/src/rp2_common/hardware_sync/sync.c.obj
                0x0000000010000a74                spin_lock_claim_unused
 .text.irq_set_enabled
                0x0000000010000a94       0x24 CMakeFiles/mbot_imu_test.dir/__/lib/pico-sdk/src/rp2_common/hardware_irq/irq.c.obj
                0x0000000010000a94                irq_set_enabled
 .text.irq_set_pending
                0x0000000010000ab8       0x10 CMakeFiles/mbot_imu_test.dir/__/lib/pico-sdk/src/rp2_common/hardware_irq/irq.c.obj
                0x0000000010000ab8                irq_set_pending
 .text.irq_has_shared_handler
                0x0000000010000ac8       0x2c CMakeFiles/mbot_imu_test.dir/__/lib/pico-sdk/src/rp2_common/hardware_irq/irq.c.obj
                0x0000000010000ac8                irq_has_shared_handler
 .text.irq_get_vtable_handler
                0x0000000010000af4       0x10 CMakeFiles/mbot_imu_test.dir/__/lib/pico-sdk/src/rp2_common/hardware_irq/irq.c.obj
                0x0000000010000af4                irq_get_vtable_handler
 .text.irq_set_exclusive_handler
                0x0000000010000b04       0x54 CMakeFiles/mbot_imu_test.dir/__/lib/pico-sdk/src/rp2_common/hardware_irq/irq.c.obj
                0x0000000010000b04                irq_set_exclusive_handler
 .text.irq_add_shared_handler
                0x0000000010000b58      0x1c0 CMakeFiles/mbot_imu_test.dir/__/lib/pico-sdk/src/rp2_common/hardware_irq/irq.c.obj
                0x0000000010000b58                irq_add_shared_handler
 .text.irq_remove_handler
                0x0000000010000d18      0x1b4 CMakeFiles/mbot_imu_test.dir/__/lib/pico-sdk/src/rp2_common/hardware_irq/irq.c.obj
                0x0000000010000d18                irq_remove_handler
 .text.irq_add_tail_to_free_list
                0x0000000010000ecc       0xb8 CMakeFiles/mbot_imu_test.dir/__/lib/pico-sdk/src/rp2_common/hardware_irq/irq.c.obj
                0x0000000010000ecc                irq_add_tail_to_free_list
 .text.irq_init_priorities
                0x0000000010000f84       0x24 CMakeFiles/mbot_imu_test.dir/__/lib/pico-sdk/src/rp2_common/hardware_irq/irq.c.obj
                0x0000000010000f84                irq_init_priorities
 .text.user_irq_claim_unused
                0x0000000010000fa8       0x30 CMakeFiles/mbot_imu_test.dir/__/lib/pico-sdk/src/rp2_common/hardware_irq/irq.c.obj
                0x0000000010000fa8                user_irq_claim_unused
 .text.lock_init
                0x0000000010000fd8       0x10 CMakeFiles/mbot_imu_test.dir/__/lib/pico-sdk/src/common/pico_sync/lock_core.c.obj
                0x0000000010000fd8                lock_init
 .text.timer_pool_entry_comparator
                0x0000000010000fe8       0x34 CMakeFiles/mbot_imu_test.dir/__/lib/pico-sdk/src/common/pico_time/time.c.obj
                0x0000000010000fe8                timer_pool_entry_comparator
 .text.sleep_until_callback
                0x000000001000101c       0x30 CMakeFiles/mbot_imu_test.dir/__/lib/pico-sdk/src/common/pico_time/time.c.obj
 .text.alarm_pool_add_alarm_at.constprop.0
                0x000000001000104c      0x128 CMakeFiles/mbot_imu_test.dir/__/lib/pico-sdk/src/common/pico_time/time.c.obj
 .text.add_alarm_under_lock
                0x0000000010001174      0x108 CMakeFiles/mbot_imu_test.dir/__/lib/pico-sdk/src/common/pico_time/time.c.obj
 .text.alarm_pool_alarm_callback
                0x000000001000127c      0x1c8 CMakeFiles/mbot_imu_test.dir/__/lib/pico-sdk/src/common/pico_time/time.c.obj
 .text.alarm_pool_init_default
                0x0000000010001444       0x64 CMakeFiles/mbot_imu_test.dir/__/lib/pico-sdk/src/common/pico_time/time.c.obj
                0x0000000010001444                alarm_pool_init_default
 .text.alarm_pool_get_default
                0x00000000100014a8        0x8 CMakeFiles/mbot_imu_test.dir/__/lib/pico-sdk/src/common/pico_time/time.c.obj
                0x00000000100014a8                alarm_pool_get_default
 .text.alarm_pool_add_alarm_at
                0x00000000100014b0      0x1ac CMakeFiles/mbot_imu_test.dir/__/lib/pico-sdk/src/common/pico_time/time.c.obj
                0x00000000100014b0                alarm_pool_add_alarm_at
 .text.sleep_until
                0x000000001000165c       0xac CMakeFiles/mbot_imu_test.dir/__/lib/pico-sdk/src/common/pico_time/time.c.obj
                0x000000001000165c                sleep_until
 .text.sleep_ms
                0x0000000010001708       0x38 CMakeFiles/mbot_imu_test.dir/__/lib/pico-sdk/src/common/pico_time/time.c.obj
                0x0000000010001708                sleep_ms
 .text.best_effort_wfe_or_timeout
                0x0000000010001740       0xd4 CMakeFiles/mbot_imu_test.dir/__/lib/pico-sdk/src/common/pico_time/time.c.obj
                0x0000000010001740                best_effort_wfe_or_timeout
 .text.hardware_alarm_irq_handler
                0x0000000010001814       0xb8 CMakeFiles/mbot_imu_test.dir/__/lib/pico-sdk/src/rp2_common/hardware_timer/timer.c.obj
 .text.hardware_alarm_claim
                0x00000000100018cc       0x18 CMakeFiles/mbot_imu_test.dir/__/lib/pico-sdk/src/rp2_common/hardware_timer/timer.c.obj
                0x00000000100018cc                hardware_alarm_claim
 .text.time_us_64
                0x00000000100018e4       0x14 CMakeFiles/mbot_imu_test.dir/__/lib/pico-sdk/src/rp2_common/hardware_timer/timer.c.obj
                0x00000000100018e4                time_us_64
 .text.busy_wait_until
                0x00000000100018f8       0x20 CMakeFiles/mbot_imu_test.dir/__/lib/pico-sdk/src/rp2_common/hardware_timer/timer.c.obj
                0x00000000100018f8                busy_wait_until
 .text.hardware_alarm_set_callback
                0x0000000010001918       0x8c CMakeFiles/mbot_imu_test.dir/__/lib/pico-sdk/src/rp2_common/hardware_timer/timer.c.obj
                0x0000000010001918                hardware_alarm_set_callback
 .text.hardware_alarm_set_target
                0x00000000100019a4       0xe4 CMakeFiles/mbot_imu_test.dir/__/lib/pico-sdk/src/rp2_common/hardware_timer/timer.c.obj
                0x00000000100019a4                hardware_alarm_set_target
 .text.hardware_alarm_cancel
                0x0000000010001a88       0x40 CMakeFiles/mbot_imu_test.dir/__/lib/pico-sdk/src/rp2_common/hardware_timer/timer.c.obj
                0x0000000010001a88                hardware_alarm_cancel
 .text.ph_merge_nodes
                0x0000000010001ac8       0x68 CMakeFiles/mbot_imu_test.dir/__/lib/pico-sdk/src/common/pico_util/pheap.c.obj
 .text.ph_post_alloc_init
                0x0000000010001b30       0x3c CMakeFiles/mbot_imu_test.dir/__/lib/pico-sdk/src/common/pico_util/pheap.c.obj
                0x0000000010001b30                ph_post_alloc_init
 .text.ph_merge_two_pass
                0x0000000010001b6c       0x90 CMakeFiles/mbot_imu_test.dir/__/lib/pico-sdk/src/common/pico_util/pheap.c.obj
                0x0000000010001b6c                ph_merge_two_pass
 .text.ph_remove_any_head
                0x0000000010001bfc       0xf8 CMakeFiles/mbot_imu_test.dir/__/lib/pico-sdk/src/common/pico_util/pheap.c.obj
 .text.ph_remove_head
                0x0000000010001cf4      0x13c CMakeFiles/mbot_imu_test.dir/__/lib/pico-sdk/src/common/pico_util/pheap.c.obj
                0x0000000010001cf4                ph_remove_head
 .text.ph_remove_and_free_node
                0x0000000010001e30       0x7c CMakeFiles/mbot_imu_test.dir/__/lib/pico-sdk/src/common/pico_util/pheap.c.obj
                0x0000000010001e30                ph_remove_and_free_node
 .text.mutex_init
                0x0000000010001eac       0x1c CMakeFiles/mbot_imu_test.dir/__/lib/pico-sdk/src/common/pico_sync/mutex.c.obj
                0x0000000010001eac                mutex_init
 .text.recursive_mutex_init
                0x0000000010001ec8       0x1c CMakeFiles/mbot_imu_test.dir/__/lib/pico-sdk/src/common/pico_sync/mutex.c.obj
                0x0000000010001ec8                recursive_mutex_init
 .text.critical_section_init
                0x0000000010001ee4       0x1c CMakeFiles/mbot_imu_test.dir/__/lib/pico-sdk/src/common/pico_sync/critical_section.c.obj
                0x0000000010001ee4                critical_section_init
 .text.runtime_init
                0x0000000010001f00       0xf0 CMakeFiles/mbot_imu_test.dir/__/lib/pico-sdk/src/rp2_common/pico_runtime/runtime.c.obj
                0x0000000010001f00                runtime_init
 .text.exit     0x0000000010001ff0        0x4 CMakeFiles/mbot_imu_test.dir/__/lib/pico-sdk/src/rp2_common/pico_runtime/runtime.c.obj
                0x0000000010001ff0                exit
 .text.panic    0x0000000010001ff4       0x30 CMakeFiles/mbot_imu_test.dir/__/lib/pico-sdk/src/rp2_common/pico_runtime/runtime.c.obj
                0x0000000010001ff4                panic
 .text.hard_assertion_failure
                0x0000000010002024        0xc CMakeFiles/mbot_imu_test.dir/__/lib/pico-sdk/src/rp2_common/pico_runtime/runtime.c.obj
                0x0000000010002024                hard_assertion_failure
 .text.clock_configure
                0x0000000010002030      0x114 CMakeFiles/mbot_imu_test.dir/__/lib/pico-sdk/src/rp2_common/hardware_clocks/clocks.c.obj
                0x0000000010002030                clock_configure
 .text.clocks_init
                0x0000000010002144      0x2bc CMakeFiles/mbot_imu_test.dir/__/lib/pico-sdk/src/rp2_common/hardware_clocks/clocks.c.obj
                0x0000000010002144                clocks_init
 .text.clock_get_hz
                0x0000000010002400        0xc CMakeFiles/mbot_imu_test.dir/__/lib/pico-sdk/src/rp2_common/hardware_clocks/clocks.c.obj
                0x0000000010002400                clock_get_hz
 .text.pll_init
                0x000000001000240c       0xa8 CMakeFiles/mbot_imu_test.dir/__/lib/pico-sdk/src/rp2_common/hardware_pll/pll.c.obj
                0x000000001000240c                pll_init
 .text.watchdog_start_tick
                0x00000000100024b4       0x10 CMakeFiles/mbot_imu_test.dir/__/lib/pico-sdk/src/rp2_common/hardware_watchdog/watchdog.c.obj
                0x00000000100024b4                watchdog_start_tick
 .text.watchdog_reboot
                0x00000000100024c4       0x98 CMakeFiles/mbot_imu_test.dir/__/lib/pico-sdk/src/rp2_common/hardware_watchdog/watchdog.c.obj
                0x00000000100024c4                watchdog_reboot
 .text.xosc_init
                0x000000001000255c       0x28 CMakeFiles/mbot_imu_test.dir/__/lib/pico-sdk/src/rp2_common/hardware_xosc/xosc.c.obj
                0x000000001000255c                xosc_init
 .text._out_null
                0x0000000010002584        0x4 CMakeFiles/mbot_imu_test.dir/__/lib/pico-sdk/src/rp2_common/pico_printf/printf.c.obj
 .text._out_rev
                0x0000000010002588       0xd0 CMakeFiles/mbot_imu_test.dir/__/lib/pico-sdk/src/rp2_common/pico_printf/printf.c.obj
 .text._ntoa_format
                0x0000000010002658      0x1d0 CMakeFiles/mbot_imu_test.dir/__/lib/pico-sdk/src/rp2_common/pico_printf/printf.c.obj
 .text._out_char
                0x0000000010002828       0x10 CMakeFiles/mbot_imu_test.dir/__/lib/pico-sdk/src/rp2_common/pico_printf/printf.c.obj
 .text._out_fct
                0x0000000010002838       0x10 CMakeFiles/mbot_imu_test.dir/__/lib/pico-sdk/src/rp2_common/pico_printf/printf.c.obj
 .text._etoa    0x0000000010002848      0x478 CMakeFiles/mbot_imu_test.dir/__/lib/pico-sdk/src/rp2_common/pico_printf/printf.c.obj
 .text._ftoa    0x0000000010002cc0      0x3e0 CMakeFiles/mbot_imu_test.dir/__/lib/pico-sdk/src/rp2_common/pico_printf/printf.c.obj
 .text._vsnprintf
                0x00000000100030a0      0xb08 CMakeFiles/mbot_imu_test.dir/__/lib/pico-sdk/src/rp2_common/pico_printf/printf.c.obj
 .text.vfctprintf
                0x0000000010003ba8       0x20 CMakeFiles/mbot_imu_test.dir/__/lib/pico-sdk/src/rp2_common/pico_printf/printf.c.obj
                0x0000000010003ba8                vfctprintf
 .text.weak_raw_vprintf
                0x0000000010003bc8       0x30 CMakeFiles/mbot_imu_test.dir/__/lib/pico-sdk/src/rp2_common/pico_printf/printf.c.obj
                0x0000000010003bc8                weak_raw_vprintf
 .text          0x0000000010003bf8       0x10 CMakeFiles/mbot_imu_test.dir/__/lib/pico-sdk/src/rp2_common/pico_bit_ops/bit_ops_aeabi.S.obj
 .text.rom_func_lookup
                0x0000000010003c08       0x10 CMakeFiles/mbot_imu_test.dir/__/lib/pico-sdk/src/rp2_common/pico_bootrom/bootrom.c.obj
                0x0000000010003c08                rom_func_lookup
 .text.rom_data_lookup
                0x0000000010003c18       0x10 CMakeFiles/mbot_imu_test.dir/__/lib/pico-sdk/src/rp2_common/pico_bootrom/bootrom.c.obj
                0x0000000010003c18                rom_data_lookup
 .text.rom_funcs_lookup
                0x0000000010003c28       0x3c CMakeFiles/mbot_imu_test.dir/__/lib/pico-sdk/src/rp2_common/pico_bootrom/bootrom.c.obj
                0x0000000010003c28                rom_funcs_lookup
 .text.__wrap___aeabi_idiv
                0x0000000010003c64       0x50 CMakeFiles/mbot_imu_test.dir/__/lib/pico-sdk/src/rp2_common/pico_divider/divider.S.obj
                0x0000000010003c64                __wrap___aeabi_idivmod
                0x0000000010003c64                divmod_s32s32
                0x0000000010003c64                div_s32s32
                0x0000000010003c64                __wrap___aeabi_idiv
                0x0000000010003c6c                divmod_s32s32_unsafe
                0x0000000010003c98                divmod_s32s32_savestate
 .text.__wrap___aeabi_uidiv
                0x0000000010003cb4       0x4c CMakeFiles/mbot_imu_test.dir/__/lib/pico-sdk/src/rp2_common/pico_divider/divider.S.obj
                0x0000000010003cb4                __wrap___aeabi_uidiv
                0x0000000010003cb4                __wrap___aeabi_uidivmod
                0x0000000010003cb4                div_u32u32
                0x0000000010003cb4                divmod_u32u32
                0x0000000010003cbc                divmod_u32u32_unsafe
                0x0000000010003ce4                divmod_u32u32_savestate
 .text.__wrap___aeabi_ldiv
                0x0000000010003d00      0x434 CMakeFiles/mbot_imu_test.dir/__/lib/pico-sdk/src/rp2_common/pico_divider/divider.S.obj
                0x0000000010003d00                div_s64s64
                0x0000000010003d00                divmod_s64s64
                0x0000000010003d00                __wrap___aeabi_ldivmod
                0x0000000010003d38                div_u64u64
                0x0000000010003d38                divmod_u64u64
                0x0000000010003d38                __wrap___aeabi_uldivmod
                0x0000000010003d48                divmod_u64u64_savestate
                0x0000000010003d70                divmod_s64s64_unsafe
                0x0000000010003df8                divmod_u64u64_unsafe
 .text.__wrap___aeabi_darithmetic
                0x0000000010004134       0x80 CMakeFiles/mbot_imu_test.dir/__/lib/pico-sdk/src/rp2_common/pico_double/double_aeabi.S.obj
                0x0000000010004134                __wrap___aeabi_drsub
                0x000000001000413a                __wrap___aeabi_dsub
                0x000000001000414c                __wrap___aeabi_dadd
                0x000000001000415e                __wrap___aeabi_ddiv
                0x000000001000419a                __wrap___aeabi_dmul
 .text.__wrap___aeabi_cdcmple
                0x00000000100041b4       0x6c CMakeFiles/mbot_imu_test.dir/__/lib/pico-sdk/src/rp2_common/pico_double/double_aeabi.S.obj
                0x00000000100041b4                __wrap___aeabi_cdrcmple
                0x00000000100041c4                __wrap___aeabi_cdcmple
                0x00000000100041c4                __wrap___aeabi_cdcmpeq
 .text.__wrap___aeabi_dcmplt
                0x0000000010004220        0xc CMakeFiles/mbot_imu_test.dir/__/lib/pico-sdk/src/rp2_common/pico_double/double_aeabi.S.obj
                0x0000000010004220                __wrap___aeabi_dcmplt
 .text.__wrap___aeabi_dcmple
                0x000000001000422c       0x10 CMakeFiles/mbot_imu_test.dir/__/lib/pico-sdk/src/rp2_common/pico_double/double_aeabi.S.obj
                0x000000001000422c                __wrap___aeabi_dcmple
 .text.__wrap___aeabi_dcmpge
                0x000000001000423c       0x10 CMakeFiles/mbot_imu_test.dir/__/lib/pico-sdk/src/rp2_common/pico_double/double_aeabi.S.obj
                0x000000001000423c                __wrap___aeabi_dcmpge
 .text.__wrap___aeabi_dcmpgt
                0x000000001000424c        0xa CMakeFiles/mbot_imu_test.dir/__/lib/pico-sdk/src/rp2_common/pico_double/double_aeabi.S.obj
                0x000000001000424c                __wrap___aeabi_dcmpgt
 .text.__wrap___aeabi_dcmpun
                0x0000000010004256       0x1c CMakeFiles/mbot_imu_test.dir/__/lib/pico-sdk/src/rp2_common/pico_double/double_aeabi.S.obj
                0x0000000010004256                __wrap___aeabi_dcmpun
 *fill*         0x0000000010004272        0x2 
 .text.__wrap___aeabi_i2d
                0x0000000010004274       0x38 CMakeFiles/mbot_imu_test.dir/__/lib/pico-sdk/src/rp2_common/pico_double/double_aeabi.S.obj
                0x0000000010004274                __wrap___aeabi_ui2d
                0x000000001000427c                __wrap___aeabi_i2d
 .text.__wrap___aeabi_d2iz
                0x00000000100042ac       0x48 CMakeFiles/mbot_imu_test.dir/__/lib/pico-sdk/src/rp2_common/pico_double/double_aeabi.S.obj
                0x00000000100042ac                __wrap___aeabi_d2iz
                0x00000000100042ac                double2int_z
 .text.__wrap___aeabi_d2uiz
                0x00000000100042f4       0x18 CMakeFiles/mbot_imu_test.dir/__/lib/pico-sdk/src/rp2_common/pico_double/double_aeabi.S.obj
                0x00000000100042f4                double2uint
                0x00000000100042f4                __wrap___aeabi_d2uiz
 .text.__wrap___aeabi_d2f
                0x000000001000430c       0x18 CMakeFiles/mbot_imu_test.dir/__/lib/pico-sdk/src/rp2_common/pico_double/double_aeabi.S.obj
                0x000000001000430c                __wrap___aeabi_d2f
 .text.__aeabi_double_init
                0x0000000010004324       0xc0 CMakeFiles/mbot_imu_test.dir/__/lib/pico-sdk/src/rp2_common/pico_double/double_init_rom.c.obj
                0x0000000010004324                __aeabi_double_init
 .text.double_table_shim_on_use_helper
                0x00000000100043e4       0x2c CMakeFiles/mbot_imu_test.dir/__/lib/pico-sdk/src/rp2_common/pico_double/double_v1_rom_shim.S.obj
                0x00000000100043e4                double_table_shim_on_use_helper
 .text.__wrap___aeabi_dsub
                0x0000000010004410       0x10 CMakeFiles/mbot_imu_test.dir/__/lib/pico-sdk/src/rp2_common/pico_double/double_v1_rom_shim.S.obj
                0x0000000010004410                drsub_shim
                0x0000000010004416                dsub_shim
 .text.dadd_shim
                0x0000000010004420      0x15c CMakeFiles/mbot_imu_test.dir/__/lib/pico-sdk/src/rp2_common/pico_double/double_v1_rom_shim.S.obj
                0x0000000010004420                dadd_shim
 .text.dmul_shim
                0x000000001000457c      0x15c CMakeFiles/mbot_imu_test.dir/__/lib/pico-sdk/src/rp2_common/pico_double/double_v1_rom_shim.S.obj
                0x000000001000457c                dmul_shim
 .text.ddiv_shim
                0x00000000100046d8      0x1b0 CMakeFiles/mbot_imu_test.dir/__/lib/pico-sdk/src/rp2_common/pico_double/double_v1_rom_shim.S.obj
                0x00000000100046d8                ddiv_shim
 .text.double2uint_shim
                0x0000000010004888        0xe CMakeFiles/mbot_imu_test.dir/__/lib/pico-sdk/src/rp2_common/pico_double/double_v1_rom_shim.S.obj
                0x0000000010004888                double2uint_shim
                0x000000001000488a                double2ufix_shim
 *fill*         0x0000000010004896        0x2 
 .text.double2uint64_shim
                0x0000000010004898       0x70 CMakeFiles/mbot_imu_test.dir/__/lib/pico-sdk/src/rp2_common/pico_double/double_v1_rom_shim.S.obj
                0x0000000010004898                double2uint64_shim
                0x000000001000489a                double2ufix64_shim
                0x00000000100048ba                d2fix_a
 .text.double2float_shim
                0x0000000010004908       0x5c CMakeFiles/mbot_imu_test.dir/__/lib/pico-sdk/src/rp2_common/pico_double/double_v1_rom_shim.S.obj
                0x0000000010004908                double2float_shim
 .text.dunpacks
                0x0000000010004964       0x3c CMakeFiles/mbot_imu_test.dir/__/lib/pico-sdk/src/rp2_common/pico_double/double_v1_rom_shim.S.obj
                0x0000000010004964                dunpacks
 .text.__aeabi_lmul
                0x00000000100049a0       0x32 CMakeFiles/mbot_imu_test.dir/__/lib/pico-sdk/src/rp2_common/pico_int64_ops/pico_int64_ops_aeabi.S.obj
                0x00000000100049a0                __wrap___aeabi_lmul
 *fill*         0x00000000100049d2        0x2 
 .text.__wrap___aeabi_farithmetic
                0x00000000100049d4       0x48 CMakeFiles/mbot_imu_test.dir/__/lib/pico-sdk/src/rp2_common/pico_float/float_aeabi.S.obj
                0x00000000100049d4                __wrap___aeabi_frsub
                0x00000000100049da                __wrap___aeabi_fsub
                0x00000000100049e0                __wrap___aeabi_fadd
                0x00000000100049e6                __wrap___aeabi_fdiv
                0x0000000010004a0e                __wrap___aeabi_fmul
 .text.__wrap___aeabi_i2f
                0x0000000010004a1c       0x44 CMakeFiles/mbot_imu_test.dir/__/lib/pico-sdk/src/rp2_common/pico_float/float_aeabi.S.obj
                0x0000000010004a1c                __wrap___aeabi_i2f
 .text.__wrap___aeabi_f2d
                0x0000000010004a60       0x14 CMakeFiles/mbot_imu_test.dir/__/lib/pico-sdk/src/rp2_common/pico_float/float_aeabi.S.obj
                0x0000000010004a60                __wrap___aeabi_f2d
 .text.__aeabi_float_init
                0x0000000010004a74       0x64 CMakeFiles/mbot_imu_test.dir/__/lib/pico-sdk/src/rp2_common/pico_float/float_init_rom.c.obj
                0x0000000010004a74                __aeabi_float_init
 .text.float_table_shim_on_use_helper
                0x0000000010004ad8       0x2c CMakeFiles/mbot_imu_test.dir/__/lib/pico-sdk/src/rp2_common/pico_float/float_v1_rom_shim.S.obj
                0x0000000010004ad8                float_table_shim_on_use_helper
 .text.float2double_shim
                0x0000000010004b04       0x30 CMakeFiles/mbot_imu_test.dir/__/lib/pico-sdk/src/rp2_common/pico_float/float_v1_rom_shim.S.obj
                0x0000000010004b04                float2double_shim
 .text          0x0000000010004b34       0x10 CMakeFiles/mbot_imu_test.dir/__/lib/pico-sdk/src/rp2_common/pico_mem_ops/mem_ops_aeabi.S.obj
                0x0000000010004b34                __aeabi_mem_init
 .text.memset   0x0000000010004b44        0xc CMakeFiles/mbot_imu_test.dir/__/lib/pico-sdk/src/rp2_common/pico_mem_ops/mem_ops_aeabi.S.obj
                0x0000000010004b44                __wrap_memset
 .text.memcpy   0x0000000010004b50        0xc CMakeFiles/mbot_imu_test.dir/__/lib/pico-sdk/src/rp2_common/pico_mem_ops/mem_ops_aeabi.S.obj
                0x0000000010004b50                __wrap___aeabi_memcpy
                0x0000000010004b50                __wrap_memcpy
 .text.stdio_out_chars_no_crlf
                0x0000000010004b5c       0x10 CMakeFiles/mbot_imu_test.dir/__/lib/pico-sdk/src/rp2_common/pico_stdio/stdio.c.obj
 .text.stdio_out_chars_crlf
                0x0000000010004b6c       0x94 CMakeFiles/mbot_imu_test.dir/__/lib/pico-sdk/src/rp2_common/pico_stdio/stdio.c.obj
 .text.stdio_buffered_printer
                0x0000000010004c00       0x64 CMakeFiles/mbot_imu_test.dir/__/lib/pico-sdk/src/rp2_common/pico_stdio/stdio.c.obj
 .text.stdio_put_string
                0x0000000010004c64      0x100 CMakeFiles/mbot_imu_test.dir/__/lib/pico-sdk/src/rp2_common/pico_stdio/stdio.c.obj
 .text.__wrap_putchar
                0x0000000010004d64       0xa4 CMakeFiles/mbot_imu_test.dir/__/lib/pico-sdk/src/rp2_common/pico_stdio/stdio.c.obj
                0x0000000010004d64                __wrap_putchar
 .text.__wrap_puts
                0x0000000010004e08       0x3c CMakeFiles/mbot_imu_test.dir/__/lib/pico-sdk/src/rp2_common/pico_stdio/stdio.c.obj
                0x0000000010004e08                __wrap_puts
 .text.stdio_set_driver_enabled
                0x0000000010004e44       0x30 CMakeFiles/mbot_imu_test.dir/__/lib/pico-sdk/src/rp2_common/pico_stdio/stdio.c.obj
                0x0000000010004e44                stdio_set_driver_enabled
 .text.__wrap_vprintf
                0x0000000010004e74       0xd8 CMakeFiles/mbot_imu_test.dir/__/lib/pico-sdk/src/rp2_common/pico_stdio/stdio.c.obj
                0x0000000010004e74                __wrap_vprintf
 .text.__wrap_printf
                0x0000000010004f4c       0x18 CMakeFiles/mbot_imu_test.dir/__/lib/pico-sdk/src/rp2_common/pico_stdio/stdio.c.obj
                0x0000000010004f4c                __wrap_printf
 .text.stdio_init_all
                0x0000000010004f64        0x8 CMakeFiles/mbot_imu_test.dir/__/lib/pico-sdk/src/rp2_common/pico_stdio/stdio.c.obj
                0x0000000010004f64                stdio_init_all
 .text.resetd_init
                0x0000000010004f6c        0x4 CMakeFiles/mbot_imu_test.dir/__/lib/pico-sdk/src/rp2_common/pico_stdio_usb/reset_interface.c.obj
 .text.resetd_reset
                0x0000000010004f70        0xc CMakeFiles/mbot_imu_test.dir/__/lib/pico-sdk/src/rp2_common/pico_stdio_usb/reset_interface.c.obj
 .text.resetd_open
                0x0000000010004f7c       0x28 CMakeFiles/mbot_imu_test.dir/__/lib/pico-sdk/src/rp2_common/pico_stdio_usb/reset_interface.c.obj
 .text.resetd_xfer_cb
                0x0000000010004fa4        0x4 CMakeFiles/mbot_imu_test.dir/__/lib/pico-sdk/src/rp2_common/pico_stdio_usb/reset_interface.c.obj
 .text.resetd_control_xfer_cb
                0x0000000010004fa8       0x64 CMakeFiles/mbot_imu_test.dir/__/lib/pico-sdk/src/rp2_common/pico_stdio_usb/reset_interface.c.obj
 .text.usbd_app_driver_get_cb
                0x000000001000500c        0xc CMakeFiles/mbot_imu_test.dir/__/lib/pico-sdk/src/rp2_common/pico_stdio_usb/reset_interface.c.obj
                0x000000001000500c                usbd_app_driver_get_cb
 .text.tud_cdc_line_coding_cb
                0x0000000010005018       0x34 CMakeFiles/mbot_imu_test.dir/__/lib/pico-sdk/src/rp2_common/pico_stdio_usb/reset_interface.c.obj
                0x0000000010005018                tud_cdc_line_coding_cb
 .text.stdio_usb_in_chars
                0x000000001000504c       0x68 CMakeFiles/mbot_imu_test.dir/__/lib/pico-sdk/src/rp2_common/pico_stdio_usb/stdio_usb.c.obj
                0x000000001000504c                stdio_usb_in_chars
 .text.stdio_usb_out_chars
                0x00000000100050b4       0xec CMakeFiles/mbot_imu_test.dir/__/lib/pico-sdk/src/rp2_common/pico_stdio_usb/stdio_usb.c.obj
 .text.timer_task
                0x00000000100051a0       0x18 CMakeFiles/mbot_imu_test.dir/__/lib/pico-sdk/src/rp2_common/pico_stdio_usb/stdio_usb.c.obj
 .text.usb_irq  0x00000000100051b8       0x10 CMakeFiles/mbot_imu_test.dir/__/lib/pico-sdk/src/rp2_common/pico_stdio_usb/stdio_usb.c.obj
 .text.low_priority_worker_irq
                0x00000000100051c8       0x24 CMakeFiles/mbot_imu_test.dir/__/lib/pico-sdk/src/rp2_common/pico_stdio_usb/stdio_usb.c.obj
 .text.stdio_usb_init
                0x00000000100051ec       0xb0 CMakeFiles/mbot_imu_test.dir/__/lib/pico-sdk/src/rp2_common/pico_stdio_usb/stdio_usb.c.obj
                0x00000000100051ec                stdio_usb_init
 .text.tud_descriptor_device_cb
                0x000000001000529c        0x8 CMakeFiles/mbot_imu_test.dir/__/lib/pico-sdk/src/rp2_common/pico_stdio_usb/stdio_usb_descriptors.c.obj
                0x000000001000529c                tud_descriptor_device_cb
 .text.tud_descriptor_configuration_cb
                0x00000000100052a4        0x8 CMakeFiles/mbot_imu_test.dir/__/lib/pico-sdk/src/rp2_common/pico_stdio_usb/stdio_usb_descriptors.c.obj
                0x00000000100052a4                tud_descriptor_configuration_cb
 .text.tud_descriptor_string_cb
                0x00000000100052ac       0x70 CMakeFiles/mbot_imu_test.dir/__/lib/pico-sdk/src/rp2_common/pico_stdio_usb/stdio_usb_descriptors.c.obj
                0x00000000100052ac                tud_descriptor_string_cb
 .text.dcd_rp2040_irq
                0x000000001000531c      0x21c CMakeFiles/mbot_imu_test.dir/__/lib/pico-sdk/lib/tinyusb/src/portable/raspberrypi/rp2040/dcd_rp2040.c.obj
 .text.dcd_int_enable
                0x0000000010005538        0xc CMakeFiles/mbot_imu_test.dir/__/lib/pico-sdk/lib/tinyusb/src/portable/raspberrypi/rp2040/dcd_rp2040.c.obj
                0x0000000010005538                dcd_int_enable
 .text.dcd_set_address
                0x0000000010005544       0x14 CMakeFiles/mbot_imu_test.dir/__/lib/pico-sdk/lib/tinyusb/src/portable/raspberrypi/rp2040/dcd_rp2040.c.obj
                0x0000000010005544                dcd_set_address
 .text.dcd_connect
                0x0000000010005558       0x10 CMakeFiles/mbot_imu_test.dir/__/lib/pico-sdk/lib/tinyusb/src/portable/raspberrypi/rp2040/dcd_rp2040.c.obj
                0x0000000010005558                dcd_connect
 .text.dcd_init
                0x0000000010005568      0x148 CMakeFiles/mbot_imu_test.dir/__/lib/pico-sdk/lib/tinyusb/src/portable/raspberrypi/rp2040/dcd_rp2040.c.obj
                0x0000000010005568                dcd_init
 .text.dcd_edpt0_status_complete
                0x00000000100056b0       0x1c CMakeFiles/mbot_imu_test.dir/__/lib/pico-sdk/lib/tinyusb/src/portable/raspberrypi/rp2040/dcd_rp2040.c.obj
                0x00000000100056b0                dcd_edpt0_status_complete
 .text.dcd_edpt_open
                0x00000000100056cc       0xf0 CMakeFiles/mbot_imu_test.dir/__/lib/pico-sdk/lib/tinyusb/src/portable/raspberrypi/rp2040/dcd_rp2040.c.obj
                0x00000000100056cc                dcd_edpt_open
 .text.dcd_edpt_close_all
                0x00000000100057bc       0xbc CMakeFiles/mbot_imu_test.dir/__/lib/pico-sdk/lib/tinyusb/src/portable/raspberrypi/rp2040/dcd_rp2040.c.obj
                0x00000000100057bc                dcd_edpt_close_all
 .text.dcd_edpt_xfer
                0x0000000010005878       0x24 CMakeFiles/mbot_imu_test.dir/__/lib/pico-sdk/lib/tinyusb/src/portable/raspberrypi/rp2040/dcd_rp2040.c.obj
                0x0000000010005878                dcd_edpt_xfer
 .text.dcd_edpt_stall
                0x000000001000589c       0x38 CMakeFiles/mbot_imu_test.dir/__/lib/pico-sdk/lib/tinyusb/src/portable/raspberrypi/rp2040/dcd_rp2040.c.obj
                0x000000001000589c                dcd_edpt_stall
 .text.dcd_edpt_clear_stall
                0x00000000100058d4       0x30 CMakeFiles/mbot_imu_test.dir/__/lib/pico-sdk/lib/tinyusb/src/portable/raspberrypi/rp2040/dcd_rp2040.c.obj
                0x00000000100058d4                dcd_edpt_clear_stall
 .text._hw_endpoint_buffer_control_update32.part.0
                0x0000000010005904       0x20 CMakeFiles/mbot_imu_test.dir/__/lib/pico-sdk/lib/tinyusb/src/portable/raspberrypi/rp2040/rp2040_usb.c.obj
 .text.rp2040_usb_init
                0x0000000010005924       0x4c CMakeFiles/mbot_imu_test.dir/__/lib/pico-sdk/lib/tinyusb/src/portable/raspberrypi/rp2040/rp2040_usb.c.obj
                0x0000000010005924                rp2040_usb_init
 .text.hw_endpoint_reset_transfer
                0x0000000010005970        0xc CMakeFiles/mbot_imu_test.dir/__/lib/pico-sdk/lib/tinyusb/src/portable/raspberrypi/rp2040/rp2040_usb.c.obj
                0x0000000010005970                hw_endpoint_reset_transfer
 .text._hw_endpoint_buffer_control_update32
                0x000000001000597c       0x40 CMakeFiles/mbot_imu_test.dir/__/lib/pico-sdk/lib/tinyusb/src/portable/raspberrypi/rp2040/rp2040_usb.c.obj
                0x000000001000597c                _hw_endpoint_buffer_control_update32
 .text.hw_endpoint_xfer_start
                0x00000000100059bc      0x138 CMakeFiles/mbot_imu_test.dir/__/lib/pico-sdk/lib/tinyusb/src/portable/raspberrypi/rp2040/rp2040_usb.c.obj
                0x00000000100059bc                hw_endpoint_xfer_start
 .text.hw_endpoint_xfer_continue
                0x0000000010005af4      0x1e4 CMakeFiles/mbot_imu_test.dir/__/lib/pico-sdk/lib/tinyusb/src/portable/raspberrypi/rp2040/rp2040_usb.c.obj
                0x0000000010005af4                hw_endpoint_xfer_continue
 .text.tud_mounted
                0x0000000010005cd8       0x10 CMakeFiles/mbot_imu_test.dir/__/lib/pico-sdk/lib/tinyusb/src/device/usbd.c.obj
                0x0000000010005cd8                tud_mounted
 .text.tud_suspended
                0x0000000010005ce8       0x10 CMakeFiles/mbot_imu_test.dir/__/lib/pico-sdk/lib/tinyusb/src/device/usbd.c.obj
                0x0000000010005ce8                tud_suspended
 .text.tud_inited
                0x0000000010005cf8        0xc CMakeFiles/mbot_imu_test.dir/__/lib/pico-sdk/lib/tinyusb/src/device/usbd.c.obj
                0x0000000010005cf8                tud_inited
 .text.tud_init
                0x0000000010005d04       0xd8 CMakeFiles/mbot_imu_test.dir/__/lib/pico-sdk/lib/tinyusb/src/device/usbd.c.obj
                0x0000000010005d04                tud_init
 .text.tud_task
                0x0000000010005ddc      0x8ec CMakeFiles/mbot_imu_test.dir/__/lib/pico-sdk/lib/tinyusb/src/device/usbd.c.obj
                0x0000000010005ddc                tud_task
 .text.dcd_event_bus_signal
                0x00000000100066c8      0x120 CMakeFiles/mbot_imu_test.dir/__/lib/pico-sdk/lib/tinyusb/src/device/usbd.c.obj
                0x00000000100066c8                dcd_event_bus_signal
 .text.dcd_event_bus_reset
                0x00000000100067e8       0x54 CMakeFiles/mbot_imu_test.dir/__/lib/pico-sdk/lib/tinyusb/src/device/usbd.c.obj
                0x00000000100067e8                dcd_event_bus_reset
 .text.dcd_event_setup_received
                0x000000001000683c       0x50 CMakeFiles/mbot_imu_test.dir/__/lib/pico-sdk/lib/tinyusb/src/device/usbd.c.obj
                0x000000001000683c                dcd_event_setup_received
 .text.dcd_event_xfer_complete
                0x000000001000688c       0x68 CMakeFiles/mbot_imu_test.dir/__/lib/pico-sdk/lib/tinyusb/src/device/usbd.c.obj
                0x000000001000688c                dcd_event_xfer_complete
 .text.usbd_open_edpt_pair
                0x00000000100068f4       0x80 CMakeFiles/mbot_imu_test.dir/__/lib/pico-sdk/lib/tinyusb/src/device/usbd.c.obj
                0x00000000100068f4                usbd_open_edpt_pair
 .text.usbd_edpt_open
                0x0000000010006974       0x30 CMakeFiles/mbot_imu_test.dir/__/lib/pico-sdk/lib/tinyusb/src/device/usbd.c.obj
                0x0000000010006974                usbd_edpt_open
 .text.usbd_edpt_claim
                0x00000000100069a4       0x64 CMakeFiles/mbot_imu_test.dir/__/lib/pico-sdk/lib/tinyusb/src/device/usbd.c.obj
                0x00000000100069a4                usbd_edpt_claim
 .text.usbd_edpt_release
                0x0000000010006a08       0x4c CMakeFiles/mbot_imu_test.dir/__/lib/pico-sdk/lib/tinyusb/src/device/usbd.c.obj
                0x0000000010006a08                usbd_edpt_release
 .text.usbd_edpt_xfer
                0x0000000010006a54       0x48 CMakeFiles/mbot_imu_test.dir/__/lib/pico-sdk/lib/tinyusb/src/device/usbd.c.obj
                0x0000000010006a54                usbd_edpt_xfer
 .text.tud_control_status
                0x0000000010006a9c       0x30 CMakeFiles/mbot_imu_test.dir/__/lib/pico-sdk/lib/tinyusb/src/device/usbd_control.c.obj
                0x0000000010006a9c                tud_control_status
 .text.tud_control_xfer
                0x0000000010006acc       0xb8 CMakeFiles/mbot_imu_test.dir/__/lib/pico-sdk/lib/tinyusb/src/device/usbd_control.c.obj
                0x0000000010006acc                tud_control_xfer
 .text.usbd_control_reset
                0x0000000010006b84       0x14 CMakeFiles/mbot_imu_test.dir/__/lib/pico-sdk/lib/tinyusb/src/device/usbd_control.c.obj
                0x0000000010006b84                usbd_control_reset
 .text.usbd_control_set_complete_callback
                0x0000000010006b98        0xc CMakeFiles/mbot_imu_test.dir/__/lib/pico-sdk/lib/tinyusb/src/device/usbd_control.c.obj
                0x0000000010006b98                usbd_control_set_complete_callback
 .text.usbd_control_set_request
                0x0000000010006ba4       0x1c CMakeFiles/mbot_imu_test.dir/__/lib/pico-sdk/lib/tinyusb/src/device/usbd_control.c.obj
                0x0000000010006ba4                usbd_control_set_request
 .text.usbd_control_xfer_cb
                0x0000000010006bc0       0xf8 CMakeFiles/mbot_imu_test.dir/__/lib/pico-sdk/lib/tinyusb/src/device/usbd_control.c.obj
                0x0000000010006bc0                usbd_control_xfer_cb
 .text.tud_cdc_n_connected
                0x0000000010006cb8       0x30 CMakeFiles/mbot_imu_test.dir/__/lib/pico-sdk/lib/tinyusb/src/class/cdc/cdc_device.c.obj
                0x0000000010006cb8                tud_cdc_n_connected
 .text.tud_cdc_n_available
                0x0000000010006ce8       0x1c CMakeFiles/mbot_imu_test.dir/__/lib/pico-sdk/lib/tinyusb/src/class/cdc/cdc_device.c.obj
                0x0000000010006ce8                tud_cdc_n_available
 .text.tud_cdc_n_read
                0x0000000010006d04       0x7c CMakeFiles/mbot_imu_test.dir/__/lib/pico-sdk/lib/tinyusb/src/class/cdc/cdc_device.c.obj
                0x0000000010006d04                tud_cdc_n_read
 .text.tud_cdc_n_write_flush
                0x0000000010006d80       0x7c CMakeFiles/mbot_imu_test.dir/__/lib/pico-sdk/lib/tinyusb/src/class/cdc/cdc_device.c.obj
                0x0000000010006d80                tud_cdc_n_write_flush
 .text.tud_cdc_n_write
                0x0000000010006dfc       0x38 CMakeFiles/mbot_imu_test.dir/__/lib/pico-sdk/lib/tinyusb/src/class/cdc/cdc_device.c.obj
                0x0000000010006dfc                tud_cdc_n_write
 .text.tud_cdc_n_write_available
                0x0000000010006e34       0x1c CMakeFiles/mbot_imu_test.dir/__/lib/pico-sdk/lib/tinyusb/src/class/cdc/cdc_device.c.obj
                0x0000000010006e34                tud_cdc_n_write_available
 .text.cdcd_init
                0x0000000010006e50      0x130 CMakeFiles/mbot_imu_test.dir/__/lib/pico-sdk/lib/tinyusb/src/class/cdc/cdc_device.c.obj
                0x0000000010006e50                cdcd_init
 .text.cdcd_reset
                0x0000000010006f80       0x64 CMakeFiles/mbot_imu_test.dir/__/lib/pico-sdk/lib/tinyusb/src/class/cdc/cdc_device.c.obj
                0x0000000010006f80                cdcd_reset
 .text.cdcd_open
                0x0000000010006fe4      0x144 CMakeFiles/mbot_imu_test.dir/__/lib/pico-sdk/lib/tinyusb/src/class/cdc/cdc_device.c.obj
                0x0000000010006fe4                cdcd_open
 .text.cdcd_control_xfer_cb
                0x0000000010007128       0xfc CMakeFiles/mbot_imu_test.dir/__/lib/pico-sdk/lib/tinyusb/src/class/cdc/cdc_device.c.obj
                0x0000000010007128                cdcd_control_xfer_cb
 .text.cdcd_xfer_cb
                0x0000000010007224      0x184 CMakeFiles/mbot_imu_test.dir/__/lib/pico-sdk/lib/tinyusb/src/class/cdc/cdc_device.c.obj
                0x0000000010007224                cdcd_xfer_cb
 .text.tusb_init
                0x00000000100073a8        0xc CMakeFiles/mbot_imu_test.dir/__/lib/pico-sdk/lib/tinyusb/src/tusb.c.obj
                0x00000000100073a8                tusb_init
 .text.tusb_inited
                0x00000000100073b4        0x8 CMakeFiles/mbot_imu_test.dir/__/lib/pico-sdk/lib/tinyusb/src/tusb.c.obj
                0x00000000100073b4                tusb_inited
 .text.tu_edpt_validate
                0x00000000100073bc       0x78 CMakeFiles/mbot_imu_test.dir/__/lib/pico-sdk/lib/tinyusb/src/tusb.c.obj
                0x00000000100073bc                tu_edpt_validate
 .text.tu_edpt_bind_driver
                0x0000000010007434       0x2c CMakeFiles/mbot_imu_test.dir/__/lib/pico-sdk/lib/tinyusb/src/tusb.c.obj
                0x0000000010007434                tu_edpt_bind_driver
 .text.tu_fifo_config
                0x0000000010007460       0x78 CMakeFiles/mbot_imu_test.dir/__/lib/pico-sdk/lib/tinyusb/src/common/tusb_fifo.c.obj
                0x0000000010007460                tu_fifo_config
 .text.tu_fifo_count
                0x00000000100074d8       0x20 CMakeFiles/mbot_imu_test.dir/__/lib/pico-sdk/lib/tinyusb/src/common/tusb_fifo.c.obj
                0x00000000100074d8                tu_fifo_count
 .text.tu_fifo_empty
                0x00000000100074f8       0x10 CMakeFiles/mbot_imu_test.dir/__/lib/pico-sdk/lib/tinyusb/src/common/tusb_fifo.c.obj
                0x00000000100074f8                tu_fifo_empty
 .text.tu_fifo_remaining
                0x0000000010007508       0x1c CMakeFiles/mbot_imu_test.dir/__/lib/pico-sdk/lib/tinyusb/src/common/tusb_fifo.c.obj
                0x0000000010007508                tu_fifo_remaining
 .text.tu_fifo_read
                0x0000000010007524       0x9c CMakeFiles/mbot_imu_test.dir/__/lib/pico-sdk/lib/tinyusb/src/common/tusb_fifo.c.obj
                0x0000000010007524                tu_fifo_read
 .text.tu_fifo_read_n
                0x00000000100075c0      0x100 CMakeFiles/mbot_imu_test.dir/__/lib/pico-sdk/lib/tinyusb/src/common/tusb_fifo.c.obj
                0x00000000100075c0                tu_fifo_read_n
 .text.tu_fifo_write
                0x00000000100076c0       0x7c CMakeFiles/mbot_imu_test.dir/__/lib/pico-sdk/lib/tinyusb/src/common/tusb_fifo.c.obj
                0x00000000100076c0                tu_fifo_write
 .text.tu_fifo_write_n
                0x000000001000773c       0xf8 CMakeFiles/mbot_imu_test.dir/__/lib/pico-sdk/lib/tinyusb/src/common/tusb_fifo.c.obj
                0x000000001000773c                tu_fifo_write_n
 .text.tu_fifo_clear
                0x0000000010007834       0x4c CMakeFiles/mbot_imu_test.dir/__/lib/pico-sdk/lib/tinyusb/src/common/tusb_fifo.c.obj
                0x0000000010007834                tu_fifo_clear
 .text.tu_fifo_set_overwritable
                0x0000000010007880       0x3c CMakeFiles/mbot_imu_test.dir/__/lib/pico-sdk/lib/tinyusb/src/common/tusb_fifo.c.obj
                0x0000000010007880                tu_fifo_set_overwritable
 .text.startup._retrieve_unique_id_on_boot
                0x00000000100078bc       0x10 CMakeFiles/mbot_imu_test.dir/__/lib/pico-sdk/src/rp2_common/pico_unique_id/unique_id.c.obj
 .text.pico_get_unique_board_id_string
                0x00000000100078cc      0x1bc CMakeFiles/mbot_imu_test.dir/__/lib/pico-sdk/src/rp2_common/pico_unique_id/unique_id.c.obj
                0x00000000100078cc                pico_get_unique_board_id_string
 .text.flash_get_unique_id
                0x0000000010007a88       0x40 CMakeFiles/mbot_imu_test.dir/__/lib/pico-sdk/src/rp2_common/hardware_flash/flash.c.obj
                0x0000000010007a88                flash_get_unique_id
 .text.i2c_set_baudrate
                0x0000000010007ac8       0xc4 CMakeFiles/mbot_imu_test.dir/__/lib/pico-sdk/src/rp2_common/hardware_i2c/i2c.c.obj
                0x0000000010007ac8                i2c_set_baudrate
 .text.i2c_init
                0x0000000010007b8c       0x54 CMakeFiles/mbot_imu_test.dir/__/lib/pico-sdk/src/rp2_common/hardware_i2c/i2c.c.obj
                0x0000000010007b8c                i2c_init
 .text.i2c_write_blocking
                0x0000000010007be0       0xd8 CMakeFiles/mbot_imu_test.dir/__/lib/pico-sdk/src/rp2_common/hardware_i2c/i2c.c.obj
                0x0000000010007be0                i2c_write_blocking
 .text.i2c_read_blocking
                0x0000000010007cb8       0x9c CMakeFiles/mbot_imu_test.dir/__/lib/pico-sdk/src/rp2_common/hardware_i2c/i2c.c.obj
                0x0000000010007cb8                i2c_read_blocking
 .text._sensors_callback_quaternion
                0x0000000010007d54       0x78 ../mbot/libmbotlib.a(imu.c.obj)
 .text._sensors_callback_orientation
                0x0000000010007dcc       0x5c ../mbot/libmbotlib.a(imu.c.obj)
 .text._sensors_callback_accel
                0x0000000010007e28       0x54 ../mbot/libmbotlib.a(imu.c.obj)
 .text._sensors_callback_gyro
                0x0000000010007e7c       0x50 ../mbot/libmbotlib.a(imu.c.obj)
 .text._sensors_callback_mag
                0x0000000010007ecc       0x50 ../mbot/libmbotlib.a(imu.c.obj)
 .text._imu_callback
                0x0000000010007f1c       0xb8 ../mbot/libmbotlib.a(imu.c.obj)
                0x0000000010007f1c                _imu_callback
 .text.mbot_imu_default_config
                0x0000000010007fd4       0x1c ../mbot/libmbotlib.a(imu.c.obj)
                0x0000000010007fd4                mbot_imu_default_config
 .text.mbot_imu_init
                0x0000000010007ff0      0x2a0 ../mbot/libmbotlib.a(imu.c.obj)
                0x0000000010007ff0                mbot_imu_init
 .text.mbot_imu_print
                0x0000000010008290      0x194 ../mbot/libmbotlib.a(imu.c.obj)
                0x0000000010008290                mbot_imu_print
 .text.sensor_i2c_write
                0x0000000010008424       0x60 ../mbot/libmbotlib.a(imu.c.obj)
                0x0000000010008424                sensor_i2c_write
 .text.sensor_i2c_read
                0x0000000010008484       0x4c ../mbot/libmbotlib.a(imu.c.obj)
                0x0000000010008484                sensor_i2c_read
 .text.bhy_write_parameter_page.constprop.0
                0x00000000100084d0       0x94 ../mbot/libmbotlib.a(bhy_uc_driver.c.obj)
 .text.bhy_driver_init
                0x0000000010008564       0x34 ../mbot/libmbotlib.a(bhy_uc_driver.c.obj)
                0x0000000010008564                bhy_driver_init
 .text.bhy_enable_virtual_sensor
                0x0000000010008598       0xa8 ../mbot/libmbotlib.a(bhy_uc_driver.c.obj)
                0x0000000010008598                bhy_enable_virtual_sensor
 .text.bhy_read_fifo
                0x0000000010008640       0xb4 ../mbot/libmbotlib.a(bhy_uc_driver.c.obj)
                0x0000000010008640                bhy_read_fifo
 .text.bhy_parse_next_fifo_packet
                0x00000000100086f4      0x388 ../mbot/libmbotlib.a(bhy_uc_driver.c.obj)
                0x00000000100086f4                bhy_parse_next_fifo_packet
 .text.bhy_write_parameter_page
                0x0000000010008a7c       0xb0 ../mbot/libmbotlib.a(bhy_uc_driver.c.obj)
                0x0000000010008a7c                bhy_write_parameter_page
 .text.bhy_mapping_matrix_set
                0x0000000010008b2c      0x184 ../mbot/libmbotlib.a(bhy_uc_driver.c.obj)
                0x0000000010008b2c                bhy_mapping_matrix_set
 .text.bhy_set_sic_matrix
                0x0000000010008cb0       0x54 ../mbot/libmbotlib.a(bhy_uc_driver.c.obj)
                0x0000000010008cb0                bhy_set_sic_matrix
 .text.bhy_install_sensor_callback
                0x0000000010008d04       0x34 ../mbot/libmbotlib.a(bhy_uc_driver.c.obj)
                0x0000000010008d04                bhy_install_sensor_callback
 .text.bhy_init
                0x0000000010008d38       0x30 ../mbot/libmbotlib.a(bhy.c.obj)
                0x0000000010008d38                bhy_init
 .text.bhy_write_reg
                0x0000000010008d68       0x24 ../mbot/libmbotlib.a(bhy.c.obj)
                0x0000000010008d68                bhy_write_reg
 .text.bhy_read_reg
                0x0000000010008d8c       0x24 ../mbot/libmbotlib.a(bhy.c.obj)
                0x0000000010008d8c                bhy_read_reg
 .text.bhy_set_fifo_flush
                0x0000000010008db0       0x44 ../mbot/libmbotlib.a(bhy.c.obj)
                0x0000000010008db0                bhy_set_fifo_flush
 .text.bhy_read_bytes_remaining
                0x0000000010008df4       0x38 ../mbot/libmbotlib.a(bhy.c.obj)
                0x0000000010008df4                bhy_read_bytes_remaining
 .text.bhy_get_parameter_acknowledge
                0x0000000010008e2c       0x34 ../mbot/libmbotlib.a(bhy.c.obj)
                0x0000000010008e2c                bhy_get_parameter_acknowledge
 .text.bhy_set_parameter_request
                0x0000000010008e60       0x28 ../mbot/libmbotlib.a(bhy.c.obj)
                0x0000000010008e60                bhy_set_parameter_request
 .text.bhy_get_product_id
                0x0000000010008e88       0x34 ../mbot/libmbotlib.a(bhy.c.obj)
                0x0000000010008e88                bhy_get_product_id
 .text.bhy_set_reset_request
                0x0000000010008ebc       0x28 ../mbot/libmbotlib.a(bhy.c.obj)
                0x0000000010008ebc                bhy_set_reset_request
 .text.bhy_initialize_from_rom
                0x0000000010008ee4      0x2e8 ../mbot/libmbotlib.a(bhy.c.obj)
                0x0000000010008ee4                bhy_initialize_from_rom
 .text.bhy_write_parameter_bytes
                0x00000000100091cc       0xfc ../mbot/libmbotlib.a(bhy.c.obj)
                0x00000000100091cc                bhy_write_parameter_bytes
 .text.bhy_set_non_wakeup_sensor_configuration
                0x00000000100092c8       0x20 ../mbot/libmbotlib.a(bhy.c.obj)
                0x00000000100092c8                bhy_set_non_wakeup_sensor_configuration
 .text.bhy_set_wakeup_sensor_configuration
                0x00000000100092e8       0x20 ../mbot/libmbotlib.a(bhy.c.obj)
                0x00000000100092e8                bhy_set_wakeup_sensor_configuration
 .text.bhy_delay_msec
                0x0000000010009308        0x8 ../mbot/libmbotlib.a(bhy_support.c.obj)
                0x0000000010009308                bhy_delay_msec
 .text.bhy_initialize_support
                0x0000000010009310       0x58 ../mbot/libmbotlib.a(bhy_support.c.obj)
                0x0000000010009310                bhy_initialize_support
 .text          0x0000000010009368       0x68 /usr/lib/gcc/arm-none-eabi/9.2.1/../../../arm-none-eabi/lib/thumb/v6-m/nofp/libc.a(lib_a-strlen-stub.o)
                0x0000000010009368                strlen
 *(.fini)
 .fini          0x00000000100093d0        0x4 /usr/lib/gcc/arm-none-eabi/9.2.1/thumb/v6-m/nofp/crti.o
                0x00000000100093d0                _fini
 *fill*         0x00000000100093d4        0x4 
 .fini.__stub   0x00000000100093d8       0x70 linker stubs
 *crtbegin.o(.ctors)
 *crtbegin?.o(.ctors)
 *(EXCLUDE_FILE(*crtend.o *crtend?.o) .ctors)
 *(SORT_BY_NAME(.ctors.*))
 *(.ctors)
 *crtbegin.o(.dtors)
 *crtbegin?.o(.dtors)
 *(EXCLUDE_FILE(*crtend.o *crtend?.o) .dtors)
 *(SORT_BY_NAME(.dtors.*))
 *(.dtors)
 *(.eh_frame*)
 .eh_frame      0x0000000010009448        0x0 /usr/lib/gcc/arm-none-eabi/9.2.1/thumb/v6-m/nofp/crtbegin.o
                0x0000000010009448                . = ALIGN (0x4)

.glue_7         0x0000000010009448        0x0
 .glue_7        0x0000000010009448        0x0 linker stubs

.glue_7t        0x0000000010009448        0x0
 .glue_7t       0x0000000010009448        0x0 linker stubs

.vfp11_veneer   0x0000000010009448        0x0
 .vfp11_veneer  0x0000000010009448        0x0 linker stubs

.v4_bx          0x0000000010009448        0x0
 .v4_bx         0x0000000010009448        0x0 linker stubs

.iplt           0x0000000010009448        0x0
 .iplt          0x0000000010009448        0x0 /usr/lib/gcc/arm-none-eabi/9.2.1/thumb/v6-m/nofp/crtbegin.o

.rodata         0x0000000010009448     0x6000
 *(EXCLUDE_FILE(*libm.a: *libc.a:*lib_a-mem*.o *libgcc.a:) .rodata*)
 .rodata.main.str1.4
                0x0000000010009448       0x4a CMakeFiles/mbot_imu_test.dir/mbot_imu_test.c.obj
 *fill*         0x0000000010009492        0x2 
 .rodata.str1.4
                0x0000000010009494       0x1c CMakeFiles/mbot_imu_test.dir/mbot_imu_test.c.obj
 .rodata.__bi_19.7068
                0x00000000100094b0        0xc CMakeFiles/mbot_imu_test.dir/mbot_imu_test.c.obj
 .rodata.spin_lock_claim_unused.str1.4
                0x00000000100094bc       0x1b CMakeFiles/mbot_imu_test.dir/__/lib/pico-sdk/src/rp2_common/hardware_sync/sync.c.obj
 *fill*         0x00000000100094d7        0x1 
 .rodata.user_irq_claim_unused.str1.4
                0x00000000100094d8       0x1b CMakeFiles/mbot_imu_test.dir/__/lib/pico-sdk/src/rp2_common/hardware_irq/irq.c.obj
 *fill*         0x00000000100094f3        0x1 
 .rodata.hardware_alarm_claim.str1.4
                0x00000000100094f4       0x22 CMakeFiles/mbot_imu_test.dir/__/lib/pico-sdk/src/rp2_common/hardware_timer/timer.c.obj
 *fill*         0x0000000010009516        0x2 
 .rodata.panic.str1.4
                0x0000000010009518       0x10 CMakeFiles/mbot_imu_test.dir/__/lib/pico-sdk/src/rp2_common/pico_runtime/runtime.c.obj
                                         0x12 (size before relaxing)
 .rodata.hard_assertion_failure.str1.4
                0x0000000010009528        0xc CMakeFiles/mbot_imu_test.dir/__/lib/pico-sdk/src/rp2_common/pico_runtime/runtime.c.obj
 .rodata._ftoa.str1.4
                0x0000000010009534       0x15 CMakeFiles/mbot_imu_test.dir/__/lib/pico-sdk/src/rp2_common/pico_printf/printf.c.obj
 *fill*         0x0000000010009549        0x3 
 .rodata._vsnprintf
                0x000000001000954c      0x1e0 CMakeFiles/mbot_imu_test.dir/__/lib/pico-sdk/src/rp2_common/pico_printf/printf.c.obj
 *fill*         0x000000001000972c        0x4 
 .rodata.pow10.5444
                0x0000000010009730       0x50 CMakeFiles/mbot_imu_test.dir/__/lib/pico-sdk/src/rp2_common/pico_printf/printf.c.obj
 .rodata.str1.4
                0x0000000010009780       0x44 CMakeFiles/mbot_imu_test.dir/__/lib/pico-sdk/src/rp2_common/pico_standard_link/binary_info.c.obj
 .rodata.__bi_44
                0x00000000100097c4        0xc CMakeFiles/mbot_imu_test.dir/__/lib/pico-sdk/src/rp2_common/pico_standard_link/binary_info.c.obj
 .rodata.__bi_75
                0x00000000100097d0        0xc CMakeFiles/mbot_imu_test.dir/__/lib/pico-sdk/src/rp2_common/pico_standard_link/binary_info.c.obj
 .rodata.__bi_81
                0x00000000100097dc        0xc CMakeFiles/mbot_imu_test.dir/__/lib/pico-sdk/src/rp2_common/pico_standard_link/binary_info.c.obj
 .rodata.crlf_str.5921
                0x00000000100097e8        0x2 CMakeFiles/mbot_imu_test.dir/__/lib/pico-sdk/src/rp2_common/pico_stdio/stdio.c.obj
 *fill*         0x00000000100097ea        0x2 
 .rodata._resetd_driver
                0x00000000100097ec       0x18 CMakeFiles/mbot_imu_test.dir/__/lib/pico-sdk/src/rp2_common/pico_stdio_usb/reset_interface.c.obj
 .rodata.str1.4
                0x0000000010009804       0x13 CMakeFiles/mbot_imu_test.dir/__/lib/pico-sdk/src/rp2_common/pico_stdio_usb/stdio_usb.c.obj
 *fill*         0x0000000010009817        0x1 
 .rodata.__bi_167.7237
                0x0000000010009818        0xc CMakeFiles/mbot_imu_test.dir/__/lib/pico-sdk/src/rp2_common/pico_stdio_usb/stdio_usb.c.obj
 .rodata.str1.4
                0x0000000010009824       0x2e CMakeFiles/mbot_imu_test.dir/__/lib/pico-sdk/src/rp2_common/pico_stdio_usb/stdio_usb_descriptors.c.obj
 *fill*         0x0000000010009852        0x2 
 .rodata.usbd_desc_cfg
                0x0000000010009854       0x96 CMakeFiles/mbot_imu_test.dir/__/lib/pico-sdk/src/rp2_common/pico_stdio_usb/stdio_usb_descriptors.c.obj
 *fill*         0x00000000100098ea        0x2 
 .rodata.usbd_desc_device
                0x00000000100098ec       0x12 CMakeFiles/mbot_imu_test.dir/__/lib/pico-sdk/src/rp2_common/pico_stdio_usb/stdio_usb_descriptors.c.obj
 *fill*         0x00000000100098fe        0x2 
 .rodata.usbd_desc_str
                0x0000000010009900       0x18 CMakeFiles/mbot_imu_test.dir/__/lib/pico-sdk/src/rp2_common/pico_stdio_usb/stdio_usb_descriptors.c.obj
 .rodata.dcd_rp2040_irq.str1.4
                0x0000000010009918       0x14 CMakeFiles/mbot_imu_test.dir/__/lib/pico-sdk/lib/tinyusb/src/portable/raspberrypi/rp2040/dcd_rp2040.c.obj
 .rodata._hw_endpoint_buffer_control_update32.part.0.str1.4
                0x000000001000992c       0x1f CMakeFiles/mbot_imu_test.dir/__/lib/pico-sdk/lib/tinyusb/src/portable/raspberrypi/rp2040/rp2040_usb.c.obj
 *fill*         0x000000001000994b        0x1 
 .rodata.hw_endpoint_xfer_continue.str1.4
                0x000000001000994c       0x29 CMakeFiles/mbot_imu_test.dir/__/lib/pico-sdk/lib/tinyusb/src/portable/raspberrypi/rp2040/rp2040_usb.c.obj
 *fill*         0x0000000010009975        0x3 
 .rodata.str1.4
                0x0000000010009978        0x7 CMakeFiles/mbot_imu_test.dir/__/lib/pico-sdk/lib/tinyusb/src/portable/raspberrypi/rp2040/rp2040_usb.c.obj
 *fill*         0x000000001000997f        0x1 
 .rodata.tud_task
                0x0000000010009980       0x8c CMakeFiles/mbot_imu_test.dir/__/lib/pico-sdk/lib/tinyusb/src/device/usbd.c.obj
 .rodata._usbd_driver
                0x0000000010009a0c       0x18 CMakeFiles/mbot_imu_test.dir/__/lib/pico-sdk/lib/tinyusb/src/device/usbd.c.obj
 .rodata.mbot_imu_init.str1.4
                0x0000000010009a24       0xae ../mbot/libmbotlib.a(imu.c.obj)
 *fill*         0x0000000010009ad2        0x2 
 .rodata.mbot_imu_print.str1.4
                0x0000000010009ad4      0x1a8 ../mbot/libmbotlib.a(imu.c.obj)
 .rodata.sensor_i2c_write.str1.4
                0x0000000010009c7c       0x25 ../mbot/libmbotlib.a(imu.c.obj)
 *fill*         0x0000000010009ca1        0x3 
 .rodata        0x0000000010009ca4       0x3c ../mbot/libmbotlib.a(imu.c.obj)
 .rodata.bhy1_fw
                0x0000000010009ce0     0x5348 ../mbot/libmbotlib.a(imu.c.obj)
                0x0000000010009ce0                bhy1_fw
 .rodata.bhy_parse_next_fifo_packet
                0x000000001000f028      0x3fc ../mbot/libmbotlib.a(bhy_uc_driver.c.obj)
 .rodata.CSWTCH.92
                0x000000001000f424        0xc ../mbot/libmbotlib.a(bhy_uc_driver.c.obj)
 .rodata.bhy_initialize_from_rom.str1.4
                0x000000001000f430       0x15 ../mbot/libmbotlib.a(bhy.c.obj)
                0x000000001000f448                . = ALIGN (0x4)
 *fill*         0x000000001000f445        0x3 
 *(SORT_BY_ALIGNMENT(SORT_BY_NAME(.flashdata*)))
                0x000000001000f448                . = ALIGN (0x4)

.rel.dyn        0x000000001000f448        0x0
 .rel.iplt      0x000000001000f448        0x0 /usr/lib/gcc/arm-none-eabi/9.2.1/thumb/v6-m/nofp/crtbegin.o

.ARM.extab
 *(.ARM.extab* .gnu.linkonce.armextab.*)
                0x000000001000f448                __exidx_start = .

.ARM.exidx
 *(.ARM.exidx* .gnu.linkonce.armexidx.*)
                0x000000001000f448                __exidx_end = .
                0x000000001000f448                . = ALIGN (0x4)
                0x000000001000f448                __binary_info_start = .

.binary_info    0x000000001000f448       0x24
 *(.binary_info.keep.*)
 .binary_info.keep.__bi_ptr19
                0x000000001000f448        0x4 CMakeFiles/mbot_imu_test.dir/mbot_imu_test.c.obj
 .binary_info.keep.__bi_ptr22
                0x000000001000f44c        0x4 CMakeFiles/mbot_imu_test.dir/__/lib/pico-sdk/src/rp2_common/pico_standard_link/binary_info.c.obj
 .binary_info.keep.__bi_ptr30
                0x000000001000f450        0x4 CMakeFiles/mbot_imu_test.dir/__/lib/pico-sdk/src/rp2_common/pico_standard_link/binary_info.c.obj
 .binary_info.keep.__bi_ptr38
                0x000000001000f454        0x4 CMakeFiles/mbot_imu_test.dir/__/lib/pico-sdk/src/rp2_common/pico_standard_link/binary_info.c.obj
 .binary_info.keep.__bi_ptr44
                0x000000001000f458        0x4 CMakeFiles/mbot_imu_test.dir/__/lib/pico-sdk/src/rp2_common/pico_standard_link/binary_info.c.obj
 .binary_info.keep.__bi_ptr50
                0x000000001000f45c        0x4 CMakeFiles/mbot_imu_test.dir/__/lib/pico-sdk/src/rp2_common/pico_standard_link/binary_info.c.obj
 .binary_info.keep.__bi_ptr75
                0x000000001000f460        0x4 CMakeFiles/mbot_imu_test.dir/__/lib/pico-sdk/src/rp2_common/pico_standard_link/binary_info.c.obj
 .binary_info.keep.__bi_ptr81
                0x000000001000f464        0x4 CMakeFiles/mbot_imu_test.dir/__/lib/pico-sdk/src/rp2_common/pico_standard_link/binary_info.c.obj
 *(.binary_info.*)
 .binary_info.__bi_ptr167
                0x000000001000f468        0x4 CMakeFiles/mbot_imu_test.dir/__/lib/pico-sdk/src/rp2_common/pico_stdio_usb/stdio_usb.c.obj
                0x000000001000f46c                __binary_info_end = .
                0x000000001000f46c                . = ALIGN (0x4)
                0x000000001000f46c                __etext = .

.ram_vector_table
                0x0000000020000000       0xc0
 *(.ram_vector_table)
 .ram_vector_table
                0x0000000020000000       0xc0 CMakeFiles/mbot_imu_test.dir/__/lib/pico-sdk/src/rp2_common/pico_runtime/runtime.c.obj
                0x0000000020000000                ram_vector_table

.data           0x00000000200000c0      0x3e4 load address 0x000000001000f46c
                0x00000000200000c0                __data_start__ = .
 *(vtable)
 *(.time_critical*)
 .time_critical.mutex_enter_blocking
                0x00000000200000c0       0x48 CMakeFiles/mbot_imu_test.dir/__/lib/pico-sdk/src/common/pico_sync/mutex.c.obj
                0x00000000200000c0                mutex_enter_blocking
 .time_critical.mutex_try_enter
                0x0000000020000108       0x48 CMakeFiles/mbot_imu_test.dir/__/lib/pico-sdk/src/common/pico_sync/mutex.c.obj
                0x0000000020000108                mutex_try_enter
 .time_critical.mutex_enter_timeout_ms
                0x0000000020000150       0x98 CMakeFiles/mbot_imu_test.dir/__/lib/pico-sdk/src/common/pico_sync/mutex.c.obj
                0x0000000020000150                mutex_enter_timeout_ms
 .time_critical.mutex_exit
                0x00000000200001e8       0x28 CMakeFiles/mbot_imu_test.dir/__/lib/pico-sdk/src/common/pico_sync/mutex.c.obj
                0x00000000200001e8                mutex_exit
 .time_critical.flash_init_boot2_copyout
                0x0000000020000210       0x30 CMakeFiles/mbot_imu_test.dir/__/lib/pico-sdk/src/rp2_common/hardware_flash/flash.c.obj
 .time_critical.flash_enable_xip_via_boot2
                0x0000000020000240       0x10 CMakeFiles/mbot_imu_test.dir/__/lib/pico-sdk/src/rp2_common/hardware_flash/flash.c.obj
 .time_critical.flash_cs_force
                0x0000000020000250       0x38 CMakeFiles/mbot_imu_test.dir/__/lib/pico-sdk/src/rp2_common/hardware_flash/flash.c.obj
 .time_critical.flash_do_cmd
                0x0000000020000288       0xc4 CMakeFiles/mbot_imu_test.dir/__/lib/pico-sdk/src/rp2_common/hardware_flash/flash.c.obj
                0x0000000020000288                flash_do_cmd
 *(.text*)
 .text          0x000000002000034c        0x4 /usr/lib/gcc/arm-none-eabi/9.2.1/thumb/v6-m/nofp/libgcc.a(_dvmd_tls.o)
                0x000000002000034c                __aeabi_ldiv0
                0x000000002000034c                __aeabi_idiv0
 .text.__stub   0x0000000020000350       0x30 linker stubs
                0x0000000020000380                . = ALIGN (0x4)
 *(.rodata*)
                0x0000000020000380                . = ALIGN (0x4)
 *(.data*)
 .data.striped_spin_lock_num
                0x0000000020000380        0x1 CMakeFiles/mbot_imu_test.dir/__/lib/pico-sdk/src/rp2_common/hardware_sync/sync.c.obj
 *fill*         0x0000000020000381        0x3 
 .data          0x0000000020000384       0x48 CMakeFiles/mbot_imu_test.dir/__/lib/pico-sdk/src/rp2_common/hardware_irq/irq_handler_chain.S.obj
                0x0000000020000384                irq_handler_chain_slots
                0x00000000200003b4                irq_handler_chain_first_slot
                0x00000000200003be                irq_handler_chain_remove_tail
 .data.default_alarm_pool
                0x00000000200003cc       0x18 CMakeFiles/mbot_imu_test.dir/__/lib/pico-sdk/src/common/pico_time/time.c.obj
 .data.default_alarm_pool_heap
                0x00000000200003e4       0x10 CMakeFiles/mbot_imu_test.dir/__/lib/pico-sdk/src/common/pico_time/time.c.obj
 *fill*         0x00000000200003f4        0xc 
 .data.aeabi_bits_funcs
                0x0000000020000400       0x10 CMakeFiles/mbot_imu_test.dir/__/lib/pico-sdk/src/rp2_common/pico_bit_ops/bit_ops_aeabi.S.obj
                0x0000000020000400                aeabi_bits_funcs
                0x0000000020000410                aeabi_bits_funcs_end
 .data.aeabi_mem_funcs
                0x0000000020000410       0x10 CMakeFiles/mbot_imu_test.dir/__/lib/pico-sdk/src/rp2_common/pico_mem_ops/mem_ops_aeabi.S.obj
                0x0000000020000410                aeabi_mem_funcs
                0x0000000020000420                aeabi_mem_funcs_end
 .data.stdio_usb
                0x0000000020000420       0x14 CMakeFiles/mbot_imu_test.dir/__/lib/pico-sdk/src/rp2_common/pico_stdio_usb/stdio_usb.c.obj
                0x0000000020000420                stdio_usb
 .data.ep_dir_string
                0x0000000020000434        0x8 CMakeFiles/mbot_imu_test.dir/__/lib/pico-sdk/lib/tinyusb/src/portable/raspberrypi/rp2040/rp2040_usb.c.obj
                0x0000000020000434                ep_dir_string
 .data._usbd_qdef
                0x000000002000043c       0x24 CMakeFiles/mbot_imu_test.dir/__/lib/pico-sdk/lib/tinyusb/src/device/usbd.c.obj
                0x000000002000043c                _usbd_qdef
 .data.i2c0_inst
                0x0000000020000460        0x8 CMakeFiles/mbot_imu_test.dir/__/lib/pico-sdk/src/rp2_common/hardware_i2c/i2c.c.obj
                0x0000000020000460                i2c0_inst
 .data._fifoSizes
                0x0000000020000468       0x11 ../mbot/libmbotlib.a(bhy_uc_driver.c.obj)
                0x0000000020000468                _fifoSizes
                0x000000002000047c                . = ALIGN (0x4)
 *fill*         0x0000000020000479        0x3 
 *(.after_data.*)
                0x000000002000047c                . = ALIGN (0x4)
                0x000000002000047c                PROVIDE (__mutex_array_start = .)
 *(SORT_BY_NAME(.mutex_array.*))
 *(.mutex_array)
 .mutex_array   0x000000002000047c        0x8 CMakeFiles/mbot_imu_test.dir/__/lib/pico-sdk/src/rp2_common/pico_malloc/pico_malloc.c.obj
 .mutex_array   0x0000000020000484        0x8 CMakeFiles/mbot_imu_test.dir/__/lib/pico-sdk/src/rp2_common/pico_stdio/stdio.c.obj
                0x000000002000048c                PROVIDE (__mutex_array_end = .)
                0x000000002000048c                . = ALIGN (0x4)
                0x000000002000048c                PROVIDE (__preinit_array_start = .)
 *(SORT_BY_NAME(.preinit_array.*))
 .preinit_array.00001
                0x000000002000048c        0x4 CMakeFiles/mbot_imu_test.dir/__/lib/pico-sdk/src/rp2_common/pico_mem_ops/mem_ops_aeabi.S.obj
 .preinit_array.00010
                0x0000000020000490        0x4 CMakeFiles/mbot_imu_test.dir/__/lib/pico-sdk/src/rp2_common/pico_bit_ops/bit_ops_aeabi.S.obj
 .preinit_array.00020
                0x0000000020000494        0x4 CMakeFiles/mbot_imu_test.dir/__/lib/pico-sdk/src/rp2_common/pico_double/double_aeabi.S.obj
 .preinit_array.00020
                0x0000000020000498        0x4 CMakeFiles/mbot_imu_test.dir/__/lib/pico-sdk/src/rp2_common/pico_float/float_aeabi.S.obj
 *(.preinit_array)
                0x000000002000049c                PROVIDE (__preinit_array_end = .)
                0x000000002000049c                . = ALIGN (0x4)
                0x000000002000049c                PROVIDE (__init_array_start = .)
 *(SORT_BY_NAME(.init_array.*))
 *(.init_array)
 .init_array    0x000000002000049c        0x4 /usr/lib/gcc/arm-none-eabi/9.2.1/thumb/v6-m/nofp/crtbegin.o
 .init_array    0x00000000200004a0        0x4 CMakeFiles/mbot_imu_test.dir/__/lib/pico-sdk/src/rp2_common/pico_unique_id/unique_id.c.obj
                0x00000000200004a4                PROVIDE (__init_array_end = .)
                0x00000000200004a4                . = ALIGN (0x4)
                0x00000000200004a4                PROVIDE (__fini_array_start = .)
 *(SORT_BY_NAME(.fini_array.*))
 *(.fini_array)
                0x00000000200004a4                PROVIDE (__fini_array_end = .)
 *(.jcr)
                0x00000000200004a4                . = ALIGN (0x4)
                0x00000000200004a4                __data_end__ = .

.tm_clone_table
                0x00000000200004a4        0x0 load address 0x000000001000f850
 .tm_clone_table
                0x00000000200004a4        0x0 /usr/lib/gcc/arm-none-eabi/9.2.1/thumb/v6-m/nofp/crtbegin.o
 .tm_clone_table
                0x00000000200004a4        0x0 /usr/lib/gcc/arm-none-eabi/9.2.1/thumb/v6-m/nofp/crtend.o

.igot.plt       0x00000000200004a4        0x0 load address 0x000000001000f850
 .igot.plt      0x00000000200004a4        0x0 /usr/lib/gcc/arm-none-eabi/9.2.1/thumb/v6-m/nofp/crtbegin.o

.uninitialized_data
                0x00000000200004a4        0x0 load address 0x000000001000f850
                0x00000000200004a4                . = ALIGN (0x4)
 *(.uninitialized_data*)

.scratch_x      0x0000000020040000        0x0 load address 0x000000001000f850
                0x0000000020040000                __scratch_x_start__ = .
 *(.scratch_x.*)
                0x0000000020040000                . = ALIGN (0x4)
                0x0000000020040000                __scratch_x_end__ = .
                0x000000001000f850                __scratch_x_source__ = LOADADDR (.scratch_x)

.scratch_y      0x0000000020041000        0x0 load address 0x000000001000f850
                0x0000000020041000                __scratch_y_start__ = .
 *(.scratch_y.*)
                0x0000000020041000                . = ALIGN (0x4)
                0x0000000020041000                __scratch_y_end__ = .
                0x000000001000f850                __scratch_y_source__ = LOADADDR (.scratch_y)

.bss            0x00000000200004a8     0x1e00
                0x00000000200004a8                . = ALIGN (0x4)
                0x00000000200004a8                __bss_start__ = .
 *(SORT_BY_ALIGNMENT(SORT_BY_NAME(.bss*)))
 .bss.default_alarm_pool_entries
                0x00000000200004a8      0x100 CMakeFiles/mbot_imu_test.dir/__/lib/pico-sdk/src/common/pico_time/time.c.obj
 .bss.last_avail_time.7194
                0x00000000200005a8        0x8 CMakeFiles/mbot_imu_test.dir/__/lib/pico-sdk/src/rp2_common/pico_stdio_usb/stdio_usb.c.obj
 .bss           0x00000000200005b0       0x1c /usr/lib/gcc/arm-none-eabi/9.2.1/thumb/v6-m/nofp/crtbegin.o
 .bss._app_driver
                0x00000000200005cc        0x4 CMakeFiles/mbot_imu_test.dir/__/lib/pico-sdk/lib/tinyusb/src/device/usbd.c.obj
 .bss._cdcd_itf
                0x00000000200005d0     0x10b0 CMakeFiles/mbot_imu_test.dir/__/lib/pico-sdk/lib/tinyusb/src/class/cdc/cdc_device.c.obj
 .bss._ctrl_xfer
                0x0000000020001680       0x14 CMakeFiles/mbot_imu_test.dir/__/lib/pico-sdk/lib/tinyusb/src/device/usbd_control.c.obj
 .bss._ubsd_mutexdef
                0x0000000020001694        0x8 CMakeFiles/mbot_imu_test.dir/__/lib/pico-sdk/lib/tinyusb/src/device/usbd.c.obj
 .bss._usbd_ctrl_buf
                0x000000002000169c       0x40 CMakeFiles/mbot_imu_test.dir/__/lib/pico-sdk/lib/tinyusb/src/device/usbd_control.c.obj
 .bss._usbd_dev
                0x00000000200016dc       0x53 CMakeFiles/mbot_imu_test.dir/__/lib/pico-sdk/lib/tinyusb/src/device/usbd.c.obj
 *fill*         0x000000002000172f        0x1 
 .bss._usbd_mutex
                0x0000000020001730        0x4 CMakeFiles/mbot_imu_test.dir/__/lib/pico-sdk/lib/tinyusb/src/device/usbd.c.obj
 .bss._usbd_q   0x0000000020001734        0x4 CMakeFiles/mbot_imu_test.dir/__/lib/pico-sdk/lib/tinyusb/src/device/usbd.c.obj
 .bss.alarm_callbacks
                0x0000000020001738       0x10 CMakeFiles/mbot_imu_test.dir/__/lib/pico-sdk/src/rp2_common/hardware_timer/timer.c.obj
 .bss.bhy       0x0000000020001748       0x14 ../mbot/libmbotlib.a(bhy_support.c.obj)
 .bss.boot2_copyout
                0x000000002000175c      0x100 CMakeFiles/mbot_imu_test.dir/__/lib/pico-sdk/src/rp2_common/hardware_flash/flash.c.obj
 .bss.callbacks
                0x000000002000185c        0x8 CMakeFiles/mbot_imu_test.dir/__/lib/pico-sdk/src/rp2_common/hardware_gpio/gpio.c.obj
 .bss.claimed   0x0000000020001864        0x4 CMakeFiles/mbot_imu_test.dir/__/lib/pico-sdk/src/rp2_common/hardware_sync/sync.c.obj
 .bss.configured_freq
                0x0000000020001868       0x28 CMakeFiles/mbot_imu_test.dir/__/lib/pico-sdk/src/rp2_common/hardware_clocks/clocks.c.obj
 .bss.data_ptr  0x0000000020001890        0x4 ../mbot/libmbotlib.a(imu.c.obj)
 .bss.default_alarm_pool_entry_ids_high
                0x0000000020001894       0x10 CMakeFiles/mbot_imu_test.dir/__/lib/pico-sdk/src/common/pico_time/time.c.obj
 .bss.default_alarm_pool_heap_nodes
                0x00000000200018a4       0x30 CMakeFiles/mbot_imu_test.dir/__/lib/pico-sdk/src/common/pico_time/time.c.obj
 .bss.desc_str.7079
                0x00000000200018d4       0x28 CMakeFiles/mbot_imu_test.dir/__/lib/pico-sdk/src/rp2_common/pico_stdio_usb/stdio_usb_descriptors.c.obj
 .bss.drivers   0x00000000200018fc        0x4 CMakeFiles/mbot_imu_test.dir/__/lib/pico-sdk/src/rp2_common/pico_stdio/stdio.c.obj
 .bss.fifoptr   0x0000000020001900        0x4 ../mbot/libmbotlib.a(imu.c.obj)
                0x0000000020001900                fifoptr
 .bss.filter    0x0000000020001904        0x4 CMakeFiles/mbot_imu_test.dir/__/lib/pico-sdk/src/rp2_common/pico_stdio/stdio.c.obj
 .bss.hw_endpoints
                0x0000000020001908      0x400 CMakeFiles/mbot_imu_test.dir/__/lib/pico-sdk/lib/tinyusb/src/portable/raspberrypi/rp2040/dcd_rp2040.c.obj
 .bss.i2c       0x0000000020001d08        0x4 ../mbot/libmbotlib.a(imu.c.obj)
 .bss.lazy_vsnprintf
                0x0000000020001d0c        0x4 CMakeFiles/mbot_imu_test.dir/__/lib/pico-sdk/src/rp2_common/pico_printf/printf.c.obj
 .bss.load_value
                0x0000000020001d10        0x4 CMakeFiles/mbot_imu_test.dir/__/lib/pico-sdk/src/rp2_common/hardware_watchdog/watchdog.c.obj
 .bss.meta_event_callback_list
                0x0000000020001d14       0x80 ../mbot/libmbotlib.a(bhy_uc_driver.c.obj)
 .bss.next_buffer_ptr
                0x0000000020001d94        0x4 CMakeFiles/mbot_imu_test.dir/__/lib/pico-sdk/lib/tinyusb/src/portable/raspberrypi/rp2040/dcd_rp2040.c.obj
 .bss.p_bhy     0x0000000020001d98        0x4 ../mbot/libmbotlib.a(bhy.c.obj)
 .bss.pools     0x0000000020001d9c       0x10 CMakeFiles/mbot_imu_test.dir/__/lib/pico-sdk/src/common/pico_time/time.c.obj
 .bss.raw_irq_mask
                0x0000000020001dac        0x8 CMakeFiles/mbot_imu_test.dir/__/lib/pico-sdk/src/rp2_common/hardware_gpio/gpio.c.obj
 .bss.retrieved_id
                0x0000000020001db4        0x8 CMakeFiles/mbot_imu_test.dir/__/lib/pico-sdk/src/rp2_common/pico_unique_id/unique_id.c.obj
 .bss.sensor_callback_list
                0x0000000020001dbc      0x100 ../mbot/libmbotlib.a(bhy_uc_driver.c.obj)
 .bss.sf_clz_func
                0x0000000020001ebc        0x4 CMakeFiles/mbot_imu_test.dir/__/lib/pico-sdk/src/rp2_common/pico_double/double_init_rom.c.obj
                0x0000000020001ebc                sf_clz_func
 .bss.sleep_notifier
                0x0000000020001ec0        0x4 CMakeFiles/mbot_imu_test.dir/__/lib/pico-sdk/src/common/pico_time/time.c.obj
 .bss.stdio_usb_mutex
                0x0000000020001ec4        0x8 CMakeFiles/mbot_imu_test.dir/__/lib/pico-sdk/src/rp2_common/pico_stdio_usb/stdio_usb.c.obj
 .bss.target_hi
                0x0000000020001ecc       0x10 CMakeFiles/mbot_imu_test.dir/__/lib/pico-sdk/src/rp2_common/hardware_timer/timer.c.obj
 .bss.timestamp_callback_list
                0x0000000020001edc        0x8 ../mbot/libmbotlib.a(bhy_uc_driver.c.obj)
 .bss.usbd_serial_str
                0x0000000020001ee4       0x11 CMakeFiles/mbot_imu_test.dir/__/lib/pico-sdk/src/rp2_common/pico_stdio_usb/stdio_usb_descriptors.c.obj
 *fill*         0x0000000020001ef5        0x3 
 .bss.user_irq_claimed
                0x0000000020001ef8        0x2 CMakeFiles/mbot_imu_test.dir/__/lib/pico-sdk/src/rp2_common/hardware_irq/irq.c.obj
 *fill*         0x0000000020001efa        0x2 
 .bss.write_buffer
                0x0000000020001efc        0x8 ../mbot/libmbotlib.a(bhy.c.obj)
 .bss.bytes_read
                0x0000000020001f04        0x2 ../mbot/libmbotlib.a(imu.c.obj)
                0x0000000020001f04                bytes_read
 .bss.bytes_remaining
                0x0000000020001f06        0x2 ../mbot/libmbotlib.a(imu.c.obj)
                0x0000000020001f06                bytes_remaining
 .bss.current_index.5826
                0x0000000020001f08        0x2 ../mbot/libmbotlib.a(bhy_uc_driver.c.obj)
 .bss.current_transaction_size.5827
                0x0000000020001f0a        0x2 ../mbot/libmbotlib.a(bhy_uc_driver.c.obj)
 .bss._app_driver_count
                0x0000000020001f0c        0x1 CMakeFiles/mbot_imu_test.dir/__/lib/pico-sdk/lib/tinyusb/src/device/usbd.c.obj
 .bss._usbd_initialized
                0x0000000020001f0d        0x1 CMakeFiles/mbot_imu_test.dir/__/lib/pico-sdk/lib/tinyusb/src/device/usbd.c.obj
 .bss.boot2_copyout_valid
                0x0000000020001f0e        0x1 CMakeFiles/mbot_imu_test.dir/__/lib/pico-sdk/src/rp2_common/hardware_flash/flash.c.obj
 .bss.bytes_left_in_fifo
                0x0000000020001f0f        0x1 ../mbot/libmbotlib.a(imu.c.obj)
                0x0000000020001f0f                bytes_left_in_fifo
 .bss.claimed   0x0000000020001f10        0x1 CMakeFiles/mbot_imu_test.dir/__/lib/pico-sdk/src/rp2_common/hardware_timer/timer.c.obj
 .bss.irq_hander_chain_free_slot_head
                0x0000000020001f11        0x1 CMakeFiles/mbot_imu_test.dir/__/lib/pico-sdk/src/rp2_common/hardware_irq/irq.c.obj
 .bss.itf_num   0x0000000020001f12        0x1 CMakeFiles/mbot_imu_test.dir/__/lib/pico-sdk/src/rp2_common/pico_stdio_usb/reset_interface.c.obj
 .bss.low_priority_irq_num
                0x0000000020001f13        0x1 CMakeFiles/mbot_imu_test.dir/__/lib/pico-sdk/src/rp2_common/pico_stdio_usb/stdio_usb.c.obj
 .bss.timer_callbacks_pending
                0x0000000020001f14        0x1 CMakeFiles/mbot_imu_test.dir/__/lib/pico-sdk/src/rp2_common/hardware_timer/timer.c.obj
 *(COMMON)
 *fill*         0x0000000020001f15        0x3 
 COMMON         0x0000000020001f18       0x80 CMakeFiles/mbot_imu_test.dir/mbot_imu_test.c.obj
                0x0000000020001f18                mbot_imu_config
                0x0000000020001f20                mbot_imu_data
 COMMON         0x0000000020001f98      0x100 CMakeFiles/mbot_imu_test.dir/__/lib/pico-sdk/src/rp2_common/pico_double/double_init_rom.c.obj
                0x0000000020001f98                sd_table
 COMMON         0x0000000020002098      0x100 CMakeFiles/mbot_imu_test.dir/__/lib/pico-sdk/src/rp2_common/pico_float/float_init_rom.c.obj
                0x0000000020002098                sf_table
 COMMON         0x0000000020002198       0xc0 CMakeFiles/mbot_imu_test.dir/__/lib/pico-sdk/lib/tinyusb/src/device/usbd.c.obj
                0x0000000020002198                _usbd_qdef_buf
 COMMON         0x0000000020002258       0x50 ../mbot/libmbotlib.a(imu.c.obj)
                0x0000000020002258                fifo
                0x00000000200022a0                time_now
                0x00000000200022a8                . = ALIGN (0x4)
                0x00000000200022a8                __bss_end__ = .

.heap           0x00000000200022a8      0x800
                0x00000000200022a8                __end__ = .
                0x00000000200022a8                end = __end__
 *(.heap*)
 .heap          0x00000000200022a8      0x800 CMakeFiles/mbot_imu_test.dir/__/lib/pico-sdk/src/rp2_common/pico_standard_link/crt0.S.obj
                0x0000000020002aa8                __HeapLimit = .

.stack1_dummy   0x0000000020040000        0x0
 *(.stack1*)

.stack_dummy    0x0000000020041000      0x800
 *(.stack*)
 .stack         0x0000000020041000      0x800 CMakeFiles/mbot_imu_test.dir/__/lib/pico-sdk/src/rp2_common/pico_standard_link/crt0.S.obj

.flash_end      0x000000001000f850        0x0
                0x000000001000f850                __flash_binary_end = .
                0x0000000020040000                __StackLimit = (ORIGIN (RAM) + LENGTH (RAM))
                0x0000000020041000                __StackOneTop = (ORIGIN (SCRATCH_X) + LENGTH (SCRATCH_X))
                0x0000000020042000                __StackTop = (ORIGIN (SCRATCH_Y) + LENGTH (SCRATCH_Y))
                0x0000000020041000                __StackOneBottom = (__StackOneTop - SIZEOF (.stack1_dummy))
                0x0000000020041800                __StackBottom = (__StackTop - SIZEOF (.stack_dummy))
                0x0000000020042000                PROVIDE (__stack = __StackTop)
                0x0000000000000001                ASSERT ((__StackLimit >= __HeapLimit), region RAM overflowed)
                0x0000000000000001                ASSERT (((__binary_info_header_end - __logical_binary_start) <= 0x100), Binary info must be in first 256 bytes of the binary)
LOAD CMakeFiles/mbot_imu_test.dir/mbot_imu_test.c.obj
LOAD CMakeFiles/mbot_imu_test.dir/__/lib/pico-sdk/src/rp2_common/pico_stdlib/stdlib.c.obj
LOAD CMakeFiles/mbot_imu_test.dir/__/lib/pico-sdk/src/rp2_common/hardware_gpio/gpio.c.obj
LOAD CMakeFiles/mbot_imu_test.dir/__/lib/pico-sdk/src/rp2_common/hardware_claim/claim.c.obj
LOAD CMakeFiles/mbot_imu_test.dir/__/lib/pico-sdk/src/rp2_common/pico_platform/platform.c.obj
LOAD CMakeFiles/mbot_imu_test.dir/__/lib/pico-sdk/src/rp2_common/hardware_sync/sync.c.obj
LOAD CMakeFiles/mbot_imu_test.dir/__/lib/pico-sdk/src/rp2_common/hardware_irq/irq.c.obj
LOAD CMakeFiles/mbot_imu_test.dir/__/lib/pico-sdk/src/rp2_common/hardware_irq/irq_handler_chain.S.obj
LOAD CMakeFiles/mbot_imu_test.dir/__/lib/pico-sdk/src/common/pico_sync/sem.c.obj
LOAD CMakeFiles/mbot_imu_test.dir/__/lib/pico-sdk/src/common/pico_sync/lock_core.c.obj
LOAD CMakeFiles/mbot_imu_test.dir/__/lib/pico-sdk/src/common/pico_time/time.c.obj
LOAD CMakeFiles/mbot_imu_test.dir/__/lib/pico-sdk/src/common/pico_time/timeout_helper.c.obj
LOAD CMakeFiles/mbot_imu_test.dir/__/lib/pico-sdk/src/rp2_common/hardware_timer/timer.c.obj
LOAD CMakeFiles/mbot_imu_test.dir/__/lib/pico-sdk/src/common/pico_util/datetime.c.obj
LOAD CMakeFiles/mbot_imu_test.dir/__/lib/pico-sdk/src/common/pico_util/pheap.c.obj
LOAD CMakeFiles/mbot_imu_test.dir/__/lib/pico-sdk/src/common/pico_util/queue.c.obj
LOAD CMakeFiles/mbot_imu_test.dir/__/lib/pico-sdk/src/common/pico_sync/mutex.c.obj
LOAD CMakeFiles/mbot_imu_test.dir/__/lib/pico-sdk/src/common/pico_sync/critical_section.c.obj
LOAD CMakeFiles/mbot_imu_test.dir/__/lib/pico-sdk/src/rp2_common/hardware_uart/uart.c.obj
LOAD CMakeFiles/mbot_imu_test.dir/__/lib/pico-sdk/src/rp2_common/hardware_divider/divider.S.obj
LOAD CMakeFiles/mbot_imu_test.dir/__/lib/pico-sdk/src/rp2_common/pico_runtime/runtime.c.obj
LOAD CMakeFiles/mbot_imu_test.dir/__/lib/pico-sdk/src/rp2_common/hardware_clocks/clocks.c.obj
LOAD CMakeFiles/mbot_imu_test.dir/__/lib/pico-sdk/src/rp2_common/hardware_pll/pll.c.obj
LOAD CMakeFiles/mbot_imu_test.dir/__/lib/pico-sdk/src/rp2_common/hardware_vreg/vreg.c.obj
LOAD CMakeFiles/mbot_imu_test.dir/__/lib/pico-sdk/src/rp2_common/hardware_watchdog/watchdog.c.obj
LOAD CMakeFiles/mbot_imu_test.dir/__/lib/pico-sdk/src/rp2_common/hardware_xosc/xosc.c.obj
LOAD CMakeFiles/mbot_imu_test.dir/__/lib/pico-sdk/src/rp2_common/pico_printf/printf.c.obj
LOAD CMakeFiles/mbot_imu_test.dir/__/lib/pico-sdk/src/rp2_common/pico_bit_ops/bit_ops_aeabi.S.obj
LOAD CMakeFiles/mbot_imu_test.dir/__/lib/pico-sdk/src/rp2_common/pico_bootrom/bootrom.c.obj
LOAD CMakeFiles/mbot_imu_test.dir/__/lib/pico-sdk/src/rp2_common/pico_divider/divider.S.obj
LOAD CMakeFiles/mbot_imu_test.dir/__/lib/pico-sdk/src/rp2_common/pico_double/double_aeabi.S.obj
LOAD CMakeFiles/mbot_imu_test.dir/__/lib/pico-sdk/src/rp2_common/pico_double/double_init_rom.c.obj
LOAD CMakeFiles/mbot_imu_test.dir/__/lib/pico-sdk/src/rp2_common/pico_double/double_math.c.obj
LOAD CMakeFiles/mbot_imu_test.dir/__/lib/pico-sdk/src/rp2_common/pico_double/double_v1_rom_shim.S.obj
LOAD CMakeFiles/mbot_imu_test.dir/__/lib/pico-sdk/src/rp2_common/pico_int64_ops/pico_int64_ops_aeabi.S.obj
LOAD CMakeFiles/mbot_imu_test.dir/__/lib/pico-sdk/src/rp2_common/pico_float/float_aeabi.S.obj
LOAD CMakeFiles/mbot_imu_test.dir/__/lib/pico-sdk/src/rp2_common/pico_float/float_init_rom.c.obj
LOAD CMakeFiles/mbot_imu_test.dir/__/lib/pico-sdk/src/rp2_common/pico_float/float_math.c.obj
LOAD CMakeFiles/mbot_imu_test.dir/__/lib/pico-sdk/src/rp2_common/pico_float/float_v1_rom_shim.S.obj
LOAD CMakeFiles/mbot_imu_test.dir/__/lib/pico-sdk/src/rp2_common/pico_malloc/pico_malloc.c.obj
LOAD CMakeFiles/mbot_imu_test.dir/__/lib/pico-sdk/src/rp2_common/pico_mem_ops/mem_ops_aeabi.S.obj
LOAD CMakeFiles/mbot_imu_test.dir/__/lib/pico-sdk/src/rp2_common/pico_standard_link/crt0.S.obj
LOAD CMakeFiles/mbot_imu_test.dir/__/lib/pico-sdk/src/rp2_common/pico_standard_link/new_delete.cpp.obj
LOAD CMakeFiles/mbot_imu_test.dir/__/lib/pico-sdk/src/rp2_common/pico_standard_link/binary_info.c.obj
LOAD CMakeFiles/mbot_imu_test.dir/__/lib/pico-sdk/src/rp2_common/pico_stdio/stdio.c.obj
LOAD CMakeFiles/mbot_imu_test.dir/__/lib/pico-sdk/src/rp2_common/pico_stdio_usb/reset_interface.c.obj
LOAD CMakeFiles/mbot_imu_test.dir/__/lib/pico-sdk/src/rp2_common/pico_stdio_usb/stdio_usb.c.obj
LOAD CMakeFiles/mbot_imu_test.dir/__/lib/pico-sdk/src/rp2_common/pico_stdio_usb/stdio_usb_descriptors.c.obj
LOAD CMakeFiles/mbot_imu_test.dir/__/lib/pico-sdk/lib/tinyusb/src/portable/raspberrypi/rp2040/dcd_rp2040.c.obj
LOAD CMakeFiles/mbot_imu_test.dir/__/lib/pico-sdk/lib/tinyusb/src/portable/raspberrypi/rp2040/rp2040_usb.c.obj
LOAD CMakeFiles/mbot_imu_test.dir/__/lib/pico-sdk/lib/tinyusb/src/device/usbd.c.obj
LOAD CMakeFiles/mbot_imu_test.dir/__/lib/pico-sdk/lib/tinyusb/src/device/usbd_control.c.obj
LOAD CMakeFiles/mbot_imu_test.dir/__/lib/pico-sdk/lib/tinyusb/src/class/audio/audio_device.c.obj
LOAD CMakeFiles/mbot_imu_test.dir/__/lib/pico-sdk/lib/tinyusb/src/class/cdc/cdc_device.c.obj
LOAD CMakeFiles/mbot_imu_test.dir/__/lib/pico-sdk/lib/tinyusb/src/class/dfu/dfu_device.c.obj
LOAD CMakeFiles/mbot_imu_test.dir/__/lib/pico-sdk/lib/tinyusb/src/class/dfu/dfu_rt_device.c.obj
LOAD CMakeFiles/mbot_imu_test.dir/__/lib/pico-sdk/lib/tinyusb/src/class/hid/hid_device.c.obj
LOAD CMakeFiles/mbot_imu_test.dir/__/lib/pico-sdk/lib/tinyusb/src/class/midi/midi_device.c.obj
LOAD CMakeFiles/mbot_imu_test.dir/__/lib/pico-sdk/lib/tinyusb/src/class/msc/msc_device.c.obj
LOAD CMakeFiles/mbot_imu_test.dir/__/lib/pico-sdk/lib/tinyusb/src/class/net/ecm_rndis_device.c.obj
LOAD CMakeFiles/mbot_imu_test.dir/__/lib/pico-sdk/lib/tinyusb/src/class/net/ncm_device.c.obj
LOAD CMakeFiles/mbot_imu_test.dir/__/lib/pico-sdk/lib/tinyusb/src/class/usbtmc/usbtmc_device.c.obj
LOAD CMakeFiles/mbot_imu_test.dir/__/lib/pico-sdk/lib/tinyusb/src/class/vendor/vendor_device.c.obj
LOAD CMakeFiles/mbot_imu_test.dir/__/lib/pico-sdk/lib/tinyusb/src/class/video/video_device.c.obj
LOAD CMakeFiles/mbot_imu_test.dir/__/lib/pico-sdk/lib/tinyusb/src/tusb.c.obj