Archive member included to satisfy reference by file (symbol)

../mbot/libmbotlib.a(motor.c.obj)
                              CMakeFiles/mbot_motor_test.dir/mbot_motor_test.c.obj (mbot_motor_init_freq)
/usr/lib/gcc/arm-none-eabi/9.2.1/thumb/v6-m/nofp/libgcc.a(_dvmd_tls.o)
                              CMakeFiles/mbot_motor_test.dir/__/lib/pico-sdk/src/rp2_common/pico_divider/divider.S.obj (__aeabi_idiv0)
/usr/lib/gcc/arm-none-eabi/9.2.1/../../../arm-none-eabi/lib/thumb/v6-m/nofp/libc.a(lib_a-atexit.o)
                              /usr/lib/gcc/arm-none-eabi/9.2.1/../../../arm-none-eabi/lib/thumb/v6-m/nofp/crt0.o (atexit)
/usr/lib/gcc/arm-none-eabi/9.2.1/../../../arm-none-eabi/lib/thumb/v6-m/nofp/libc.a(lib_a-calloc.o)
                              CMakeFiles/mbot_motor_test.dir/__/lib/pico-sdk/src/rp2_common/pico_malloc/pico_malloc.c.obj (calloc)
/usr/lib/gcc/arm-none-eabi/9.2.1/../../../arm-none-eabi/lib/thumb/v6-m/nofp/libc.a(lib_a-callocr.o)
                              /usr/lib/gcc/arm-none-eabi/9.2.1/../../../arm-none-eabi/lib/thumb/v6-m/nofp/libc.a(lib_a-calloc.o) (_calloc_r)
/usr/lib/gcc/arm-none-eabi/9.2.1/../../../arm-none-eabi/lib/thumb/v6-m/nofp/libc.a(lib_a-fini.o)
                              /usr/lib/gcc/arm-none-eabi/9.2.1/../../../arm-none-eabi/lib/thumb/v6-m/nofp/crt0.o (__libc_fini_array)
/usr/lib/gcc/arm-none-eabi/9.2.1/../../../arm-none-eabi/lib/thumb/v6-m/nofp/libc.a(lib_a-fwrite.o)
                              ../mbot/libmbotlib.a(motor.c.obj) (fwrite)
/usr/lib/gcc/arm-none-eabi/9.2.1/../../../arm-none-eabi/lib/thumb/v6-m/nofp/libc.a(lib_a-impure.o)
                              ../mbot/libmbotlib.a(motor.c.obj) (_impure_ptr)
/usr/lib/gcc/arm-none-eabi/9.2.1/../../../arm-none-eabi/lib/thumb/v6-m/nofp/libc.a(lib_a-init.o)
                              /usr/lib/gcc/arm-none-eabi/9.2.1/../../../arm-none-eabi/lib/thumb/v6-m/nofp/crt0.o (__libc_init_array)
/usr/lib/gcc/arm-none-eabi/9.2.1/../../../arm-none-eabi/lib/thumb/v6-m/nofp/libc.a(lib_a-malloc.o)
                              CMakeFiles/mbot_motor_test.dir/__/lib/pico-sdk/src/rp2_common/pico_malloc/pico_malloc.c.obj (malloc)
/usr/lib/gcc/arm-none-eabi/9.2.1/../../../arm-none-eabi/lib/thumb/v6-m/nofp/libc.a(lib_a-mallocr.o)
                              /usr/lib/gcc/arm-none-eabi/9.2.1/../../../arm-none-eabi/lib/thumb/v6-m/nofp/libc.a(lib_a-callocr.o) (_malloc_r)
/usr/lib/gcc/arm-none-eabi/9.2.1/../../../arm-none-eabi/lib/thumb/v6-m/nofp/libc.a(lib_a-mlock.o)
                              /usr/lib/gcc/arm-none-eabi/9.2.1/../../../arm-none-eabi/lib/thumb/v6-m/nofp/libc.a(lib_a-mallocr.o) (__malloc_lock)
/usr/lib/gcc/arm-none-eabi/9.2.1/../../../arm-none-eabi/lib/thumb/v6-m/nofp/libc.a(lib_a-realloc.o)
                              CMakeFiles/mbot_motor_test.dir/__/lib/pico-sdk/src/rp2_common/pico_malloc/pico_malloc.c.obj (realloc)
/usr/lib/gcc/arm-none-eabi/9.2.1/../../../arm-none-eabi/lib/thumb/v6-m/nofp/libc.a(lib_a-reallocr.o)
                              /usr/lib/gcc/arm-none-eabi/9.2.1/../../../arm-none-eabi/lib/thumb/v6-m/nofp/libc.a(lib_a-realloc.o) (_realloc_r)
/usr/lib/gcc/arm-none-eabi/9.2.1/../../../arm-none-eabi/lib/thumb/v6-m/nofp/libc.a(lib_a-sbrkr.o)
                              /usr/lib/gcc/arm-none-eabi/9.2.1/../../../arm-none-eabi/lib/thumb/v6-m/nofp/libc.a(lib_a-mallocr.o) (_sbrk_r)
/usr/lib/gcc/arm-none-eabi/9.2.1/../../../arm-none-eabi/lib/thumb/v6-m/nofp/libc.a(lib_a-strlen-stub.o)
                              CMakeFiles/mbot_motor_test.dir/__/lib/pico-sdk/src/rp2_common/pico_stdio/stdio.c.obj (strlen)
/usr/lib/gcc/arm-none-eabi/9.2.1/../../../arm-none-eabi/lib/thumb/v6-m/nofp/libc.a(lib_a-__atexit.o)
                              /usr/lib/gcc/arm-none-eabi/9.2.1/../../../arm-none-eabi/lib/thumb/v6-m/nofp/libc.a(lib_a-atexit.o) (__register_exitproc)
/usr/lib/gcc/arm-none-eabi/9.2.1/../../../arm-none-eabi/lib/thumb/v6-m/nofp/libc.a(lib_a-findfp.o)
                              /usr/lib/gcc/arm-none-eabi/9.2.1/../../../arm-none-eabi/lib/thumb/v6-m/nofp/libc.a(lib_a-fwrite.o) (__sinit)
/usr/lib/gcc/arm-none-eabi/9.2.1/../../../arm-none-eabi/lib/thumb/v6-m/nofp/libc.a(lib_a-freer.o)
                              /usr/lib/gcc/arm-none-eabi/9.2.1/../../../arm-none-eabi/lib/thumb/v6-m/nofp/libc.a(lib_a-malloc.o) (_free_r)
/usr/lib/gcc/arm-none-eabi/9.2.1/../../../arm-none-eabi/lib/thumb/v6-m/nofp/libc.a(lib_a-fvwrite.o)
                              /usr/lib/gcc/arm-none-eabi/9.2.1/../../../arm-none-eabi/lib/thumb/v6-m/nofp/libc.a(lib_a-fwrite.o) (__sfvwrite_r)
/usr/lib/gcc/arm-none-eabi/9.2.1/../../../arm-none-eabi/lib/thumb/v6-m/nofp/libc.a(lib_a-fwalk.o)
                              /usr/lib/gcc/arm-none-eabi/9.2.1/../../../arm-none-eabi/lib/thumb/v6-m/nofp/libc.a(lib_a-findfp.o) (_fwalk)
/usr/lib/gcc/arm-none-eabi/9.2.1/../../../arm-none-eabi/lib/thumb/v6-m/nofp/libc.a(lib_a-memchr-stub.o)
[...]
Memory Configuration

Name             Origin             Length             Attributes
FLASH            0x0000000010000000 0x0000000000200000 xr
RAM              0x0000000020000000 0x0000000000040000 xrw
SCRATCH_X        0x0000000020040000 0x0000000000001000 xrw
SCRATCH_Y        0x0000000020041000 0x0000000000001000 xrw
*default*        0x0000000000000000 0xffffffffffffffff

Linker script and memory map

LOAD /usr/lib/gcc/arm-none-eabi/9.2.1/thumb/v6-m/nofp/crti.o
LOAD /usr/lib/gcc/arm-none-eabi/9.2.1/thumb/v6-m/nofp/crtbegin.o
LOAD /usr/lib/gcc/arm-none-eabi/9.2.1/../../../arm-none-eabi/lib/thumb/v6-m/nofp/crt0.o

.flash_begin    0x0000000010000000        0x0
                0x0000000010000000                __flash_binary_start = .

.boot2          0x0000000010000000      0x100
                0x0000000010000000                __boot2_start__ = .
 *(.boot2)
 .boot2         0x0000000010000000      0x100 /tmp/ccGtfry2.o
                0x0000000010000100                __boot2_end__ = .
                0x0000000000000001                ASSERT (((__boot2_end__ - __boot2_start__) == 0x100), ERROR: Pico second stage bootloader must be 256 bytes in size)

.text           0x0000000010000100     0x9658
                0x0000000010000100                __logical_binary_start = .
 *(.vectors)
 .vectors       0x0000000010000100       0xd4 CMakeFiles/mbot_motor_test.dir/__/lib/pico-sdk/src/rp2_common/pico_standard_link/crt0.S.obj
                0x0000000010000100                __vectors
                0x0000000010000100                __VECTOR_TABLE
                0x00000000100001c0                isr_invalid
                0x00000000100001c0                __default_isrs_start
                0x00000000100001c2                isr_nmi
                0x00000000100001c4                isr_hardfault
                0x00000000100001c6                isr_svcall
                0x00000000100001c8                isr_pendsv
                0x00000000100001ca                isr_systick
                0x00000000100001cc                isr_irq30
                0x00000000100001cc                __unhandled_user_irq
                0x00000000100001cc                isr_irq13
                0x00000000100001cc                isr_irq27
                0x00000000100001cc                isr_irq31
                0x00000000100001cc                isr_irq5
                0x00000000100001cc                isr_irq11
                0x00000000100001cc                isr_irq23
                0x00000000100001cc                isr_irq18
                0x00000000100001cc                isr_irq28
                0x00000000100001cc                isr_irq19
                0x00000000100001cc                isr_irq0
                0x00000000100001cc                isr_irq6
                0x00000000100001cc                isr_irq22
                0x00000000100001cc                isr_irq17
                0x00000000100001cc                isr_irq14
                0x00000000100001cc                isr_irq2
                0x00000000100001cc                isr_irq10
                0x00000000100001cc                isr_irq8
                0x00000000100001cc                isr_irq24
                0x00000000100001cc                isr_irq1
                0x00000000100001cc                isr_irq7
                0x00000000100001cc                isr_irq21
                0x00000000100001cc                isr_irq20
                0x00000000100001cc                isr_irq15
                0x00000000100001cc                isr_irq25
                0x00000000100001cc                isr_irq4
                0x00000000100001cc                isr_irq16
                0x00000000100001cc                isr_irq29
                0x00000000100001cc                isr_irq26
                0x00000000100001cc                __default_isrs_end
                0x00000000100001cc                isr_irq3
                0x00000000100001cc                isr_irq12
                0x00000000100001cc                isr_irq9
                0x00000000100001d2                unhandled_user_irq_num_in_r0
 *(.binary_info_header)
 .binary_info_header
                0x00000000100001d4       0x14 CMakeFiles/mbot_motor_test.dir/__/lib/pico-sdk/src/rp2_common/pico_standard_link/crt0.S.obj
                0x00000000100001e8                __binary_info_header_end = .
 *(.reset)
 .reset         0x00000000100001e8       0xa8 CMakeFiles/mbot_motor_test.dir/__/lib/pico-sdk/src/rp2_common/pico_standard_link/crt0.S.obj
                0x00000000100001e8                _entry_point
                0x0000000010000266                __get_current_exception
 .reset         0x0000000010000290       0x30 CMakeFiles/mbot_motor_test.dir/__/lib/pico-sdk/src/rp2_common/pico_standard_link/binary_info.c.obj
 *(.init)
 .init          0x00000000100002c0        0x4 /usr/lib/gcc/arm-none-eabi/9.2.1/thumb/v6-m/nofp/crti.o
                0x00000000100002c0                _init
 *(EXCLUDE_FILE(*libm.a: *libc.a:*lib_a-mem*.o *libgcc.a:) .text*)
 .text          0x00000000100002c4       0x98 /usr/lib/gcc/arm-none-eabi/9.2.1/thumb/v6-m/nofp/crtbegin.o
 .text.mbot_init_pico
                0x000000001000035c       0x4c CMakeFiles/mbot_motor_test.dir/mbot_motor_test.c.obj
                0x000000001000035c                mbot_init_pico
 .text.drive_motor_up_down
                0x00000000100003a8      0x100 CMakeFiles/mbot_motor_test.dir/mbot_motor_test.c.obj
                0x00000000100003a8                drive_motor_up_down
 .text.startup.main
                0x00000000100004a8       0xdc CMakeFiles/mbot_motor_test.dir/mbot_motor_test.c.obj
                0x00000000100004a8                main
 .text.set_sys_clock_pll
                0x0000000010000584       0x78 CMakeFiles/mbot_motor_test.dir/__/lib/pico-sdk/src/rp2_common/pico_stdlib/stdlib.c.obj
                0x0000000010000584                set_sys_clock_pll
 .text.check_sys_clock_khz
                0x00000000100005fc      0x16c CMakeFiles/mbot_motor_test.dir/__/lib/pico-sdk/src/rp2_common/pico_stdlib/stdlib.c.obj
                0x00000000100005fc                check_sys_clock_khz
 .text.gpio_set_function
                0x0000000010000768       0x30 CMakeFiles/mbot_motor_test.dir/__/lib/pico-sdk/src/rp2_common/hardware_gpio/gpio.c.obj
                0x0000000010000768                gpio_set_function
 .text.gpio_get_function
                0x0000000010000798       0x14 CMakeFiles/mbot_motor_test.dir/__/lib/pico-sdk/src/rp2_common/hardware_gpio/gpio.c.obj
                0x0000000010000798                gpio_get_function
 .text.gpio_init
                0x00000000100007ac       0x3c CMakeFiles/mbot_motor_test.dir/__/lib/pico-sdk/src/rp2_common/hardware_gpio/gpio.c.obj
                0x00000000100007ac                gpio_init
 .text.hw_claim_or_assert
                0x00000000100007e8       0x48 CMakeFiles/mbot_motor_test.dir/__/lib/pico-sdk/src/rp2_common/hardware_claim/claim.c.obj
                0x00000000100007e8                hw_claim_or_assert
 .text.hw_claim_unused_from_range
                0x0000000010000830       0x9c CMakeFiles/mbot_motor_test.dir/__/lib/pico-sdk/src/rp2_common/hardware_claim/claim.c.obj
                0x0000000010000830                hw_claim_unused_from_range
 .text.running_on_fpga
                0x00000000100008cc       0x10 CMakeFiles/mbot_motor_test.dir/__/lib/pico-sdk/src/rp2_common/pico_platform/platform.c.obj
                0x00000000100008cc                running_on_fpga
 .text.spin_locks_reset
                0x00000000100008dc       0x1c CMakeFiles/mbot_motor_test.dir/__/lib/pico-sdk/src/rp2_common/hardware_sync/sync.c.obj
                0x00000000100008dc                spin_locks_reset
 .text.next_striped_spin_lock_num
                0x00000000100008f8       0x18 CMakeFiles/mbot_motor_test.dir/__/lib/pico-sdk/src/rp2_common/hardware_sync/sync.c.obj
                0x00000000100008f8                next_striped_spin_lock_num
 .text.spin_lock_claim_unused
                0x0000000010000910       0x20 CMakeFiles/mbot_motor_test.dir/__/lib/pico-sdk/src/rp2_common/hardware_sync/sync.c.obj
                0x0000000010000910                spin_lock_claim_unused
 .text.irq_set_enabled
                0x0000000010000930       0x24 CMakeFiles/mbot_motor_test.dir/__/lib/pico-sdk/src/rp2_common/hardware_irq/irq.c.obj
                0x0000000010000930                irq_set_enabled
 .text.irq_set_pending
                0x0000000010000954       0x10 CMakeFiles/mbot_motor_test.dir/__/lib/pico-sdk/src/rp2_common/hardware_irq/irq.c.obj
                0x0000000010000954                irq_set_pending
 .text.irq_has_shared_handler
                0x0000000010000964       0x2c CMakeFiles/mbot_motor_test.dir/__/lib/pico-sdk/src/rp2_common/hardware_irq/irq.c.obj
                0x0000000010000964                irq_has_shared_handler
 .text.irq_get_vtable_handler
                0x0000000010000990       0x10 CMakeFiles/mbot_motor_test.dir/__/lib/pico-sdk/src/rp2_common/hardware_irq/irq.c.obj
                0x0000000010000990                irq_get_vtable_handler
 .text.irq_set_exclusive_handler
                0x00000000100009a0       0x54 CMakeFiles/mbot_motor_test.dir/__/lib/pico-sdk/src/rp2_common/hardware_irq/irq.c.obj
                0x00000000100009a0                irq_set_exclusive_handler
 .text.irq_add_shared_handler
                0x00000000100009f4      0x1c0 CMakeFiles/mbot_motor_test.dir/__/lib/pico-sdk/src/rp2_common/hardware_irq/irq.c.obj
                0x00000000100009f4                irq_add_shared_handler
 .text.irq_remove_handler
                0x0000000010000bb4      0x1b4 CMakeFiles/mbot_motor_test.dir/__/lib/pico-sdk/src/rp2_common/hardware_irq/irq.c.obj
                0x0000000010000bb4                irq_remove_handler
 .text.irq_add_tail_to_free_list
                0x0000000010000d68       0xb8 CMakeFiles/mbot_motor_test.dir/__/lib/pico-sdk/src/rp2_common/hardware_irq/irq.c.obj
                0x0000000010000d68                irq_add_tail_to_free_list
 .text.irq_init_priorities
                0x0000000010000e20       0x24 CMakeFiles/mbot_motor_test.dir/__/lib/pico-sdk/src/rp2_common/hardware_irq/irq.c.obj
                0x0000000010000e20                irq_init_priorities
 .text.user_irq_claim_unused
                0x0000000010000e44       0x30 CMakeFiles/mbot_motor_test.dir/__/lib/pico-sdk/src/rp2_common/hardware_irq/irq.c.obj
                0x0000000010000e44                user_irq_claim_unused
 .text.lock_init
                0x0000000010000e74       0x10 CMakeFiles/mbot_motor_test.dir/__/lib/pico-sdk/src/common/pico_sync/lock_core.c.obj
                0x0000000010000e74                lock_init
 .text.timer_pool_entry_comparator
                0x0000000010000e84       0x34 CMakeFiles/mbot_motor_test.dir/__/lib/pico-sdk/src/common/pico_time/time.c.obj
                0x0000000010000e84                timer_pool_entry_comparator
 .text.sleep_until_callback
                0x0000000010000eb8       0x30 CMakeFiles/mbot_motor_test.dir/__/lib/pico-sdk/src/common/pico_time/time.c.obj
 .text.alarm_pool_add_alarm_at.constprop.0
                0x0000000010000ee8      0x128 CMakeFiles/mbot_motor_test.dir/__/lib/pico-sdk/src/common/pico_time/time.c.obj
 .text.add_alarm_under_lock
                0x0000000010001010      0x108 CMakeFiles/mbot_motor_test.dir/__/lib/pico-sdk/src/common/pico_time/time.c.obj
 .text.alarm_pool_alarm_callback
                0x0000000010001118      0x1c8 CMakeFiles/mbot_motor_test.dir/__/lib/pico-sdk/src/common/pico_time/time.c.obj
 .text.alarm_pool_init_default
                0x00000000100012e0       0x64 CMakeFiles/mbot_motor_test.dir/__/lib/pico-sdk/src/common/pico_time/time.c.obj
                0x00000000100012e0                alarm_pool_init_default
 .text.alarm_pool_get_default
                0x0000000010001344        0x8 CMakeFiles/mbot_motor_test.dir/__/lib/pico-sdk/src/common/pico_time/time.c.obj
                0x0000000010001344                alarm_pool_get_default
 .text.alarm_pool_add_alarm_at
                0x000000001000134c      0x1ac CMakeFiles/mbot_motor_test.dir/__/lib/pico-sdk/src/common/pico_time/time.c.obj
                0x000000001000134c                alarm_pool_add_alarm_at
 .text.sleep_until
                0x00000000100014f8       0xac CMakeFiles/mbot_motor_test.dir/__/lib/pico-sdk/src/common/pico_time/time.c.obj
                0x00000000100014f8                sleep_until
 .text.sleep_ms
                0x00000000100015a4       0x38 CMakeFiles/mbot_motor_test.dir/__/lib/pico-sdk/src/common/pico_time/time.c.obj
                0x00000000100015a4                sleep_ms
 .text.best_effort_wfe_or_timeout
                0x00000000100015dc       0xd4 CMakeFiles/mbot_motor_test.dir/__/lib/pico-sdk/src/common/pico_time/time.c.obj
                0x00000000100015dc                best_effort_wfe_or_timeout
 .text.hardware_alarm_irq_handler
                0x00000000100016b0       0xb8 CMakeFiles/mbot_motor_test.dir/__/lib/pico-sdk/src/rp2_common/hardware_timer/timer.c.obj
 .text.hardware_alarm_claim
                0x0000000010001768       0x18 CMakeFiles/mbot_motor_test.dir/__/lib/pico-sdk/src/rp2_common/hardware_timer/timer.c.obj
                0x0000000010001768                hardware_alarm_claim
 .text.time_us_64
                0x0000000010001780       0x14 CMakeFiles/mbot_motor_test.dir/__/lib/pico-sdk/src/rp2_common/hardware_timer/timer.c.obj
                0x0000000010001780                time_us_64
 .text.busy_wait_us
                0x0000000010001794       0x54 CMakeFiles/mbot_motor_test.dir/__/lib/pico-sdk/src/rp2_common/hardware_timer/timer.c.obj
                0x0000000010001794                busy_wait_us
 .text.busy_wait_until
                0x00000000100017e8       0x20 CMakeFiles/mbot_motor_test.dir/__/lib/pico-sdk/src/rp2_common/hardware_timer/timer.c.obj
                0x00000000100017e8                busy_wait_until
 .text.hardware_alarm_set_callback
                0x0000000010001808       0x8c CMakeFiles/mbot_motor_test.dir/__/lib/pico-sdk/src/rp2_common/hardware_timer/timer.c.obj
                0x0000000010001808                hardware_alarm_set_callback
 .text.hardware_alarm_set_target
                0x0000000010001894       0xe4 CMakeFiles/mbot_motor_test.dir/__/lib/pico-sdk/src/rp2_common/hardware_timer/timer.c.obj
                0x0000000010001894                hardware_alarm_set_target
 .text.hardware_alarm_cancel
                0x0000000010001978       0x40 CMakeFiles/mbot_motor_test.dir/__/lib/pico-sdk/src/rp2_common/hardware_timer/timer.c.obj
                0x0000000010001978                hardware_alarm_cancel
 .text.ph_merge_nodes
                0x00000000100019b8       0x68 CMakeFiles/mbot_motor_test.dir/__/lib/pico-sdk/src/common/pico_util/pheap.c.obj
 .text.ph_post_alloc_init
                0x0000000010001a20       0x3c CMakeFiles/mbot_motor_test.dir/__/lib/pico-sdk/src/common/pico_util/pheap.c.obj
                0x0000000010001a20                ph_post_alloc_init
 .text.ph_merge_two_pass
                0x0000000010001a5c       0x90 CMakeFiles/mbot_motor_test.dir/__/lib/pico-sdk/src/common/pico_util/pheap.c.obj
                0x0000000010001a5c                ph_merge_two_pass
 .text.ph_remove_any_head
                0x0000000010001aec       0xf8 CMakeFiles/mbot_motor_test.dir/__/lib/pico-sdk/src/common/pico_util/pheap.c.obj
 .text.ph_remove_head
                0x0000000010001be4      0x13c CMakeFiles/mbot_motor_test.dir/__/lib/pico-sdk/src/common/pico_util/pheap.c.obj
                0x0000000010001be4                ph_remove_head
 .text.ph_remove_and_free_node
                0x0000000010001d20       0x7c CMakeFiles/mbot_motor_test.dir/__/lib/pico-sdk/src/common/pico_util/pheap.c.obj
                0x0000000010001d20                ph_remove_and_free_node
 .text.mutex_init
                0x0000000010001d9c       0x1c CMakeFiles/mbot_motor_test.dir/__/lib/pico-sdk/src/common/pico_sync/mutex.c.obj
                0x0000000010001d9c                mutex_init
 .text.recursive_mutex_init
                0x0000000010001db8       0x1c CMakeFiles/mbot_motor_test.dir/__/lib/pico-sdk/src/common/pico_sync/mutex.c.obj
                0x0000000010001db8                recursive_mutex_init
 .text.critical_section_init
                0x0000000010001dd4       0x1c CMakeFiles/mbot_motor_test.dir/__/lib/pico-sdk/src/common/pico_sync/critical_section.c.obj
                0x0000000010001dd4                critical_section_init
 .text.runtime_init
                0x0000000010001df0       0xf0 CMakeFiles/mbot_motor_test.dir/__/lib/pico-sdk/src/rp2_common/pico_runtime/runtime.c.obj
                0x0000000010001df0                runtime_init
 .text._sbrk    0x0000000010001ee0       0x34 CMakeFiles/mbot_motor_test.dir/__/lib/pico-sdk/src/rp2_common/pico_runtime/runtime.c.obj
                0x0000000010001ee0                _sbrk
 .text.exit     0x0000000010001f14        0x4 CMakeFiles/mbot_motor_test.dir/__/lib/pico-sdk/src/rp2_common/pico_runtime/runtime.c.obj
                0x0000000010001f14                exit
 .text.panic    0x0000000010001f18       0x30 CMakeFiles/mbot_motor_test.dir/__/lib/pico-sdk/src/rp2_common/pico_runtime/runtime.c.obj
                0x0000000010001f18                panic
 .text.hard_assertion_failure
                0x0000000010001f48        0xc CMakeFiles/mbot_motor_test.dir/__/lib/pico-sdk/src/rp2_common/pico_runtime/runtime.c.obj
                0x0000000010001f48                hard_assertion_failure
 .text.clock_configure
                0x0000000010001f54      0x114 CMakeFiles/mbot_motor_test.dir/__/lib/pico-sdk/src/rp2_common/hardware_clocks/clocks.c.obj
                0x0000000010001f54                clock_configure
 .text.clocks_init
                0x0000000010002068      0x2bc CMakeFiles/mbot_motor_test.dir/__/lib/pico-sdk/src/rp2_common/hardware_clocks/clocks.c.obj
                0x0000000010002068                clocks_init
 .text.clock_get_hz
                0x0000000010002324        0xc CMakeFiles/mbot_motor_test.dir/__/lib/pico-sdk/src/rp2_common/hardware_clocks/clocks.c.obj
                0x0000000010002324                clock_get_hz
 .text.pll_init
                0x0000000010002330       0xa8 CMakeFiles/mbot_motor_test.dir/__/lib/pico-sdk/src/rp2_common/hardware_pll/pll.c.obj
                0x0000000010002330                pll_init
 .text.watchdog_start_tick
                0x00000000100023d8       0x10 CMakeFiles/mbot_motor_test.dir/__/lib/pico-sdk/src/rp2_common/hardware_watchdog/watchdog.c.obj
                0x00000000100023d8                watchdog_start_tick
 .text.watchdog_reboot
                0x00000000100023e8       0x98 CMakeFiles/mbot_motor_test.dir/__/lib/pico-sdk/src/rp2_common/hardware_watchdog/watchdog.c.obj
                0x00000000100023e8                watchdog_reboot
 .text.xosc_init
                0x0000000010002480       0x28 CMakeFiles/mbot_motor_test.dir/__/lib/pico-sdk/src/rp2_common/hardware_xosc/xosc.c.obj
                0x0000000010002480                xosc_init
 .text._out_null
                0x00000000100024a8        0x4 CMakeFiles/mbot_motor_test.dir/__/lib/pico-sdk/src/rp2_common/pico_printf/printf.c.obj
 .text._out_rev
                0x00000000100024ac       0xd0 CMakeFiles/mbot_motor_test.dir/__/lib/pico-sdk/src/rp2_common/pico_printf/printf.c.obj
 .text._ntoa_format
                0x000000001000257c      0x1d0 CMakeFiles/mbot_motor_test.dir/__/lib/pico-sdk/src/rp2_common/pico_printf/printf.c.obj
 .text._out_char
                0x000000001000274c       0x10 CMakeFiles/mbot_motor_test.dir/__/lib/pico-sdk/src/rp2_common/pico_printf/printf.c.obj
 .text._out_fct
                0x000000001000275c       0x10 CMakeFiles/mbot_motor_test.dir/__/lib/pico-sdk/src/rp2_common/pico_printf/printf.c.obj
 .text._etoa    0x000000001000276c      0x478 CMakeFiles/mbot_motor_test.dir/__/lib/pico-sdk/src/rp2_common/pico_printf/printf.c.obj
 .text._ftoa    0x0000000010002be4      0x3e0 CMakeFiles/mbot_motor_test.dir/__/lib/pico-sdk/src/rp2_common/pico_printf/printf.c.obj
 .text._vsnprintf
                0x0000000010002fc4      0xb08 CMakeFiles/mbot_motor_test.dir/__/lib/pico-sdk/src/rp2_common/pico_printf/printf.c.obj
 .text.vfctprintf
                0x0000000010003acc       0x20 CMakeFiles/mbot_motor_test.dir/__/lib/pico-sdk/src/rp2_common/pico_printf/printf.c.obj
                0x0000000010003acc                vfctprintf
 .text.weak_raw_vprintf
                0x0000000010003aec       0x30 CMakeFiles/mbot_motor_test.dir/__/lib/pico-sdk/src/rp2_common/pico_printf/printf.c.obj
                0x0000000010003aec                weak_raw_vprintf
 .text          0x0000000010003b1c       0x10 CMakeFiles/mbot_motor_test.dir/__/lib/pico-sdk/src/rp2_common/pico_bit_ops/bit_ops_aeabi.S.obj
 .text.rom_func_lookup
                0x0000000010003b2c       0x10 CMakeFiles/mbot_motor_test.dir/__/lib/pico-sdk/src/rp2_common/pico_bootrom/bootrom.c.obj
                0x0000000010003b2c                rom_func_lookup
 .text.rom_data_lookup
                0x0000000010003b3c       0x10 CMakeFiles/mbot_motor_test.dir/__/lib/pico-sdk/src/rp2_common/pico_bootrom/bootrom.c.obj
                0x0000000010003b3c                rom_data_lookup
 .text.rom_funcs_lookup
                0x0000000010003b4c       0x3c CMakeFiles/mbot_motor_test.dir/__/lib/pico-sdk/src/rp2_common/pico_bootrom/bootrom.c.obj
                0x0000000010003b4c                rom_funcs_lookup
 .text.__wrap___aeabi_idiv
                0x0000000010003b88       0x50 CMakeFiles/mbot_motor_test.dir/__/lib/pico-sdk/src/rp2_common/pico_divider/divider.S.obj
                0x0000000010003b88                __wrap___aeabi_idivmod
                0x0000000010003b88                divmod_s32s32
                0x0000000010003b88                div_s32s32
                0x0000000010003b88                __wrap___aeabi_idiv
                0x0000000010003b90                divmod_s32s32_unsafe
                0x0000000010003bbc                divmod_s32s32_savestate
 .text.__wrap___aeabi_uidiv
                0x0000000010003bd8       0x4c CMakeFiles/mbot_motor_test.dir/__/lib/pico-sdk/src/rp2_common/pico_divider/divider.S.obj
                0x0000000010003bd8                __wrap___aeabi_uidiv
                0x0000000010003bd8                __wrap___aeabi_uidivmod
                0x0000000010003bd8                div_u32u32
                0x0000000010003bd8                divmod_u32u32
                0x0000000010003be0                divmod_u32u32_unsafe
                0x0000000010003c08                divmod_u32u32_savestate
 .text.__wrap___aeabi_ldiv
                0x0000000010003c24      0x434 CMakeFiles/mbot_motor_test.dir/__/lib/pico-sdk/src/rp2_common/pico_divider/divider.S.obj
                0x0000000010003c24                div_s64s64
                0x0000000010003c24                divmod_s64s64
                0x0000000010003c24                __wrap___aeabi_ldivmod
                0x0000000010003c5c                div_u64u64
                0x0000000010003c5c                divmod_u64u64
                0x0000000010003c5c                __wrap___aeabi_uldivmod
                0x0000000010003c6c                divmod_u64u64_savestate
                0x0000000010003c94                divmod_s64s64_unsafe
                0x0000000010003d1c                divmod_u64u64_unsafe
 .text.__wrap___aeabi_darithmetic
                0x0000000010004058       0x80 CMakeFiles/mbot_motor_test.dir/__/lib/pico-sdk/src/rp2_common/pico_double/double_aeabi.S.obj
                0x0000000010004058                __wrap___aeabi_drsub
                0x000000001000405e                __wrap___aeabi_dsub
                0x0000000010004070                __wrap___aeabi_dadd
                0x0000000010004082                __wrap___aeabi_ddiv
                0x00000000100040be                __wrap___aeabi_dmul
 .text.__wrap___aeabi_cdcmple
                0x00000000100040d8       0x6c CMakeFiles/mbot_motor_test.dir/__/lib/pico-sdk/src/rp2_common/pico_double/double_aeabi.S.obj
                0x00000000100040d8                __wrap___aeabi_cdrcmple
                0x00000000100040e8                __wrap___aeabi_cdcmple
                0x00000000100040e8                __wrap___aeabi_cdcmpeq
 .text.__wrap___aeabi_dcmplt
                0x0000000010004144        0xc CMakeFiles/mbot_motor_test.dir/__/lib/pico-sdk/src/rp2_common/pico_double/double_aeabi.S.obj
                0x0000000010004144                __wrap___aeabi_dcmplt
 .text.__wrap___aeabi_dcmple
                0x0000000010004150       0x10 CMakeFiles/mbot_motor_test.dir/__/lib/pico-sdk/src/rp2_common/pico_double/double_aeabi.S.obj
                0x0000000010004150                __wrap___aeabi_dcmple
 .text.__wrap___aeabi_dcmpge
                0x0000000010004160       0x10 CMakeFiles/mbot_motor_test.dir/__/lib/pico-sdk/src/rp2_common/pico_double/double_aeabi.S.obj
                0x0000000010004160                __wrap___aeabi_dcmpge
 .text.__wrap___aeabi_dcmpgt
                0x0000000010004170        0xa CMakeFiles/mbot_motor_test.dir/__/lib/pico-sdk/src/rp2_common/pico_double/double_aeabi.S.obj
                0x0000000010004170                __wrap___aeabi_dcmpgt
 .text.__wrap___aeabi_dcmpun
                0x000000001000417a       0x1c CMakeFiles/mbot_motor_test.dir/__/lib/pico-sdk/src/rp2_common/pico_double/double_aeabi.S.obj
                0x000000001000417a                __wrap___aeabi_dcmpun
 *fill*         0x0000000010004196        0x2 
 .text.__wrap___aeabi_i2d
                0x0000000010004198       0x38 CMakeFiles/mbot_motor_test.dir/__/lib/pico-sdk/src/rp2_common/pico_double/double_aeabi.S.obj
                0x0000000010004198                __wrap___aeabi_ui2d
                0x00000000100041a0                __wrap___aeabi_i2d
 .text.__wrap___aeabi_d2iz
                0x00000000100041d0       0x48 CMakeFiles/mbot_motor_test.dir/__/lib/pico-sdk/src/rp2_common/pico_double/double_aeabi.S.obj
                0x00000000100041d0                __wrap___aeabi_d2iz
                0x00000000100041d0                double2int_z
 .text.__wrap___aeabi_d2uiz
                0x0000000010004218       0x18 CMakeFiles/mbot_motor_test.dir/__/lib/pico-sdk/src/rp2_common/pico_double/double_aeabi.S.obj
                0x0000000010004218                double2uint
                0x0000000010004218                __wrap___aeabi_d2uiz
 .text.__wrap___aeabi_d2f
                0x0000000010004230       0x18 CMakeFiles/mbot_motor_test.dir/__/lib/pico-sdk/src/rp2_common/pico_double/double_aeabi.S.obj
                0x0000000010004230                __wrap___aeabi_d2f
 .text.__aeabi_double_init
                0x0000000010004248       0xc0 CMakeFiles/mbot_motor_test.dir/__/lib/pico-sdk/src/rp2_common/pico_double/double_init_rom.c.obj
                0x0000000010004248                __aeabi_double_init
 .text.double_table_shim_on_use_helper
                0x0000000010004308       0x2c CMakeFiles/mbot_motor_test.dir/__/lib/pico-sdk/src/rp2_common/pico_double/double_v1_rom_shim.S.obj
                0x0000000010004308                double_table_shim_on_use_helper
 .text.__wrap___aeabi_dsub
                0x0000000010004334       0x10 CMakeFiles/mbot_motor_test.dir/__/lib/pico-sdk/src/rp2_common/pico_double/double_v1_rom_shim.S.obj
                0x0000000010004334                drsub_shim
                0x000000001000433a                dsub_shim
 .text.dadd_shim
                0x0000000010004344      0x15c CMakeFiles/mbot_motor_test.dir/__/lib/pico-sdk/src/rp2_common/pico_double/double_v1_rom_shim.S.obj
                0x0000000010004344                dadd_shim
 .text.dmul_shim
                0x00000000100044a0      0x15c CMakeFiles/mbot_motor_test.dir/__/lib/pico-sdk/src/rp2_common/pico_double/double_v1_rom_shim.S.obj
                0x00000000100044a0                dmul_shim
 .text.ddiv_shim
                0x00000000100045fc      0x1b0 CMakeFiles/mbot_motor_test.dir/__/lib/pico-sdk/src/rp2_common/pico_double/double_v1_rom_shim.S.obj
                0x00000000100045fc                ddiv_shim
 .text.double2uint_shim
                0x00000000100047ac        0xe CMakeFiles/mbot_motor_test.dir/__/lib/pico-sdk/src/rp2_common/pico_double/double_v1_rom_shim.S.obj
                0x00000000100047ac                double2uint_shim
                0x00000000100047ae                double2ufix_shim
 *fill*         0x00000000100047ba        0x2 
 .text.double2uint64_shim
                0x00000000100047bc       0x70 CMakeFiles/mbot_motor_test.dir/__/lib/pico-sdk/src/rp2_common/pico_double/double_v1_rom_shim.S.obj
                0x00000000100047bc                double2uint64_shim
                0x00000000100047be                double2ufix64_shim
                0x00000000100047de                d2fix_a
 .text.double2float_shim
                0x000000001000482c       0x5c CMakeFiles/mbot_motor_test.dir/__/lib/pico-sdk/src/rp2_common/pico_double/double_v1_rom_shim.S.obj
                0x000000001000482c                double2float_shim
 .text.dunpacks
                0x0000000010004888       0x3c CMakeFiles/mbot_motor_test.dir/__/lib/pico-sdk/src/rp2_common/pico_double/double_v1_rom_shim.S.obj
                0x0000000010004888                dunpacks
 .text.__aeabi_lmul
                0x00000000100048c4       0x32 CMakeFiles/mbot_motor_test.dir/__/lib/pico-sdk/src/rp2_common/pico_int64_ops/pico_int64_ops_aeabi.S.obj
                0x00000000100048c4                __wrap___aeabi_lmul
 *fill*         0x00000000100048f6        0x2 
 .text.__wrap___aeabi_farithmetic
                0x00000000100048f8       0x48 CMakeFiles/mbot_motor_test.dir/__/lib/pico-sdk/src/rp2_common/pico_float/float_aeabi.S.obj
                0x00000000100048f8                __wrap___aeabi_frsub
                0x00000000100048fe                __wrap___aeabi_fsub
                0x0000000010004904                __wrap___aeabi_fadd
                0x000000001000490a                __wrap___aeabi_fdiv
                0x0000000010004932                __wrap___aeabi_fmul
 .text.__wrap___aeabi_cfcmple
                0x0000000010004940       0x50 CMakeFiles/mbot_motor_test.dir/__/lib/pico-sdk/src/rp2_common/pico_float/float_aeabi.S.obj
                0x0000000010004940                __wrap___aeabi_cfrcmple
                0x000000001000494c                __wrap___aeabi_cfcmpeq
                0x000000001000494c                __wrap___aeabi_cfcmple
 .text.__wrap___aeabi_fcmplt
                0x0000000010004990        0xc CMakeFiles/mbot_motor_test.dir/__/lib/pico-sdk/src/rp2_common/pico_float/float_aeabi.S.obj
                0x0000000010004990                __wrap___aeabi_fcmplt
 .text.__wrap___aeabi_fcmpge
                0x000000001000499c       0x10 CMakeFiles/mbot_motor_test.dir/__/lib/pico-sdk/src/rp2_common/pico_float/float_aeabi.S.obj
                0x000000001000499c                __wrap___aeabi_fcmpge
 .text.__wrap___aeabi_fcmpgt
                0x00000000100049ac        0xa CMakeFiles/mbot_motor_test.dir/__/lib/pico-sdk/src/rp2_common/pico_float/float_aeabi.S.obj
                0x00000000100049ac                __wrap___aeabi_fcmpgt
 *fill*         0x00000000100049b6        0x2 
 .text.__wrap___aeabi_i2f
                0x00000000100049b8       0x44 CMakeFiles/mbot_motor_test.dir/__/lib/pico-sdk/src/rp2_common/pico_float/float_aeabi.S.obj
                0x00000000100049b8                __wrap___aeabi_i2f
 .text.__wrap___aeabi_f2uiz
                0x00000000100049fc        0xc CMakeFiles/mbot_motor_test.dir/__/lib/pico-sdk/src/rp2_common/pico_float/float_aeabi.S.obj
                0x00000000100049fc                __wrap___aeabi_f2uiz
 .text.__wrap___aeabi_f2d
                0x0000000010004a08       0x14 CMakeFiles/mbot_motor_test.dir/__/lib/pico-sdk/src/rp2_common/pico_float/float_aeabi.S.obj
                0x0000000010004a08                __wrap___aeabi_f2d
 .text.__aeabi_float_init
                0x0000000010004a1c       0x64 CMakeFiles/mbot_motor_test.dir/__/lib/pico-sdk/src/rp2_common/pico_float/float_init_rom.c.obj
                0x0000000010004a1c                __aeabi_float_init
 .text.float_table_shim_on_use_helper
                0x0000000010004a80       0x2c CMakeFiles/mbot_motor_test.dir/__/lib/pico-sdk/src/rp2_common/pico_float/float_v1_rom_shim.S.obj
                0x0000000010004a80                float_table_shim_on_use_helper
 .text.float2double_shim
                0x0000000010004aac       0x30 CMakeFiles/mbot_motor_test.dir/__/lib/pico-sdk/src/rp2_common/pico_float/float_v1_rom_shim.S.obj
                0x0000000010004aac                float2double_shim
 .text          0x0000000010004adc       0x10 CMakeFiles/mbot_motor_test.dir/__/lib/pico-sdk/src/rp2_common/pico_mem_ops/mem_ops_aeabi.S.obj
                0x0000000010004adc                __aeabi_mem_init
 .text.memset   0x0000000010004aec        0xc CMakeFiles/mbot_motor_test.dir/__/lib/pico-sdk/src/rp2_common/pico_mem_ops/mem_ops_aeabi.S.obj
                0x0000000010004aec                __wrap_memset
 .text.memcpy   0x0000000010004af8        0xc CMakeFiles/mbot_motor_test.dir/__/lib/pico-sdk/src/rp2_common/pico_mem_ops/mem_ops_aeabi.S.obj
                0x0000000010004af8                __wrap___aeabi_memcpy
                0x0000000010004af8                __wrap_memcpy
 .text.stdio_out_chars_no_crlf
                0x0000000010004b04       0x10 CMakeFiles/mbot_motor_test.dir/__/lib/pico-sdk/src/rp2_common/pico_stdio/stdio.c.obj
 .text.stdio_out_chars_crlf
                0x0000000010004b14       0x94 CMakeFiles/mbot_motor_test.dir/__/lib/pico-sdk/src/rp2_common/pico_stdio/stdio.c.obj
 .text.stdio_buffered_printer
                0x0000000010004ba8       0x64 CMakeFiles/mbot_motor_test.dir/__/lib/pico-sdk/src/rp2_common/pico_stdio/stdio.c.obj
 .text.stdio_put_string
                0x0000000010004c0c      0x100 CMakeFiles/mbot_motor_test.dir/__/lib/pico-sdk/src/rp2_common/pico_stdio/stdio.c.obj
 .text.__wrap_putchar
                0x0000000010004d0c       0xa4 CMakeFiles/mbot_motor_test.dir/__/lib/pico-sdk/src/rp2_common/pico_stdio/stdio.c.obj
                0x0000000010004d0c                __wrap_putchar
 .text.__wrap_puts
                0x0000000010004db0       0x3c CMakeFiles/mbot_motor_test.dir/__/lib/pico-sdk/src/rp2_common/pico_stdio/stdio.c.obj
                0x0000000010004db0                __wrap_puts
 .text._read    0x0000000010004dec       0x94 CMakeFiles/mbot_motor_test.dir/__/lib/pico-sdk/src/rp2_common/pico_stdio/stdio.c.obj
                0x0000000010004dec                _read
 .text._write   0x0000000010004e80       0xac CMakeFiles/mbot_motor_test.dir/__/lib/pico-sdk/src/rp2_common/pico_stdio/stdio.c.obj
                0x0000000010004e80                _write
 .text.stdio_set_driver_enabled
                0x0000000010004f2c       0x30 CMakeFiles/mbot_motor_test.dir/__/lib/pico-sdk/src/rp2_common/pico_stdio/stdio.c.obj
                0x0000000010004f2c                stdio_set_driver_enabled
 .text.__wrap_vprintf
                0x0000000010004f5c       0xd8 CMakeFiles/mbot_motor_test.dir/__/lib/pico-sdk/src/rp2_common/pico_stdio/stdio.c.obj
                0x0000000010004f5c                __wrap_vprintf
 .text.__wrap_printf
                0x0000000010005034       0x18 CMakeFiles/mbot_motor_test.dir/__/lib/pico-sdk/src/rp2_common/pico_stdio/stdio.c.obj
                0x0000000010005034                __wrap_printf
 .text.stdio_init_all
                0x000000001000504c        0x8 CMakeFiles/mbot_motor_test.dir/__/lib/pico-sdk/src/rp2_common/pico_stdio/stdio.c.obj
                0x000000001000504c                stdio_init_all
 .text.resetd_init
                0x0000000010005054        0x4 CMakeFiles/mbot_motor_test.dir/__/lib/pico-sdk/src/rp2_common/pico_stdio_usb/reset_interface.c.obj
 .text.resetd_reset
                0x0000000010005058        0xc CMakeFiles/mbot_motor_test.dir/__/lib/pico-sdk/src/rp2_common/pico_stdio_usb/reset_interface.c.obj
 .text.resetd_open
                0x0000000010005064       0x28 CMakeFiles/mbot_motor_test.dir/__/lib/pico-sdk/src/rp2_common/pico_stdio_usb/reset_interface.c.obj
 .text.resetd_xfer_cb
                0x000000001000508c        0x4 CMakeFiles/mbot_motor_test.dir/__/lib/pico-sdk/src/rp2_common/pico_stdio_usb/reset_interface.c.obj
 .text.resetd_control_xfer_cb
                0x0000000010005090       0x64 CMakeFiles/mbot_motor_test.dir/__/lib/pico-sdk/src/rp2_common/pico_stdio_usb/reset_interface.c.obj
 .text.usbd_app_driver_get_cb
                0x00000000100050f4        0xc CMakeFiles/mbot_motor_test.dir/__/lib/pico-sdk/src/rp2_common/pico_stdio_usb/reset_interface.c.obj
                0x00000000100050f4                usbd_app_driver_get_cb
 .text.tud_cdc_line_coding_cb
                0x0000000010005100       0x34 CMakeFiles/mbot_motor_test.dir/__/lib/pico-sdk/src/rp2_common/pico_stdio_usb/reset_interface.c.obj
                0x0000000010005100                tud_cdc_line_coding_cb
 .text.stdio_usb_in_chars
                0x0000000010005134       0x68 CMakeFiles/mbot_motor_test.dir/__/lib/pico-sdk/src/rp2_common/pico_stdio_usb/stdio_usb.c.obj
                0x0000000010005134                stdio_usb_in_chars
 .text.stdio_usb_out_chars
                0x000000001000519c       0xec CMakeFiles/mbot_motor_test.dir/__/lib/pico-sdk/src/rp2_common/pico_stdio_usb/stdio_usb.c.obj
 .text.timer_task
                0x0000000010005288       0x18 CMakeFiles/mbot_motor_test.dir/__/lib/pico-sdk/src/rp2_common/pico_stdio_usb/stdio_usb.c.obj
 .text.usb_irq  0x00000000100052a0       0x10 CMakeFiles/mbot_motor_test.dir/__/lib/pico-sdk/src/rp2_common/pico_stdio_usb/stdio_usb.c.obj
 .text.low_priority_worker_irq
                0x00000000100052b0       0x24 CMakeFiles/mbot_motor_test.dir/__/lib/pico-sdk/src/rp2_common/pico_stdio_usb/stdio_usb.c.obj
 .text.stdio_usb_init
                0x00000000100052d4       0xb0 CMakeFiles/mbot_motor_test.dir/__/lib/pico-sdk/src/rp2_common/pico_stdio_usb/stdio_usb.c.obj
                0x00000000100052d4                stdio_usb_init
 .text.tud_descriptor_device_cb
                0x0000000010005384        0x8 CMakeFiles/mbot_motor_test.dir/__/lib/pico-sdk/src/rp2_common/pico_stdio_usb/stdio_usb_descriptors.c.obj
                0x0000000010005384                tud_descriptor_device_cb
 .text.tud_descriptor_configuration_cb
                0x000000001000538c        0x8 CMakeFiles/mbot_motor_test.dir/__/lib/pico-sdk/src/rp2_common/pico_stdio_usb/stdio_usb_descriptors.c.obj
                0x000000001000538c                tud_descriptor_configuration_cb
 .text.tud_descriptor_string_cb
                0x0000000010005394       0x70 CMakeFiles/mbot_motor_test.dir/__/lib/pico-sdk/src/rp2_common/pico_stdio_usb/stdio_usb_descriptors.c.obj
                0x0000000010005394                tud_descriptor_string_cb
 .text.dcd_rp2040_irq
                0x0000000010005404      0x21c CMakeFiles/mbot_motor_test.dir/__/lib/pico-sdk/lib/tinyusb/src/portable/raspberrypi/rp2040/dcd_rp2040.c.obj
 .text.dcd_int_enable
                0x0000000010005620        0xc CMakeFiles/mbot_motor_test.dir/__/lib/pico-sdk/lib/tinyusb/src/portable/raspberrypi/rp2040/dcd_rp2040.c.obj
                0x0000000010005620                dcd_int_enable
 .text.dcd_set_address
                0x000000001000562c       0x14 CMakeFiles/mbot_motor_test.dir/__/lib/pico-sdk/lib/tinyusb/src/portable/raspberrypi/rp2040/dcd_rp2040.c.obj
                0x000000001000562c                dcd_set_address
 .text.dcd_connect
                0x0000000010005640       0x10 CMakeFiles/mbot_motor_test.dir/__/lib/pico-sdk/lib/tinyusb/src/portable/raspberrypi/rp2040/dcd_rp2040.c.obj
                0x0000000010005640                dcd_connect
 .text.dcd_init
                0x0000000010005650      0x148 CMakeFiles/mbot_motor_test.dir/__/lib/pico-sdk/lib/tinyusb/src/portable/raspberrypi/rp2040/dcd_rp2040.c.obj
                0x0000000010005650                dcd_init
 .text.dcd_edpt0_status_complete
                0x0000000010005798       0x1c CMakeFiles/mbot_motor_test.dir/__/lib/pico-sdk/lib/tinyusb/src/portable/raspberrypi/rp2040/dcd_rp2040.c.obj
                0x0000000010005798                dcd_edpt0_status_complete
 .text.dcd_edpt_open
                0x00000000100057b4       0xf0 CMakeFiles/mbot_motor_test.dir/__/lib/pico-sdk/lib/tinyusb/src/portable/raspberrypi/rp2040/dcd_rp2040.c.obj
                0x00000000100057b4                dcd_edpt_open
 .text.dcd_edpt_close_all
                0x00000000100058a4       0xbc CMakeFiles/mbot_motor_test.dir/__/lib/pico-sdk/lib/tinyusb/src/portable/raspberrypi/rp2040/dcd_rp2040.c.obj
                0x00000000100058a4                dcd_edpt_close_all
 .text.dcd_edpt_xfer
                0x0000000010005960       0x24 CMakeFiles/mbot_motor_test.dir/__/lib/pico-sdk/lib/tinyusb/src/portable/raspberrypi/rp2040/dcd_rp2040.c.obj
                0x0000000010005960                dcd_edpt_xfer
 .text.dcd_edpt_stall
                0x0000000010005984       0x38 CMakeFiles/mbot_motor_test.dir/__/lib/pico-sdk/lib/tinyusb/src/portable/raspberrypi/rp2040/dcd_rp2040.c.obj
                0x0000000010005984                dcd_edpt_stall
 .text.dcd_edpt_clear_stall
                0x00000000100059bc       0x30 CMakeFiles/mbot_motor_test.dir/__/lib/pico-sdk/lib/tinyusb/src/portable/raspberrypi/rp2040/dcd_rp2040.c.obj
                0x00000000100059bc                dcd_edpt_clear_stall
 .text._hw_endpoint_buffer_control_update32.part.0
                0x00000000100059ec       0x20 CMakeFiles/mbot_motor_test.dir/__/lib/pico-sdk/lib/tinyusb/src/portable/raspberrypi/rp2040/rp2040_usb.c.obj
 .text.rp2040_usb_init
                0x0000000010005a0c       0x4c CMakeFiles/mbot_motor_test.dir/__/lib/pico-sdk/lib/tinyusb/src/portable/raspberrypi/rp2040/rp2040_usb.c.obj
                0x0000000010005a0c                rp2040_usb_init
 .text.hw_endpoint_reset_transfer
                0x0000000010005a58        0xc CMakeFiles/mbot_motor_test.dir/__/lib/pico-sdk/lib/tinyusb/src/portable/raspberrypi/rp2040/rp2040_usb.c.obj
                0x0000000010005a58                hw_endpoint_reset_transfer
 .text._hw_endpoint_buffer_control_update32
                0x0000000010005a64       0x40 CMakeFiles/mbot_motor_test.dir/__/lib/pico-sdk/lib/tinyusb/src/portable/raspberrypi/rp2040/rp2040_usb.c.obj
                0x0000000010005a64                _hw_endpoint_buffer_control_update32
 .text.hw_endpoint_xfer_start
                0x0000000010005aa4      0x138 CMakeFiles/mbot_motor_test.dir/__/lib/pico-sdk/lib/tinyusb/src/portable/raspberrypi/rp2040/rp2040_usb.c.obj
                0x0000000010005aa4                hw_endpoint_xfer_start
 .text.hw_endpoint_xfer_continue
                0x0000000010005bdc      0x1e4 CMakeFiles/mbot_motor_test.dir/__/lib/pico-sdk/lib/tinyusb/src/portable/raspberrypi/rp2040/rp2040_usb.c.obj
                0x0000000010005bdc                hw_endpoint_xfer_continue
 .text.tud_mounted
                0x0000000010005dc0       0x10 CMakeFiles/mbot_motor_test.dir/__/lib/pico-sdk/lib/tinyusb/src/device/usbd.c.obj
                0x0000000010005dc0                tud_mounted
 .text.tud_suspended
                0x0000000010005dd0       0x10 CMakeFiles/mbot_motor_test.dir/__/lib/pico-sdk/lib/tinyusb/src/device/usbd.c.obj
                0x0000000010005dd0                tud_suspended
 .text.tud_inited
                0x0000000010005de0        0xc CMakeFiles/mbot_motor_test.dir/__/lib/pico-sdk/lib/tinyusb/src/device/usbd.c.obj
                0x0000000010005de0                tud_inited
 .text.tud_init
                0x0000000010005dec       0xd8 CMakeFiles/mbot_motor_test.dir/__/lib/pico-sdk/lib/tinyusb/src/device/usbd.c.obj
                0x0000000010005dec                tud_init
 .text.tud_task
                0x0000000010005ec4      0x8ec CMakeFiles/mbot_motor_test.dir/__/lib/pico-sdk/lib/tinyusb/src/device/usbd.c.obj
                0x0000000010005ec4                tud_task
 .text.dcd_event_bus_signal
                0x00000000100067b0      0x120 CMakeFiles/mbot_motor_test.dir/__/lib/pico-sdk/lib/tinyusb/src/device/usbd.c.obj
                0x00000000100067b0                dcd_event_bus_signal
 .text.dcd_event_bus_reset
                0x00000000100068d0       0x54 CMakeFiles/mbot_motor_test.dir/__/lib/pico-sdk/lib/tinyusb/src/device/usbd.c.obj
                0x00000000100068d0                dcd_event_bus_reset
 .text.dcd_event_setup_received
                0x0000000010006924       0x50 CMakeFiles/mbot_motor_test.dir/__/lib/pico-sdk/lib/tinyusb/src/device/usbd.c.obj
                0x0000000010006924                dcd_event_setup_received
 .text.dcd_event_xfer_complete
                0x0000000010006974       0x68 CMakeFiles/mbot_motor_test.dir/__/lib/pico-sdk/lib/tinyusb/src/device/usbd.c.obj
                0x0000000010006974                dcd_event_xfer_complete
 .text.usbd_open_edpt_pair
                0x00000000100069dc       0x80 CMakeFiles/mbot_motor_test.dir/__/lib/pico-sdk/lib/tinyusb/src/device/usbd.c.obj
                0x00000000100069dc                usbd_open_edpt_pair
 .text.usbd_edpt_open
                0x0000000010006a5c       0x30 CMakeFiles/mbot_motor_test.dir/__/lib/pico-sdk/lib/tinyusb/src/device/usbd.c.obj
                0x0000000010006a5c                usbd_edpt_open
 .text.usbd_edpt_claim
                0x0000000010006a8c       0x64 CMakeFiles/mbot_motor_test.dir/__/lib/pico-sdk/lib/tinyusb/src/device/usbd.c.obj
                0x0000000010006a8c                usbd_edpt_claim
 .text.usbd_edpt_release
                0x0000000010006af0       0x4c CMakeFiles/mbot_motor_test.dir/__/lib/pico-sdk/lib/tinyusb/src/device/usbd.c.obj
                0x0000000010006af0                usbd_edpt_release
 .text.usbd_edpt_xfer
                0x0000000010006b3c       0x48 CMakeFiles/mbot_motor_test.dir/__/lib/pico-sdk/lib/tinyusb/src/device/usbd.c.obj
                0x0000000010006b3c                usbd_edpt_xfer
 .text.tud_control_status
                0x0000000010006b84       0x30 CMakeFiles/mbot_motor_test.dir/__/lib/pico-sdk/lib/tinyusb/src/device/usbd_control.c.obj
                0x0000000010006b84                tud_control_status
 .text.tud_control_xfer
                0x0000000010006bb4       0xb8 CMakeFiles/mbot_motor_test.dir/__/lib/pico-sdk/lib/tinyusb/src/device/usbd_control.c.obj
                0x0000000010006bb4                tud_control_xfer
 .text.usbd_control_reset
                0x0000000010006c6c       0x14 CMakeFiles/mbot_motor_test.dir/__/lib/pico-sdk/lib/tinyusb/src/device/usbd_control.c.obj
                0x0000000010006c6c                usbd_control_reset
 .text.usbd_control_set_complete_callback
                0x0000000010006c80        0xc CMakeFiles/mbot_motor_test.dir/__/lib/pico-sdk/lib/tinyusb/src/device/usbd_control.c.obj
                0x0000000010006c80                usbd_control_set_complete_callback
 .text.usbd_control_set_request
                0x0000000010006c8c       0x1c CMakeFiles/mbot_motor_test.dir/__/lib/pico-sdk/lib/tinyusb/src/device/usbd_control.c.obj
                0x0000000010006c8c                usbd_control_set_request
 .text.usbd_control_xfer_cb
                0x0000000010006ca8       0xf8 CMakeFiles/mbot_motor_test.dir/__/lib/pico-sdk/lib/tinyusb/src/device/usbd_control.c.obj
                0x0000000010006ca8                usbd_control_xfer_cb
 .text.tud_cdc_n_connected
                0x0000000010006da0       0x30 CMakeFiles/mbot_motor_test.dir/__/lib/pico-sdk/lib/tinyusb/src/class/cdc/cdc_device.c.obj
                0x0000000010006da0                tud_cdc_n_connected
 .text.tud_cdc_n_available
                0x0000000010006dd0       0x1c CMakeFiles/mbot_motor_test.dir/__/lib/pico-sdk/lib/tinyusb/src/class/cdc/cdc_device.c.obj
                0x0000000010006dd0                tud_cdc_n_available
 .text.tud_cdc_n_read
                0x0000000010006dec       0x7c CMakeFiles/mbot_motor_test.dir/__/lib/pico-sdk/lib/tinyusb/src/class/cdc/cdc_device.c.obj
                0x0000000010006dec                tud_cdc_n_read
 .text.tud_cdc_n_write_flush
                0x0000000010006e68       0x7c CMakeFiles/mbot_motor_test.dir/__/lib/pico-sdk/lib/tinyusb/src/class/cdc/cdc_device.c.obj
                0x0000000010006e68                tud_cdc_n_write_flush
 .text.tud_cdc_n_write
                0x0000000010006ee4       0x38 CMakeFiles/mbot_motor_test.dir/__/lib/pico-sdk/lib/tinyusb/src/class/cdc/cdc_device.c.obj
                0x0000000010006ee4                tud_cdc_n_write
 .text.tud_cdc_n_write_available
                0x0000000010006f1c       0x1c CMakeFiles/mbot_motor_test.dir/__/lib/pico-sdk/lib/tinyusb/src/class/cdc/cdc_device.c.obj
                0x0000000010006f1c                tud_cdc_n_write_available
 .text.cdcd_init
                0x0000000010006f38      0x130 CMakeFiles/mbot_motor_test.dir/__/lib/pico-sdk/lib/tinyusb/src/class/cdc/cdc_device.c.obj
                0x0000000010006f38                cdcd_init
 .text.cdcd_reset
                0x0000000010007068       0x64 CMakeFiles/mbot_motor_test.dir/__/lib/pico-sdk/lib/tinyusb/src/class/cdc/cdc_device.c.obj
                0x0000000010007068                cdcd_reset
 .text.cdcd_open
                0x00000000100070cc      0x144 CMakeFiles/mbot_motor_test.dir/__/lib/pico-sdk/lib/tinyusb/src/class/cdc/cdc_device.c.obj
                0x00000000100070cc                cdcd_open
 .text.cdcd_control_xfer_cb
                0x0000000010007210       0xfc CMakeFiles/mbot_motor_test.dir/__/lib/pico-sdk/lib/tinyusb/src/class/cdc/cdc_device.c.obj
                0x0000000010007210                cdcd_control_xfer_cb
 .text.cdcd_xfer_cb
                0x000000001000730c      0x184 CMakeFiles/mbot_motor_test.dir/__/lib/pico-sdk/lib/tinyusb/src/class/cdc/cdc_device.c.obj
                0x000000001000730c                cdcd_xfer_cb
 .text.tusb_init
                0x0000000010007490        0xc CMakeFiles/mbot_motor_test.dir/__/lib/pico-sdk/lib/tinyusb/src/tusb.c.obj
                0x0000000010007490                tusb_init
 .text.tusb_inited
                0x000000001000749c        0x8 CMakeFiles/mbot_motor_test.dir/__/lib/pico-sdk/lib/tinyusb/src/tusb.c.obj
                0x000000001000749c                tusb_inited
 .text.tu_edpt_validate
                0x00000000100074a4       0x78 CMakeFiles/mbot_motor_test.dir/__/lib/pico-sdk/lib/tinyusb/src/tusb.c.obj
                0x00000000100074a4                tu_edpt_validate
 .text.tu_edpt_bind_driver
                0x000000001000751c       0x2c CMakeFiles/mbot_motor_test.dir/__/lib/pico-sdk/lib/tinyusb/src/tusb.c.obj
                0x000000001000751c                tu_edpt_bind_driver
 .text.tu_fifo_config
                0x0000000010007548       0x78 CMakeFiles/mbot_motor_test.dir/__/lib/pico-sdk/lib/tinyusb/src/common/tusb_fifo.c.obj
                0x0000000010007548                tu_fifo_config
 .text.tu_fifo_count
                0x00000000100075c0       0x20 CMakeFiles/mbot_motor_test.dir/__/lib/pico-sdk/lib/tinyusb/src/common/tusb_fifo.c.obj
                0x00000000100075c0                tu_fifo_count
 .text.tu_fifo_empty
                0x00000000100075e0       0x10 CMakeFiles/mbot_motor_test.dir/__/lib/pico-sdk/lib/tinyusb/src/common/tusb_fifo.c.obj
                0x00000000100075e0                tu_fifo_empty
 .text.tu_fifo_remaining
                0x00000000100075f0       0x1c CMakeFiles/mbot_motor_test.dir/__/lib/pico-sdk/lib/tinyusb/src/common/tusb_fifo.c.obj
                0x00000000100075f0                tu_fifo_remaining
 .text.tu_fifo_read
                0x000000001000760c       0x9c CMakeFiles/mbot_motor_test.dir/__/lib/pico-sdk/lib/tinyusb/src/common/tusb_fifo.c.obj
                0x000000001000760c                tu_fifo_read
 .text.tu_fifo_read_n
                0x00000000100076a8      0x100 CMakeFiles/mbot_motor_test.dir/__/lib/pico-sdk/lib/tinyusb/src/common/tusb_fifo.c.obj
                0x00000000100076a8                tu_fifo_read_n
 .text.tu_fifo_write
                0x00000000100077a8       0x7c CMakeFiles/mbot_motor_test.dir/__/lib/pico-sdk/lib/tinyusb/src/common/tusb_fifo.c.obj
                0x00000000100077a8                tu_fifo_write
 .text.tu_fifo_write_n
                0x0000000010007824       0xf8 CMakeFiles/mbot_motor_test.dir/__/lib/pico-sdk/lib/tinyusb/src/common/tusb_fifo.c.obj
                0x0000000010007824                tu_fifo_write_n
 .text.tu_fifo_clear
                0x000000001000791c       0x4c CMakeFiles/mbot_motor_test.dir/__/lib/pico-sdk/lib/tinyusb/src/common/tusb_fifo.c.obj
                0x000000001000791c                tu_fifo_clear
 .text.tu_fifo_set_overwritable
                0x0000000010007968       0x3c CMakeFiles/mbot_motor_test.dir/__/lib/pico-sdk/lib/tinyusb/src/common/tusb_fifo.c.obj
                0x0000000010007968                tu_fifo_set_overwritable
 .text.startup._retrieve_unique_id_on_boot
                0x00000000100079a4       0x10 CMakeFiles/mbot_motor_test.dir/__/lib/pico-sdk/src/rp2_common/pico_unique_id/unique_id.c.obj
 .text.pico_get_unique_board_id_string
                0x00000000100079b4      0x1bc CMakeFiles/mbot_motor_test.dir/__/lib/pico-sdk/src/rp2_common/pico_unique_id/unique_id.c.obj
                0x00000000100079b4                pico_get_unique_board_id_string
 .text.flash_get_unique_id
                0x0000000010007b70       0x40 CMakeFiles/mbot_motor_test.dir/__/lib/pico-sdk/src/rp2_common/hardware_flash/flash.c.obj
                0x0000000010007b70                flash_get_unique_id
 .text.mbot_motor_init_freq
                0x0000000010007bb0      0x110 ../mbot/libmbotlib.a(motor.c.obj)
                0x0000000010007bb0                mbot_motor_init_freq
 .text.mbot_motor_cleanup
                0x0000000010007cc0       0x64 ../mbot/libmbotlib.a(motor.c.obj)
                0x0000000010007cc0                mbot_motor_cleanup
 .text.mbot_motor_set_duty
                0x0000000010007d24      0x150 ../mbot/libmbotlib.a(motor.c.obj)
                0x0000000010007d24                mbot_motor_set_duty
 .text          0x0000000010007e74       0x90 /usr/lib/gcc/arm-none-eabi/9.2.1/../../../arm-none-eabi/lib/thumb/v6-m/nofp/libc.a(lib_a-fwrite.o)
                0x0000000010007e74                _fwrite_r
                0x0000000010007ee4                fwrite
 .text          0x0000000010007f04      0x58c /usr/lib/gcc/arm-none-eabi/9.2.1/../../../arm-none-eabi/lib/thumb/v6-m/nofp/libc.a(lib_a-mallocr.o)
                0x0000000010007f04                _malloc_r
 .text          0x0000000010008490        0x8 /usr/lib/gcc/arm-none-eabi/9.2.1/../../../arm-none-eabi/lib/thumb/v6-m/nofp/libc.a(lib_a-mlock.o)
                0x0000000010008490                __malloc_lock
                0x0000000010008494                __malloc_unlock
 .text          0x0000000010008498      0x35c /usr/lib/gcc/arm-none-eabi/9.2.1/../../../arm-none-eabi/lib/thumb/v6-m/nofp/libc.a(lib_a-reallocr.o)
                0x0000000010008498                _realloc_r
 .text          0x00000000100087f4       0x24 /usr/lib/gcc/arm-none-eabi/9.2.1/../../../arm-none-eabi/lib/thumb/v6-m/nofp/libc.a(lib_a-sbrkr.o)
                0x00000000100087f4                _sbrk_r
 .text          0x0000000010008818       0x68 /usr/lib/gcc/arm-none-eabi/9.2.1/../../../arm-none-eabi/lib/thumb/v6-m/nofp/libc.a(lib_a-strlen-stub.o)
                0x0000000010008818                strlen
 .text          0x0000000010008880      0x220 /usr/lib/gcc/arm-none-eabi/9.2.1/../../../arm-none-eabi/lib/thumb/v6-m/nofp/libc.a(lib_a-findfp.o)
                0x0000000010008884                _cleanup_r
                0x0000000010008980                __sfmoreglue
                0x00000000100089b0                __sfp
                0x0000000010008a38                _cleanup
                0x0000000010008a50                __sinit
                0x0000000010008a60                __sfp_lock_acquire
                0x0000000010008a64                __sfp_lock_release
                0x0000000010008a68                __sinit_lock_acquire
                0x0000000010008a6c                __sinit_lock_release
                0x0000000010008a70                __fp_lock_all
                0x0000000010008a88                __fp_unlock_all
 .text          0x0000000010008aa0      0x27c /usr/lib/gcc/arm-none-eabi/9.2.1/../../../arm-none-eabi/lib/thumb/v6-m/nofp/libc.a(lib_a-freer.o)
                0x0000000010008aa0                _malloc_trim_r
                0x0000000010008b40                _free_r
 .text          0x0000000010008d1c      0x320 /usr/lib/gcc/arm-none-eabi/9.2.1/../../../arm-none-eabi/lib/thumb/v6-m/nofp/libc.a(lib_a-fvwrite.o)
                0x0000000010008d1c                __sfvwrite_r
 .text          0x000000001000903c       0x90 /usr/lib/gcc/arm-none-eabi/9.2.1/../../../arm-none-eabi/lib/thumb/v6-m/nofp/libc.a(lib_a-fwalk.o)
                0x000000001000903c                _fwalk
                0x0000000010009080                _fwalk_reent
 .text          0x00000000100090cc       0xa4 /usr/lib/gcc/arm-none-eabi/9.2.1/../../../arm-none-eabi/lib/thumb/v6-m/nofp/libc.a(lib_a-stdio.o)
                0x00000000100090cc                __sread
                0x00000000100090f4                __seofread
                0x00000000100090f8                __swrite
                0x0000000010009138                __sseek
                0x0000000010009164                __sclose
 .text          0x0000000010009170       0x28 /usr/lib/gcc/arm-none-eabi/9.2.1/../../../arm-none-eabi/lib/thumb/v6-m/nofp/libc.a(lib_a-writer.o)
                0x0000000010009170                _write_r
 .text          0x0000000010009198       0xdc /usr/lib/gcc/arm-none-eabi/9.2.1/../../../arm-none-eabi/lib/thumb/v6-m/nofp/libc.a(lib_a-wsetup.o)
                0x0000000010009198                __swsetup_r
 .text          0x0000000010009274       0x24 /usr/lib/gcc/arm-none-eabi/9.2.1/../../../arm-none-eabi/lib/thumb/v6-m/nofp/libc.a(lib_a-closer.o)
                0x0000000010009274                _close_r
 .text          0x0000000010009298       0xac /usr/lib/gcc/arm-none-eabi/9.2.1/../../../arm-none-eabi/lib/thumb/v6-m/nofp/libc.a(lib_a-fclose.o)
                0x0000000010009298                _fclose_r
                0x0000000010009330                fclose
 .text          0x0000000010009344      0x1b4 /usr/lib/gcc/arm-none-eabi/9.2.1/../../../arm-none-eabi/lib/thumb/v6-m/nofp/libc.a(lib_a-fflush.o)
                0x0000000010009344                __sflush_r
                0x00000000100094a4                _fflush_r
                0x00000000100094d0                fflush
 .text          0x00000000100094f8       0x28 /usr/lib/gcc/arm-none-eabi/9.2.1/../../../arm-none-eabi/lib/thumb/v6-m/nofp/libc.a(lib_a-lseekr.o)
                0x00000000100094f8                _lseek_r
 .text          0x0000000010009520       0xf0 /usr/lib/gcc/arm-none-eabi/9.2.1/../../../arm-none-eabi/lib/thumb/v6-m/nofp/libc.a(lib_a-makebuf.o)
                0x0000000010009520                __swhatbuf_r
                0x0000000010009580                __smakebuf_r
 .text          0x0000000010009610       0x28 /usr/lib/gcc/arm-none-eabi/9.2.1/../../../arm-none-eabi/lib/thumb/v6-m/nofp/libc.a(lib_a-readr.o)
                0x0000000010009610                _read_r
 .text          0x0000000010009638       0x28 /usr/lib/gcc/arm-none-eabi/9.2.1/../../../arm-none-eabi/lib/thumb/v6-m/nofp/libc.a(lib_a-fstatr.o)
                0x0000000010009638                _fstat_r
 .text          0x0000000010009660       0x24 /usr/lib/gcc/arm-none-eabi/9.2.1/../../../arm-none-eabi/lib/thumb/v6-m/nofp/libc.a(lib_a-isattyr.o)
                0x0000000010009660                _isatty_r
 .text          0x0000000010009684       0x10 /usr/lib/gcc/arm-none-eabi/9.2.1/../../../arm-none-eabi/lib/thumb/v6-m/nofp/libnosys.a(close.o)
                0x0000000010009684                _close
 .text          0x0000000010009694       0x10 /usr/lib/gcc/arm-none-eabi/9.2.1/../../../arm-none-eabi/lib/thumb/v6-m/nofp/libnosys.a(fstat.o)
                0x0000000010009694                _fstat
 .text          0x00000000100096a4       0x10 /usr/lib/gcc/arm-none-eabi/9.2.1/../../../arm-none-eabi/lib/thumb/v6-m/nofp/libnosys.a(isatty.o)
                0x00000000100096a4                _isatty
 .text          0x00000000100096b4       0x10 /usr/lib/gcc/arm-none-eabi/9.2.1/../../../arm-none-eabi/lib/thumb/v6-m/nofp/libnosys.a(lseek.o)
                0x00000000100096b4                _lseek
 *(.fini)
 .fini          0x00000000100096c4        0x4 /usr/lib/gcc/arm-none-eabi/9.2.1/thumb/v6-m/nofp/crti.o
                0x00000000100096c4                _fini
 .fini.__stub   0x00000000100096c8       0x90 linker stubs
 *crtbegin.o(.ctors)
 *crtbegin?.o(.ctors)
 *(EXCLUDE_FILE(*crtend.o *crtend?.o) .ctors)
 *(SORT_BY_NAME(.ctors.*))
 *(.ctors)
 *crtbegin.o(.dtors)
 *crtbegin?.o(.dtors)
 *(EXCLUDE_FILE(*crtend.o *crtend?.o) .dtors)
 *(SORT_BY_NAME(.dtors.*))
 *(.dtors)
 *(.eh_frame*)
 .eh_frame      0x0000000010009758        0x0 /usr/lib/gcc/arm-none-eabi/9.2.1/thumb/v6-m/nofp/crtbegin.o
                0x0000000010009758                . = ALIGN (0x4)

.glue_7         0x0000000010009758        0x0
 .glue_7        0x0000000010009758        0x0 linker stubs

.glue_7t        0x0000000010009758        0x0
 .glue_7t       0x0000000010009758        0x0 linker stubs

.vfp11_veneer   0x0000000010009758        0x0
 .vfp11_veneer  0x0000000010009758        0x0 linker stubs

.v4_bx          0x0000000010009758        0x0
 .v4_bx         0x0000000010009758        0x0 linker stubs

.iplt           0x0000000010009758        0x0
 .iplt          0x0000000010009758        0x0 /usr/lib/gcc/arm-none-eabi/9.2.1/thumb/v6-m/nofp/crtbegin.o

.rodata         0x0000000010009758      0x6c4
 *(EXCLUDE_FILE(*libm.a: *libc.a:*lib_a-mem*.o *libgcc.a:) .rodata*)
 .rodata.mbot_init_pico.str1.4
                0x0000000010009758       0x46 CMakeFiles/mbot_motor_test.dir/mbot_motor_test.c.obj
 *fill*         0x000000001000979e        0x2 
 .rodata.drive_motor_up_down.str1.4
                0x00000000100097a0       0x16 CMakeFiles/mbot_motor_test.dir/mbot_motor_test.c.obj
 *fill*         0x00000000100097b6        0x2 
 .rodata.main.str1.4
                0x00000000100097b8       0x62 CMakeFiles/mbot_motor_test.dir/mbot_motor_test.c.obj
 *fill*         0x000000001000981a        0x2 
 .rodata.spin_lock_claim_unused.str1.4
                0x000000001000981c       0x1b CMakeFiles/mbot_motor_test.dir/__/lib/pico-sdk/src/rp2_common/hardware_sync/sync.c.obj
 *fill*         0x0000000010009837        0x1 
 .rodata.user_irq_claim_unused.str1.4
                0x0000000010009838       0x1b CMakeFiles/mbot_motor_test.dir/__/lib/pico-sdk/src/rp2_common/hardware_irq/irq.c.obj
 *fill*         0x0000000010009853        0x5 
 .rodata.at_the_end_of_time
                0x0000000010009858        0x8 CMakeFiles/mbot_motor_test.dir/__/lib/pico-sdk/src/common/pico_time/time.c.obj
                0x0000000010009858                at_the_end_of_time
 .rodata.hardware_alarm_claim.str1.4
                0x0000000010009860       0x22 CMakeFiles/mbot_motor_test.dir/__/lib/pico-sdk/src/rp2_common/hardware_timer/timer.c.obj
 *fill*         0x0000000010009882        0x2 
 .rodata.panic.str1.4
                0x0000000010009884       0x10 CMakeFiles/mbot_motor_test.dir/__/lib/pico-sdk/src/rp2_common/pico_runtime/runtime.c.obj
                                         0x12 (size before relaxing)
 .rodata.hard_assertion_failure.str1.4
                0x0000000010009894        0xc CMakeFiles/mbot_motor_test.dir/__/lib/pico-sdk/src/rp2_common/pico_runtime/runtime.c.obj
 .rodata._ftoa.str1.4
                0x00000000100098a0       0x15 CMakeFiles/mbot_motor_test.dir/__/lib/pico-sdk/src/rp2_common/pico_printf/printf.c.obj
 *fill*         0x00000000100098b5        0x3 
 .rodata._vsnprintf
                0x00000000100098b8      0x1e0 CMakeFiles/mbot_motor_test.dir/__/lib/pico-sdk/src/rp2_common/pico_printf/printf.c.obj
 .rodata.pow10.5444
                0x0000000010009a98       0x50 CMakeFiles/mbot_motor_test.dir/__/lib/pico-sdk/src/rp2_common/pico_printf/printf.c.obj
 .rodata.str1.4
                0x0000000010009ae8       0x44 CMakeFiles/mbot_motor_test.dir/__/lib/pico-sdk/src/rp2_common/pico_standard_link/binary_info.c.obj
 .rodata.__bi_44
                0x0000000010009b2c        0xc CMakeFiles/mbot_motor_test.dir/__/lib/pico-sdk/src/rp2_common/pico_standard_link/binary_info.c.obj
 .rodata.__bi_75
                0x0000000010009b38        0xc CMakeFiles/mbot_motor_test.dir/__/lib/pico-sdk/src/rp2_common/pico_standard_link/binary_info.c.obj
 .rodata.__bi_81
                0x0000000010009b44        0xc CMakeFiles/mbot_motor_test.dir/__/lib/pico-sdk/src/rp2_common/pico_standard_link/binary_info.c.obj
 .rodata.crlf_str.5921
                0x0000000010009b50        0x2 CMakeFiles/mbot_motor_test.dir/__/lib/pico-sdk/src/rp2_common/pico_stdio/stdio.c.obj
 *fill*         0x0000000010009b52        0x2 
 .rodata._resetd_driver
                0x0000000010009b54       0x18 CMakeFiles/mbot_motor_test.dir/__/lib/pico-sdk/src/rp2_common/pico_stdio_usb/reset_interface.c.obj
 .rodata.str1.4
                0x0000000010009b6c       0x13 CMakeFiles/mbot_motor_test.dir/__/lib/pico-sdk/src/rp2_common/pico_stdio_usb/stdio_usb.c.obj
 *fill*         0x0000000010009b7f        0x1 
 .rodata.__bi_167.7237
                0x0000000010009b80        0xc CMakeFiles/mbot_motor_test.dir/__/lib/pico-sdk/src/rp2_common/pico_stdio_usb/stdio_usb.c.obj
 .rodata.str1.4
                0x0000000010009b8c       0x2e CMakeFiles/mbot_motor_test.dir/__/lib/pico-sdk/src/rp2_common/pico_stdio_usb/stdio_usb_descriptors.c.obj
 *fill*         0x0000000010009bba        0x2 
 .rodata.usbd_desc_cfg
                0x0000000010009bbc       0x96 CMakeFiles/mbot_motor_test.dir/__/lib/pico-sdk/src/rp2_common/pico_stdio_usb/stdio_usb_descriptors.c.obj
 *fill*         0x0000000010009c52        0x2 
 .rodata.usbd_desc_device
                0x0000000010009c54       0x12 CMakeFiles/mbot_motor_test.dir/__/lib/pico-sdk/src/rp2_common/pico_stdio_usb/stdio_usb_descriptors.c.obj
 *fill*         0x0000000010009c66        0x2 
 .rodata.usbd_desc_str
                0x0000000010009c68       0x18 CMakeFiles/mbot_motor_test.dir/__/lib/pico-sdk/src/rp2_common/pico_stdio_usb/stdio_usb_descriptors.c.obj
 .rodata.dcd_rp2040_irq.str1.4
                0x0000000010009c80       0x14 CMakeFiles/mbot_motor_test.dir/__/lib/pico-sdk/lib/tinyusb/src/portable/raspberrypi/rp2040/dcd_rp2040.c.obj
 .rodata._hw_endpoint_buffer_control_update32.part.0.str1.4
                0x0000000010009c94       0x1f CMakeFiles/mbot_motor_test.dir/__/lib/pico-sdk/lib/tinyusb/src/portable/raspberrypi/rp2040/rp2040_usb.c.obj
 *fill*         0x0000000010009cb3        0x1 
 .rodata.hw_endpoint_xfer_continue.str1.4
                0x0000000010009cb4       0x29 CMakeFiles/mbot_motor_test.dir/__/lib/pico-sdk/lib/tinyusb/src/portable/raspberrypi/rp2040/rp2040_usb.c.obj
 *fill*         0x0000000010009cdd        0x3 
 .rodata.str1.4
                0x0000000010009ce0        0x7 CMakeFiles/mbot_motor_test.dir/__/lib/pico-sdk/lib/tinyusb/src/portable/raspberrypi/rp2040/rp2040_usb.c.obj
 *fill*         0x0000000010009ce7        0x1 
 .rodata.tud_task
                0x0000000010009ce8       0x8c CMakeFiles/mbot_motor_test.dir/__/lib/pico-sdk/lib/tinyusb/src/device/usbd.c.obj
 .rodata._usbd_driver
                0x0000000010009d74       0x18 CMakeFiles/mbot_motor_test.dir/__/lib/pico-sdk/lib/tinyusb/src/device/usbd.c.obj
 .rodata.mbot_motor_init_freq.str1.4
                0x0000000010009d8c       0x4d ../mbot/libmbotlib.a(motor.c.obj)
 *fill*         0x0000000010009dd9        0x3 
 .rodata.mbot_motor_set_duty.str1.4
                0x0000000010009ddc       0x2a ../mbot/libmbotlib.a(motor.c.obj)
 *fill*         0x0000000010009e06        0x2 
 .rodata.motor_en
                0x0000000010009e08        0x8 ../mbot/libmbotlib.a(motor.c.obj)
 .rodata.motor_ph
                0x0000000010009e10        0x8 ../mbot/libmbotlib.a(motor.c.obj)
 .rodata        0x0000000010009e18        0x4 /usr/lib/gcc/arm-none-eabi/9.2.1/../../../arm-none-eabi/lib/thumb/v6-m/nofp/libc.a(lib_a-impure.o)
                0x0000000010009e18                _global_impure_ptr
                0x0000000010009e1c                . = ALIGN (0x4)
 *(SORT_BY_ALIGNMENT(SORT_BY_NAME(.flashdata*)))
                0x0000000010009e1c                . = ALIGN (0x4)

.rel.dyn        0x0000000010009e1c        0x0
 .rel.iplt      0x0000000010009e1c        0x0 /usr/lib/gcc/arm-none-eabi/9.2.1/thumb/v6-m/nofp/crtbegin.o

.ARM.extab
 *(.ARM.extab* .gnu.linkonce.armextab.*)
                0x0000000010009e1c                __exidx_start = .

.ARM.exidx
 *(.ARM.exidx* .gnu.linkonce.armexidx.*)
                0x0000000010009e1c                __exidx_end = .
                0x0000000010009e1c                . = ALIGN (0x4)
                0x0000000010009e1c                __binary_info_start = .

.binary_info    0x0000000010009e1c       0x20
 *(.binary_info.keep.*)
 .binary_info.keep.__bi_ptr22
                0x0000000010009e1c        0x4 CMakeFiles/mbot_motor_test.dir/__/lib/pico-sdk/src/rp2_common/pico_standard_link/binary_info.c.obj
 .binary_info.keep.__bi_ptr30
                0x0000000010009e20        0x4 CMakeFiles/mbot_motor_test.dir/__/lib/pico-sdk/src/rp2_common/pico_standard_link/binary_info.c.obj
 .binary_info.keep.__bi_ptr38
                0x0000000010009e24        0x4 CMakeFiles/mbot_motor_test.dir/__/lib/pico-sdk/src/rp2_common/pico_standard_link/binary_info.c.obj
 .binary_info.keep.__bi_ptr44
                0x0000000010009e28        0x4 CMakeFiles/mbot_motor_test.dir/__/lib/pico-sdk/src/rp2_common/pico_standard_link/binary_info.c.obj
 .binary_info.keep.__bi_ptr50
                0x0000000010009e2c        0x4 CMakeFiles/mbot_motor_test.dir/__/lib/pico-sdk/src/rp2_common/pico_standard_link/binary_info.c.obj
 .binary_info.keep.__bi_ptr75
                0x0000000010009e30        0x4 CMakeFiles/mbot_motor_test.dir/__/lib/pico-sdk/src/rp2_common/pico_standard_link/binary_info.c.obj
 .binary_info.keep.__bi_ptr81
                0x0000000010009e34        0x4 CMakeFiles/mbot_motor_test.dir/__/lib/pico-sdk/src/rp2_common/pico_standard_link/binary_info.c.obj
 *(.binary_info.*)
 .binary_info.__bi_ptr167
                0x0000000010009e38        0x4 CMakeFiles/mbot_motor_test.dir/__/lib/pico-sdk/src/rp2_common/pico_stdio_usb/stdio_usb.c.obj
                0x0000000010009e3c                __binary_info_end = .
                0x0000000010009e3c                . = ALIGN (0x4)
                0x0000000010009e3c                __etext = .

.ram_vector_table
                0x0000000020000000       0xc0
 *(.ram_vector_table)
 .ram_vector_table
                0x0000000020000000       0xc0 CMakeFiles/mbot_motor_test.dir/__/lib/pico-sdk/src/rp2_common/pico_runtime/runtime.c.obj
                0x0000000020000000                ram_vector_table

.data           0x00000000200000c0      0xd48 load address 0x0000000010009e3c
                0x00000000200000c0                __data_start__ = .
 *(vtable)
 *(.time_critical*)
 .time_critical.mutex_enter_blocking
                0x00000000200000c0       0x48 CMakeFiles/mbot_motor_test.dir/__/lib/pico-sdk/src/common/pico_sync/mutex.c.obj
                0x00000000200000c0                mutex_enter_blocking
 .time_critical.mutex_try_enter
                0x0000000020000108       0x48 CMakeFiles/mbot_motor_test.dir/__/lib/pico-sdk/src/common/pico_sync/mutex.c.obj
                0x0000000020000108                mutex_try_enter
 .time_critical.mutex_enter_timeout_ms
                0x0000000020000150       0x98 CMakeFiles/mbot_motor_test.dir/__/lib/pico-sdk/src/common/pico_sync/mutex.c.obj
                0x0000000020000150                mutex_enter_timeout_ms
 .time_critical.mutex_exit
                0x00000000200001e8       0x28 CMakeFiles/mbot_motor_test.dir/__/lib/pico-sdk/src/common/pico_sync/mutex.c.obj
                0x00000000200001e8                mutex_exit
 .time_critical.flash_init_boot2_copyout
                0x0000000020000210       0x30 CMakeFiles/mbot_motor_test.dir/__/lib/pico-sdk/src/rp2_common/hardware_flash/flash.c.obj
 .time_critical.flash_enable_xip_via_boot2
                0x0000000020000240       0x10 CMakeFiles/mbot_motor_test.dir/__/lib/pico-sdk/src/rp2_common/hardware_flash/flash.c.obj
 .time_critical.flash_cs_force
                0x0000000020000250       0x38 CMakeFiles/mbot_motor_test.dir/__/lib/pico-sdk/src/rp2_common/hardware_flash/flash.c.obj
 .time_critical.flash_do_cmd
                0x0000000020000288       0xc4 CMakeFiles/mbot_motor_test.dir/__/lib/pico-sdk/src/rp2_common/hardware_flash/flash.c.obj
                0x0000000020000288                flash_do_cmd
 *(.text*)
 .text          0x000000002000034c        0x4 /usr/lib/gcc/arm-none-eabi/9.2.1/thumb/v6-m/nofp/libgcc.a(_dvmd_tls.o)
                0x000000002000034c                __aeabi_ldiv0
                0x000000002000034c                __aeabi_idiv0
 .text          0x0000000020000350       0x80 /usr/lib/gcc/arm-none-eabi/9.2.1/../../../arm-none-eabi/lib/thumb/v6-m/nofp/libc.a(lib_a-memchr-stub.o)
                0x0000000020000350                memchr
 .text          0x00000000200003d0       0xbc /usr/lib/gcc/arm-none-eabi/9.2.1/../../../arm-none-eabi/lib/thumb/v6-m/nofp/libc.a(lib_a-memmove.o)
                0x00000000200003d0                memmove
 *fill*         0x000000002000048c        0x4 
 .text.__stub   0x0000000020000490       0x30 linker stubs
                0x00000000200004c0                . = ALIGN (0x4)
 *(.rodata*)
                0x00000000200004c0                . = ALIGN (0x4)
 *(.data*)
 .data.striped_spin_lock_num
                0x00000000200004c0        0x1 CMakeFiles/mbot_motor_test.dir/__/lib/pico-sdk/src/rp2_common/hardware_sync/sync.c.obj
 *fill*         0x00000000200004c1        0x3 
 .data          0x00000000200004c4       0x48 CMakeFiles/mbot_motor_test.dir/__/lib/pico-sdk/src/rp2_common/hardware_irq/irq_handler_chain.S.obj
                0x00000000200004c4                irq_handler_chain_slots
                0x00000000200004f4                irq_handler_chain_first_slot
                0x00000000200004fe                irq_handler_chain_remove_tail
 .data.default_alarm_pool
                0x000000002000050c       0x18 CMakeFiles/mbot_motor_test.dir/__/lib/pico-sdk/src/common/pico_time/time.c.obj
 .data.default_alarm_pool_heap
                0x0000000020000524       0x10 CMakeFiles/mbot_motor_test.dir/__/lib/pico-sdk/src/common/pico_time/time.c.obj
 *fill*         0x0000000020000534        0xc 
 .data.aeabi_bits_funcs
                0x0000000020000540       0x10 CMakeFiles/mbot_motor_test.dir/__/lib/pico-sdk/src/rp2_common/pico_bit_ops/bit_ops_aeabi.S.obj
                0x0000000020000540                aeabi_bits_funcs
                0x0000000020000550                aeabi_bits_funcs_end
 .data.aeabi_mem_funcs
                0x0000000020000550       0x10 CMakeFiles/mbot_motor_test.dir/__/lib/pico-sdk/src/rp2_common/pico_mem_ops/mem_ops_aeabi.S.obj
                0x0000000020000550                aeabi_mem_funcs
                0x0000000020000560                aeabi_mem_funcs_end
 .data.stdio_usb
                0x0000000020000560       0x14 CMakeFiles/mbot_motor_test.dir/__/lib/pico-sdk/src/rp2_common/pico_stdio_usb/stdio_usb.c.obj
                0x0000000020000560                stdio_usb
 .data.ep_dir_string
                0x0000000020000574        0x8 CMakeFiles/mbot_motor_test.dir/__/lib/pico-sdk/lib/tinyusb/src/portable/raspberrypi/rp2040/rp2040_usb.c.obj
                0x0000000020000574                ep_dir_string
 .data._usbd_qdef
                0x000000002000057c       0x24 CMakeFiles/mbot_motor_test.dir/__/lib/pico-sdk/lib/tinyusb/src/device/usbd.c.obj
                0x000000002000057c                _usbd_qdef
 .data          0x00000000200005a0      0x430 /usr/lib/gcc/arm-none-eabi/9.2.1/../../../arm-none-eabi/lib/thumb/v6-m/nofp/libc.a(lib_a-impure.o)
                0x00000000200005a0                _impure_ptr
 .data          0x00000000200009d0      0x410 /usr/lib/gcc/arm-none-eabi/9.2.1/../../../arm-none-eabi/lib/thumb/v6-m/nofp/libc.a(lib_a-mallocr.o)
                0x00000000200009d0                __malloc_sbrk_base
                0x00000000200009d4                __malloc_trim_threshold
                0x00000000200009d8                __malloc_av_
                0x0000000020000de0                . = ALIGN (0x4)
 *(.after_data.*)
                0x0000000020000de0                . = ALIGN (0x4)
                0x0000000020000de0                PROVIDE (__mutex_array_start = .)
 *(SORT_BY_NAME(.mutex_array.*))
 *(.mutex_array)
 .mutex_array   0x0000000020000de0        0x8 CMakeFiles/mbot_motor_test.dir/__/lib/pico-sdk/src/rp2_common/pico_malloc/pico_malloc.c.obj
 .mutex_array   0x0000000020000de8        0x8 CMakeFiles/mbot_motor_test.dir/__/lib/pico-sdk/src/rp2_common/pico_stdio/stdio.c.obj
                0x0000000020000df0                PROVIDE (__mutex_array_end = .)
                0x0000000020000df0                . = ALIGN (0x4)
                0x0000000020000df0                PROVIDE (__preinit_array_start = .)
 *(SORT_BY_NAME(.preinit_array.*))
 .preinit_array.00001
                0x0000000020000df0        0x4 CMakeFiles/mbot_motor_test.dir/__/lib/pico-sdk/src/rp2_common/pico_mem_ops/mem_ops_aeabi.S.obj
 .preinit_array.00010
                0x0000000020000df4        0x4 CMakeFiles/mbot_motor_test.dir/__/lib/pico-sdk/src/rp2_common/pico_bit_ops/bit_ops_aeabi.S.obj
 .preinit_array.00020
                0x0000000020000df8        0x4 CMakeFiles/mbot_motor_test.dir/__/lib/pico-sdk/src/rp2_common/pico_double/double_aeabi.S.obj
 .preinit_array.00020
                0x0000000020000dfc        0x4 CMakeFiles/mbot_motor_test.dir/__/lib/pico-sdk/src/rp2_common/pico_float/float_aeabi.S.obj
 *(.preinit_array)
                0x0000000020000e00                PROVIDE (__preinit_array_end = .)
                0x0000000020000e00                . = ALIGN (0x4)
                0x0000000020000e00                PROVIDE (__init_array_start = .)
 *(SORT_BY_NAME(.init_array.*))
 *(.init_array)
 .init_array    0x0000000020000e00        0x4 /usr/lib/gcc/arm-none-eabi/9.2.1/thumb/v6-m/nofp/crtbegin.o
 .init_array    0x0000000020000e04        0x4 CMakeFiles/mbot_motor_test.dir/__/lib/pico-sdk/src/rp2_common/pico_unique_id/unique_id.c.obj
                0x0000000020000e08                PROVIDE (__init_array_end = .)
                0x0000000020000e08                . = ALIGN (0x4)
                0x0000000020000e08                PROVIDE (__fini_array_start = .)
 *(SORT_BY_NAME(.fini_array.*))
 *(.fini_array)
                0x0000000020000e08                PROVIDE (__fini_array_end = .)
 *(.jcr)
                0x0000000020000e08                . = ALIGN (0x4)
                0x0000000020000e08                __data_end__ = .

.tm_clone_table
                0x0000000020000e08        0x0 load address 0x000000001000ab84
 .tm_clone_table
                0x0000000020000e08        0x0 /usr/lib/gcc/arm-none-eabi/9.2.1/thumb/v6-m/nofp/crtbegin.o
 .tm_clone_table
                0x0000000020000e08        0x0 /usr/lib/gcc/arm-none-eabi/9.2.1/thumb/v6-m/nofp/crtend.o

.igot.plt       0x0000000020000e08        0x0 load address 0x000000001000ab84
 .igot.plt      0x0000000020000e08        0x0 /usr/lib/gcc/arm-none-eabi/9.2.1/thumb/v6-m/nofp/crtbegin.o

.uninitialized_data
                0x0000000020000e08        0x0 load address 0x000000001000ab84
                0x0000000020000e08                . = ALIGN (0x4)
 *(.uninitialized_data*)

.scratch_x      0x0000000020040000        0x0 load address 0x000000001000ab84
                0x0000000020040000                __scratch_x_start__ = .
 *(.scratch_x.*)
                0x0000000020040000                . = ALIGN (0x4)
                0x0000000020040000                __scratch_x_end__ = .
                0x000000001000ab84                __scratch_x_source__ = LOADADDR (.scratch_x)

.scratch_y      0x0000000020041000        0x0 load address 0x000000001000ab84
                0x0000000020041000                __scratch_y_start__ = .
 *(.scratch_y.*)
                0x0000000020041000                . = ALIGN (0x4)
                0x0000000020041000                __scratch_y_end__ = .
                0x000000001000ab84                __scratch_y_source__ = LOADADDR (.scratch_y)

.bss            0x0000000020000e08     0x1bbc
                0x0000000020000e08                . = ALIGN (0x4)
                0x0000000020000e08                __bss_start__ = .
 *(SORT_BY_ALIGNMENT(SORT_BY_NAME(.bss*)))
 .bss.default_alarm_pool_entries
                0x0000000020000e08      0x100 CMakeFiles/mbot_motor_test.dir/__/lib/pico-sdk/src/common/pico_time/time.c.obj
 .bss.last_avail_time.7194
                0x0000000020000f08        0x8 CMakeFiles/mbot_motor_test.dir/__/lib/pico-sdk/src/rp2_common/pico_stdio_usb/stdio_usb.c.obj
 .bss           0x0000000020000f10       0x1c /usr/lib/gcc/arm-none-eabi/9.2.1/thumb/v6-m/nofp/crtbegin.o
 .bss           0x0000000020000f2c       0x34 /usr/lib/gcc/arm-none-eabi/9.2.1/../../../arm-none-eabi/lib/thumb/v6-m/nofp/libc.a(lib_a-mallocr.o)
                0x0000000020000f2c                __malloc_top_pad
                0x0000000020000f30                __malloc_current_mallinfo
                0x0000000020000f58                __malloc_max_sbrked_mem
                0x0000000020000f5c                __malloc_max_total_mem
 .bss._app_driver
                0x0000000020000f60        0x4 CMakeFiles/mbot_motor_test.dir/__/lib/pico-sdk/lib/tinyusb/src/device/usbd.c.obj
 .bss._cdcd_itf
                0x0000000020000f64     0x10b0 CMakeFiles/mbot_motor_test.dir/__/lib/pico-sdk/lib/tinyusb/src/class/cdc/cdc_device.c.obj
 .bss._ctrl_xfer
                0x0000000020002014       0x14 CMakeFiles/mbot_motor_test.dir/__/lib/pico-sdk/lib/tinyusb/src/device/usbd_control.c.obj
 .bss._ubsd_mutexdef
                0x0000000020002028        0x8 CMakeFiles/mbot_motor_test.dir/__/lib/pico-sdk/lib/tinyusb/src/device/usbd.c.obj
 .bss._usbd_ctrl_buf
                0x0000000020002030       0x40 CMakeFiles/mbot_motor_test.dir/__/lib/pico-sdk/lib/tinyusb/src/device/usbd_control.c.obj
 .bss._usbd_dev
                0x0000000020002070       0x53 CMakeFiles/mbot_motor_test.dir/__/lib/pico-sdk/lib/tinyusb/src/device/usbd.c.obj
 *fill*         0x00000000200020c3        0x1 
 .bss._usbd_mutex
                0x00000000200020c4        0x4 CMakeFiles/mbot_motor_test.dir/__/lib/pico-sdk/lib/tinyusb/src/device/usbd.c.obj
 .bss._usbd_q   0x00000000200020c8        0x4 CMakeFiles/mbot_motor_test.dir/__/lib/pico-sdk/lib/tinyusb/src/device/usbd.c.obj
 .bss.alarm_callbacks
                0x00000000200020cc       0x10 CMakeFiles/mbot_motor_test.dir/__/lib/pico-sdk/src/rp2_common/hardware_timer/timer.c.obj
 .bss.boot2_copyout
                0x00000000200020dc      0x100 CMakeFiles/mbot_motor_test.dir/__/lib/pico-sdk/src/rp2_common/hardware_flash/flash.c.obj
 .bss.claimed   0x00000000200021dc        0x4 CMakeFiles/mbot_motor_test.dir/__/lib/pico-sdk/src/rp2_common/hardware_sync/sync.c.obj
 .bss.configured_freq
                0x00000000200021e0       0x28 CMakeFiles/mbot_motor_test.dir/__/lib/pico-sdk/src/rp2_common/hardware_clocks/clocks.c.obj
 .bss.default_alarm_pool_entry_ids_high
                0x0000000020002208       0x10 CMakeFiles/mbot_motor_test.dir/__/lib/pico-sdk/src/common/pico_time/time.c.obj
 .bss.default_alarm_pool_heap_nodes
                0x0000000020002218       0x30 CMakeFiles/mbot_motor_test.dir/__/lib/pico-sdk/src/common/pico_time/time.c.obj
 .bss.desc_str.7079
                0x0000000020002248       0x28 CMakeFiles/mbot_motor_test.dir/__/lib/pico-sdk/src/rp2_common/pico_stdio_usb/stdio_usb_descriptors.c.obj
 .bss.drivers   0x0000000020002270        0x4 CMakeFiles/mbot_motor_test.dir/__/lib/pico-sdk/src/rp2_common/pico_stdio/stdio.c.obj
 .bss.filter    0x0000000020002274        0x4 CMakeFiles/mbot_motor_test.dir/__/lib/pico-sdk/src/rp2_common/pico_stdio/stdio.c.obj
 .bss.heap_end.5865
                0x0000000020002278        0x4 CMakeFiles/mbot_motor_test.dir/__/lib/pico-sdk/src/rp2_common/pico_runtime/runtime.c.obj
 .bss.hw_endpoints
                0x000000002000227c      0x400 CMakeFiles/mbot_motor_test.dir/__/lib/pico-sdk/lib/tinyusb/src/portable/raspberrypi/rp2040/dcd_rp2040.c.obj
 .bss.lazy_vsnprintf
                0x000000002000267c        0x4 CMakeFiles/mbot_motor_test.dir/__/lib/pico-sdk/src/rp2_common/pico_printf/printf.c.obj
 .bss.load_value
                0x0000000020002680        0x4 CMakeFiles/mbot_motor_test.dir/__/lib/pico-sdk/src/rp2_common/hardware_watchdog/watchdog.c.obj
 .bss.next_buffer_ptr
                0x0000000020002684        0x4 CMakeFiles/mbot_motor_test.dir/__/lib/pico-sdk/lib/tinyusb/src/portable/raspberrypi/rp2040/dcd_rp2040.c.obj
 .bss.pools     0x0000000020002688       0x10 CMakeFiles/mbot_motor_test.dir/__/lib/pico-sdk/src/common/pico_time/time.c.obj
 .bss.pwm_wraps
                0x0000000020002698       0x10 ../mbot/libmbotlib.a(motor.c.obj)
 .bss.retrieved_id
                0x00000000200026a8        0x8 CMakeFiles/mbot_motor_test.dir/__/lib/pico-sdk/src/rp2_common/pico_unique_id/unique_id.c.obj
 .bss.sf_clz_func
                0x00000000200026b0        0x4 CMakeFiles/mbot_motor_test.dir/__/lib/pico-sdk/src/rp2_common/pico_double/double_init_rom.c.obj
                0x00000000200026b0                sf_clz_func
 .bss.sleep_notifier
                0x00000000200026b4        0x4 CMakeFiles/mbot_motor_test.dir/__/lib/pico-sdk/src/common/pico_time/time.c.obj
 .bss.slice_frequencies
                0x00000000200026b8       0x10 ../mbot/libmbotlib.a(motor.c.obj)
 .bss.stdio_usb_mutex
                0x00000000200026c8        0x8 CMakeFiles/mbot_motor_test.dir/__/lib/pico-sdk/src/rp2_common/pico_stdio_usb/stdio_usb.c.obj
 .bss.target_hi
                0x00000000200026d0       0x10 CMakeFiles/mbot_motor_test.dir/__/lib/pico-sdk/src/rp2_common/hardware_timer/timer.c.obj
 .bss.usbd_serial_str
                0x00000000200026e0       0x11 CMakeFiles/mbot_motor_test.dir/__/lib/pico-sdk/src/rp2_common/pico_stdio_usb/stdio_usb_descriptors.c.obj
 *fill*         0x00000000200026f1        0x3 
 .bss.user_irq_claimed
                0x00000000200026f4        0x2 CMakeFiles/mbot_motor_test.dir/__/lib/pico-sdk/src/rp2_common/hardware_irq/irq.c.obj
 .bss._app_driver_count
                0x00000000200026f6        0x1 CMakeFiles/mbot_motor_test.dir/__/lib/pico-sdk/lib/tinyusb/src/device/usbd.c.obj
 .bss._usbd_initialized
                0x00000000200026f7        0x1 CMakeFiles/mbot_motor_test.dir/__/lib/pico-sdk/lib/tinyusb/src/device/usbd.c.obj
 .bss.boot2_copyout_valid
                0x00000000200026f8        0x1 CMakeFiles/mbot_motor_test.dir/__/lib/pico-sdk/src/rp2_common/hardware_flash/flash.c.obj
 .bss.claimed   0x00000000200026f9        0x1 CMakeFiles/mbot_motor_test.dir/__/lib/pico-sdk/src/rp2_common/hardware_timer/timer.c.obj
 .bss.irq_hander_chain_free_slot_head
                0x00000000200026fa        0x1 CMakeFiles/mbot_motor_test.dir/__/lib/pico-sdk/src/rp2_common/hardware_irq/irq.c.obj
 .bss.itf_num   0x00000000200026fb        0x1 CMakeFiles/mbot_motor_test.dir/__/lib/pico-sdk/src/rp2_common/pico_stdio_usb/reset_interface.c.obj
 .bss.low_priority_irq_num
                0x00000000200026fc        0x1 CMakeFiles/mbot_motor_test.dir/__/lib/pico-sdk/src/rp2_common/pico_stdio_usb/stdio_usb.c.obj
 .bss.timer_callbacks_pending
                0x00000000200026fd        0x1 CMakeFiles/mbot_motor_test.dir/__/lib/pico-sdk/src/rp2_common/hardware_timer/timer.c.obj
 *(COMMON)
 *fill*         0x00000000200026fe        0x2 
 COMMON         0x0000000020002700      0x100 CMakeFiles/mbot_motor_test.dir/__/lib/pico-sdk/src/rp2_common/pico_double/double_init_rom.c.obj
                0x0000000020002700                sd_table
 COMMON         0x0000000020002800      0x100 CMakeFiles/mbot_motor_test.dir/__/lib/pico-sdk/src/rp2_common/pico_float/float_init_rom.c.obj
                0x0000000020002800                sf_table
 COMMON         0x0000000020002900       0xc0 CMakeFiles/mbot_motor_test.dir/__/lib/pico-sdk/lib/tinyusb/src/device/usbd.c.obj
                0x0000000020002900                _usbd_qdef_buf
 COMMON         0x00000000200029c0        0x4 /usr/lib/gcc/arm-none-eabi/9.2.1/../../../arm-none-eabi/lib/thumb/v6-m/nofp/libc.a(lib_a-reent.o)
                0x00000000200029c0                errno
                0x00000000200029c4                . = ALIGN (0x4)
                0x00000000200029c4                __bss_end__ = .

.heap           0x00000000200029c4      0x800
                0x00000000200029c4                __end__ = .
                0x00000000200029c4                end = __end__
 *(.heap*)
 .heap          0x00000000200029c4      0x800 CMakeFiles/mbot_motor_test.dir/__/lib/pico-sdk/src/rp2_common/pico_standard_link/crt0.S.obj
                0x00000000200031c4                __HeapLimit = .

.stack1_dummy   0x0000000020040000        0x0
 *(.stack1*)

.stack_dummy    0x0000000020041000      0x800
 *(.stack*)
 .stack         0x0000000020041000      0x800 CMakeFiles/mbot_motor_test.dir/__/lib/pico-sdk/src/rp2_common/pico_standard_link/crt0.S.obj

.flash_end      0x000000001000ab84        0x0
                0x000000001000ab84                __flash_binary_end = .
                0x0000000020040000                __StackLimit = (ORIGIN (RAM) + LENGTH (RAM))
                0x0000000020041000                __StackOneTop = (ORIGIN (SCRATCH_X) + LENGTH (SCRATCH_X))
                0x0000000020042000                __StackTop = (ORIGIN (SCRATCH_Y) + LENGTH (SCRATCH_Y))
                0x0000000020041000                __StackOneBottom = (__StackOneTop - SIZEOF (.stack1_dummy))
                0x0000000020041800                __StackBottom = (__StackTop - SIZEOF (.stack_dummy))
                0x0000000020042000                PROVIDE (__stack = __StackTop)
                0x0000000000000001                ASSERT ((__StackLimit >= __HeapLimit), region RAM overflowed)
                0x0000000000000001                ASSERT (((__binary_info_header_end - __logical_binary_start) <= 0x100), Binary info must be in first 256 bytes of the binary)
LOAD CMakeFiles/mbot_motor_test.dir/mbot_motor_test.c.obj
LOAD CMakeFiles/mbot_motor_test.dir/__/lib/pico-sdk/src/rp2_common/pico_stdlib/stdlib.c.obj
LOAD CMakeFiles/mbot_motor_test.dir/__/lib/pico-sdk/src/rp2_common/hardware_gpio/gpio.c.obj
LOAD CMakeFiles/mbot_motor_test.dir/__/lib/pico-sdk/src/rp2_common/hardware_claim/claim.c.obj
LOAD CMakeFiles/mbot_motor_test.dir/__/lib/pico-sdk/src/rp2_common/pico_platform/platform.c.obj
LOAD CMakeFiles/mbot_motor_test.dir/__/lib/pico-sdk/src/rp2_common/hardware_sync/sync.c.obj
LOAD CMakeFiles/mbot_motor_test.dir/__/lib/pico-sdk/src/rp2_common/hardware_irq/irq.c.obj
LOAD CMakeFiles/mbot_motor_test.dir/__/lib/pico-sdk/src/rp2_common/hardware_irq/irq_handler_chain.S.obj
LOAD CMakeFiles/mbot_motor_test.dir/__/lib/pico-sdk/src/common/pico_sync/sem.c.obj
LOAD CMakeFiles/mbot_motor_test.dir/__/lib/pico-sdk/src/common/pico_sync/lock_core.c.obj
LOAD CMakeFiles/mbot_motor_test.dir/__/lib/pico-sdk/src/common/pico_time/time.c.obj
LOAD CMakeFiles/mbot_motor_test.dir/__/lib/pico-sdk/src/common/pico_time/timeout_helper.c.obj
LOAD CMakeFiles/mbot_motor_test.dir/__/lib/pico-sdk/src/rp2_common/hardware_timer/timer.c.obj
LOAD CMakeFiles/mbot_motor_test.dir/__/lib/pico-sdk/src/common/pico_util/datetime.c.obj
LOAD CMakeFiles/mbot_motor_test.dir/__/lib/pico-sdk/src/common/pico_util/pheap.c.obj
LOAD CMakeFiles/mbot_motor_test.dir/__/lib/pico-sdk/src/common/pico_util/queue.c.obj
LOAD CMakeFiles/mbot_motor_test.dir/__/lib/pico-sdk/src/common/pico_sync/mutex.c.obj
LOAD CMakeFiles/mbot_motor_test.dir/__/lib/pico-sdk/src/common/pico_sync/critical_section.c.obj
LOAD CMakeFiles/mbot_motor_test.dir/__/lib/pico-sdk/src/rp2_common/hardware_uart/uart.c.obj
LOAD CMakeFiles/mbot_motor_test.dir/__/lib/pico-sdk/src/rp2_common/hardware_divider/divider.S.obj
LOAD CMakeFiles/mbot_motor_test.dir/__/lib/pico-sdk/src/rp2_common/pico_runtime/runtime.c.obj
LOAD CMakeFiles/mbot_motor_test.dir/__/lib/pico-sdk/src/rp2_common/hardware_clocks/clocks.c.obj
LOAD CMakeFiles/mbot_motor_test.dir/__/lib/pico-sdk/src/rp2_common/hardware_pll/pll.c.obj
LOAD CMakeFiles/mbot_motor_test.dir/__/lib/pico-sdk/src/rp2_common/hardware_vreg/vreg.c.obj
LOAD CMakeFiles/mbot_motor_test.dir/__/lib/pico-sdk/src/rp2_common/hardware_watchdog/watchdog.c.obj
LOAD CMakeFiles/mbot_motor_test.dir/__/lib/pico-sdk/src/rp2_common/hardware_xosc/xosc.c.obj
LOAD CMakeFiles/mbot_motor_test.dir/__/lib/pico-sdk/src/rp2_common/pico_printf/printf.c.obj
LOAD CMakeFiles/mbot_motor_test.dir/__/lib/pico-sdk/src/rp2_common/pico_bit_ops/bit_ops_aeabi.S.obj
LOAD CMakeFiles/mbot_motor_test.dir/__/lib/pico-sdk/src/rp2_common/pico_bootrom/bootrom.c.obj
LOAD CMakeFiles/mbot_motor_test.dir/__/lib/pico-sdk/src/rp2_common/pico_divider/divider.S.obj
LOAD CMakeFiles/mbot_motor_test.dir/__/lib/pico-sdk/src/rp2_common/pico_double/double_aeabi.S.obj
LOAD CMakeFiles/mbot_motor_test.dir/__/lib/pico-sdk/src/rp2_common/pico_double/double_init_rom.c.obj
LOAD CMakeFiles/mbot_motor_test.dir/__/lib/pico-sdk/src/rp2_common/pico_double/double_math.c.obj
LOAD CMakeFiles/mbot_motor_test.dir/__/lib/pico-sdk/src/rp2_common/pico_double/double_v1_rom_shim.S.obj
LOAD CMakeFiles/mbot_motor_test.dir/__/lib/pico-sdk/src/rp2_common/pico_int64_ops/pico_int64_ops_aeabi.S.obj
LOAD CMakeFiles/mbot_motor_test.dir/__/lib/pico-sdk/src/rp2_common/pico_float/float_aeabi.S.obj
LOAD CMakeFiles/mbot_motor_test.dir/__/lib/pico-sdk/src/rp2_common/pico_float/float_init_rom.c.obj
LOAD CMakeFiles/mbot_motor_test.dir/__/lib/pico-sdk/src/rp2_common/pico_float/float_math.c.obj
LOAD CMakeFiles/mbot_motor_test.dir/__/lib/pico-sdk/src/rp2_common/pico_float/float_v1_rom_shim.S.obj
LOAD CMakeFiles/mbot_motor_test.dir/__/lib/pico-sdk/src/rp2_common/pico_malloc/pico_malloc.c.obj
LOAD CMakeFiles/mbot_motor_test.dir/__/lib/pico-sdk/src/rp2_common/pico_mem_ops/mem_ops_aeabi.S.obj
LOAD CMakeFiles/mbot_motor_test.dir/__/lib/pico-sdk/src/rp2_common/pico_standard_link/crt0.S.obj
LOAD CMakeFiles/mbot_motor_test.dir/__/lib/pico-sdk/src/rp2_common/pico_standard_link/new_delete.cpp.obj