Archive member included to satisfy reference by file (symbol)

../mbot/libmbotlib.a(motor.c.obj)
                              CMakeFiles/mbot_motor_analyze.dir/mbot_motor_analyze.c.obj (mbot_motor_init)
../mbot/libmbotlib.a(encoder.c.obj)
                              CMakeFiles/mbot_motor_analyze.dir/mbot_motor_analyze.c.obj (mbot_encoder_init)
/usr/lib/gcc/arm-none-eabi/9.2.1/thumb/v6-m/nofp/libgcc.a(_dvmd_tls.o)
                              CMakeFiles/mbot_motor_analyze.dir/__/lib/pico-sdk/src/rp2_common/pico_divider/divider.S.obj (__aeabi_idiv0)
/usr/lib/gcc/arm-none-eabi/9.2.1/../../../arm-none-eabi/lib/thumb/v6-m/nofp/libc.a(lib_a-atexit.o)
                              /usr/lib/gcc/arm-none-eabi/9.2.1/../../../arm-none-eabi/lib/thumb/v6-m/nofp/crt0.o (atexit)
/usr/lib/gcc/arm-none-eabi/9.2.1/../../../arm-none-eabi/lib/thumb/v6-m/nofp/libc.a(lib_a-calloc.o)
                              CMakeFiles/mbot_motor_analyze.dir/__/lib/pico-sdk/src/rp2_common/pico_malloc/pico_malloc.c.obj (calloc)
/usr/lib/gcc/arm-none-eabi/9.2.1/../../../arm-none-eabi/lib/thumb/v6-m/nofp/libc.a(lib_a-callocr.o)
                              /usr/lib/gcc/arm-none-eabi/9.2.1/../../../arm-none-eabi/lib/thumb/v6-m/nofp/libc.a(lib_a-calloc.o) (_calloc_r)
/usr/lib/gcc/arm-none-eabi/9.2.1/../../../arm-none-eabi/lib/thumb/v6-m/nofp/libc.a(lib_a-fini.o)
                              /usr/lib/gcc/arm-none-eabi/9.2.1/../../../arm-none-eabi/lib/thumb/v6-m/nofp/crt0.o (__libc_fini_array)
/usr/lib/gcc/arm-none-eabi/9.2.1/../../../arm-none-eabi/lib/thumb/v6-m/nofp/libc.a(lib_a-fwrite.o)
                              ../mbot/libmbotlib.a(motor.c.obj) (fwrite)
/usr/lib/gcc/arm-none-eabi/9.2.1/../../../arm-none-eabi/lib/thumb/v6-m/nofp/libc.a(lib_a-impure.o)
                              ../mbot/libmbotlib.a(motor.c.obj) (_impure_ptr)
/usr/lib/gcc/arm-none-eabi/9.2.1/../../../arm-none-eabi/lib/thumb/v6-m/nofp/libc.a(lib_a-init.o)
                              /usr/lib/gcc/arm-none-eabi/9.2.1/../../../arm-none-eabi/lib/thumb/v6-m/nofp/crt0.o (__libc_init_array)
/usr/lib/gcc/arm-none-eabi/9.2.1/../../../arm-none-eabi/lib/thumb/v6-m/nofp/libc.a(lib_a-malloc.o)
                              CMakeFiles/mbot_motor_analyze.dir/__/lib/pico-sdk/src/rp2_common/pico_malloc/pico_malloc.c.obj (malloc)
/usr/lib/gcc/arm-none-eabi/9.2.1/../../../arm-none-eabi/lib/thumb/v6-m/nofp/libc.a(lib_a-mallocr.o)
                              /usr/lib/gcc/arm-none-eabi/9.2.1/../../../arm-none-eabi/lib/thumb/v6-m/nofp/libc.a(lib_a-callocr.o) (_malloc_r)
/usr/lib/gcc/arm-none-eabi/9.2.1/../../../arm-none-eabi/lib/thumb/v6-m/nofp/libc.a(lib_a-mlock.o)
                              /usr/lib/gcc/arm-none-eabi/9.2.1/../../../arm-none-eabi/lib/thumb/v6-m/nofp/libc.a(lib_a-mallocr.o) (__malloc_lock)
/usr/lib/gcc/arm-none-eabi/9.2.1/../../../arm-none-eabi/lib/thumb/v6-m/nofp/libc.a(lib_a-realloc.o)
                              CMakeFiles/mbot_motor_analyze.dir/__/lib/pico-sdk/src/rp2_common/pico_malloc/pico_malloc.c.obj (realloc)
/usr/lib/gcc/arm-none-eabi/9.2.1/../../../arm-none-eabi/lib/thumb/v6-m/nofp/libc.a(lib_a-reallocr.o)
                              /usr/lib/gcc/arm-none-eabi/9.2.1/../../../arm-none-eabi/lib/thumb/v6-m/nofp/libc.a(lib_a-realloc.o) (_realloc_r)
/usr/lib/gcc/arm-none-eabi/9.2.1/../../../arm-none-eabi/lib/thumb/v6-m/nofp/libc.a(lib_a-sbrkr.o)
                              /usr/lib/gcc/arm-none-eabi/9.2.1/../../../arm-none-eabi/lib/thumb/v6-m/nofp/libc.a(lib_a-mallocr.o) (_sbrk_r)
/usr/lib/gcc/arm-none-eabi/9.2.1/../../../arm-none-eabi/lib/thumb/v6-m/nofp/libc.a(lib_a-strlen-stub.o)
                              CMakeFiles/mbot_motor_analyze.dir/__/lib/pico-sdk/src/rp2_common/pico_stdio/stdio.c.obj (strlen)
/usr/lib/gcc/arm-none-eabi/9.2.1/../../../arm-none-eabi/lib/thumb/v6-m/nofp/libc.a(lib_a-__atexit.o)
                              /usr/lib/gcc/arm-none-eabi/9.2.1/../../../arm-none-eabi/lib/thumb/v6-m/nofp/libc.a(lib_a-atexit.o) (__register_exitproc)
/usr/lib/gcc/arm-none-eabi/9.2.1/../../../arm-none-eabi/lib/thumb/v6-m/nofp/libc.a(lib_a-findfp.o)
                              /usr/lib/gcc/arm-none-eabi/9.2.1/../../../arm-none-eabi/lib/thumb/v6-m/nofp/libc.a(lib_a-fwrite.o) (__sinit)
/usr/lib/gcc/arm-none-eabi/9.2.1/../../../arm-none-eabi/lib/thumb/v6-m/nofp/libc.a(lib_a-freer.o)
                              /usr/lib/gcc/arm-none-eabi/9.2.1/../../../arm-none-eabi/lib/thumb/v6-m/nofp/libc.a(lib_a-malloc.o) (_free_r)
/usr/lib/gcc/arm-none-eabi/9.2.1/../../../arm-none-eabi/lib/thumb/v6-m/nofp/libc.a(lib_a-fvwrite.o)
                              /usr/lib/gcc/arm-none-eabi/9.2.1/../../../arm-none-eabi/lib/thumb/v6-m/nofp/libc.a(lib_a-fwrite.o) (__sfvwrite_r)
/usr/lib/gcc/arm-none-eabi/9.2.1/../../../arm-none-eabi/lib/thumb/v6-m/nofp/libc.a(lib_a-fwalk.o)
                              /usr/lib/gcc/arm-none-eabi/9.2.1/../../../arm-none-eabi/lib/thumb/v6-m/nofp/libc.a(lib_a-findfp.o) (_fwalk)
[...]
Memory Configuration

Name             Origin             Length             Attributes
FLASH            0x0000000010000000 0x0000000000200000 xr
RAM              0x0000000020000000 0x0000000000040000 xrw
SCRATCH_X        0x0000000020040000 0x0000000000001000 xrw
SCRATCH_Y        0x0000000020041000 0x0000000000001000 xrw
*default*        0x0000000000000000 0xffffffffffffffff

Linker script and memory map

LOAD /usr/lib/gcc/arm-none-eabi/9.2.1/thumb/v6-m/nofp/crti.o
LOAD /usr/lib/gcc/arm-none-eabi/9.2.1/thumb/v6-m/nofp/crtbegin.o
LOAD /usr/lib/gcc/arm-none-eabi/9.2.1/../../../arm-none-eabi/lib/thumb/v6-m/nofp/crt0.o

.flash_begin    0x0000000010000000        0x0
                0x0000000010000000                __flash_binary_start = .

.boot2          0x0000000010000000      0x100
                0x0000000010000000                __boot2_start__ = .
 *(.boot2)
 .boot2         0x0000000010000000      0x100 /tmp/ccBqOVYX.o
                0x0000000010000100                __boot2_end__ = .
                0x0000000000000001                ASSERT (((__boot2_end__ - __boot2_start__) == 0x100), ERROR: Pico second stage bootloader must be 256 bytes in size)

.text           0x0000000010000100     0x9c60
                0x0000000010000100                __logical_binary_start = .
 *(.vectors)
 .vectors       0x0000000010000100       0xd4 CMakeFiles/mbot_motor_analyze.dir/__/lib/pico-sdk/src/rp2_common/pico_standard_link/crt0.S.obj
                0x0000000010000100                __vectors
                0x0000000010000100                __VECTOR_TABLE
                0x00000000100001c0                isr_invalid
                0x00000000100001c0                __default_isrs_start
                0x00000000100001c2                isr_nmi
                0x00000000100001c4                isr_hardfault
                0x00000000100001c6                isr_svcall
                0x00000000100001c8                isr_pendsv
                0x00000000100001ca                isr_systick
                0x00000000100001cc                isr_irq30
                0x00000000100001cc                __unhandled_user_irq
                0x00000000100001cc                isr_irq13
                0x00000000100001cc                isr_irq27
                0x00000000100001cc                isr_irq31
                0x00000000100001cc                isr_irq5
                0x00000000100001cc                isr_irq11
                0x00000000100001cc                isr_irq23
                0x00000000100001cc                isr_irq18
                0x00000000100001cc                isr_irq28
                0x00000000100001cc                isr_irq19
                0x00000000100001cc                isr_irq0
                0x00000000100001cc                isr_irq6
                0x00000000100001cc                isr_irq22
                0x00000000100001cc                isr_irq17
                0x00000000100001cc                isr_irq14
                0x00000000100001cc                isr_irq2
                0x00000000100001cc                isr_irq10
                0x00000000100001cc                isr_irq8
                0x00000000100001cc                isr_irq24
                0x00000000100001cc                isr_irq1
                0x00000000100001cc                isr_irq7
                0x00000000100001cc                isr_irq21
                0x00000000100001cc                isr_irq20
                0x00000000100001cc                isr_irq15
                0x00000000100001cc                isr_irq25
                0x00000000100001cc                isr_irq4
                0x00000000100001cc                isr_irq16
                0x00000000100001cc                isr_irq29
                0x00000000100001cc                isr_irq26
                0x00000000100001cc                __default_isrs_end
                0x00000000100001cc                isr_irq3
                0x00000000100001cc                isr_irq12
                0x00000000100001cc                isr_irq9
                0x00000000100001d2                unhandled_user_irq_num_in_r0
 *(.binary_info_header)
 .binary_info_header
                0x00000000100001d4       0x14 CMakeFiles/mbot_motor_analyze.dir/__/lib/pico-sdk/src/rp2_common/pico_standard_link/crt0.S.obj
                0x00000000100001e8                __binary_info_header_end = .
 *(.reset)
 .reset         0x00000000100001e8       0xa8 CMakeFiles/mbot_motor_analyze.dir/__/lib/pico-sdk/src/rp2_common/pico_standard_link/crt0.S.obj
                0x00000000100001e8                _entry_point
                0x0000000010000266                __get_current_exception
 .reset         0x0000000010000290       0x30 CMakeFiles/mbot_motor_analyze.dir/__/lib/pico-sdk/src/rp2_common/pico_standard_link/binary_info.c.obj
 *(.init)
 .init          0x00000000100002c0        0x4 /usr/lib/gcc/arm-none-eabi/9.2.1/thumb/v6-m/nofp/crti.o
                0x00000000100002c0                _init
 *(EXCLUDE_FILE(*libm.a: *libc.a:*lib_a-mem*.o *libgcc.a:) .text*)
 .text          0x00000000100002c4       0x98 /usr/lib/gcc/arm-none-eabi/9.2.1/thumb/v6-m/nofp/crtbegin.o
 .text.adc_gpio_init
                0x000000001000035c       0x20 CMakeFiles/mbot_motor_analyze.dir/mbot_motor_analyze.c.obj
 .text.startup.main
                0x000000001000037c      0x4cc CMakeFiles/mbot_motor_analyze.dir/mbot_motor_analyze.c.obj
                0x000000001000037c                main
 .text.gpio_set_function
                0x0000000010000848       0x30 CMakeFiles/mbot_motor_analyze.dir/__/lib/pico-sdk/src/rp2_common/hardware_gpio/gpio.c.obj
                0x0000000010000848                gpio_set_function
 .text.gpio_get_function
                0x0000000010000878       0x14 CMakeFiles/mbot_motor_analyze.dir/__/lib/pico-sdk/src/rp2_common/hardware_gpio/gpio.c.obj
                0x0000000010000878                gpio_get_function
 .text.gpio_set_pulls
                0x000000001000088c       0x30 CMakeFiles/mbot_motor_analyze.dir/__/lib/pico-sdk/src/rp2_common/hardware_gpio/gpio.c.obj
                0x000000001000088c                gpio_set_pulls
 .text.gpio_set_input_enabled
                0x00000000100008bc       0x28 CMakeFiles/mbot_motor_analyze.dir/__/lib/pico-sdk/src/rp2_common/hardware_gpio/gpio.c.obj
                0x00000000100008bc                gpio_set_input_enabled
 .text.gpio_init
                0x00000000100008e4       0x3c CMakeFiles/mbot_motor_analyze.dir/__/lib/pico-sdk/src/rp2_common/hardware_gpio/gpio.c.obj
                0x00000000100008e4                gpio_init
 .text.hw_claim_lock
                0x0000000010000920       0x18 CMakeFiles/mbot_motor_analyze.dir/__/lib/pico-sdk/src/rp2_common/hardware_claim/claim.c.obj
                0x0000000010000920                hw_claim_lock
 .text.hw_claim_unlock
                0x0000000010000938       0x14 CMakeFiles/mbot_motor_analyze.dir/__/lib/pico-sdk/src/rp2_common/hardware_claim/claim.c.obj
                0x0000000010000938                hw_claim_unlock
 .text.hw_is_claimed
                0x000000001000094c       0x18 CMakeFiles/mbot_motor_analyze.dir/__/lib/pico-sdk/src/rp2_common/hardware_claim/claim.c.obj
                0x000000001000094c                hw_is_claimed
 .text.hw_claim_or_assert
                0x0000000010000964       0x48 CMakeFiles/mbot_motor_analyze.dir/__/lib/pico-sdk/src/rp2_common/hardware_claim/claim.c.obj
                0x0000000010000964                hw_claim_or_assert
 .text.hw_claim_unused_from_range
                0x00000000100009ac       0x9c CMakeFiles/mbot_motor_analyze.dir/__/lib/pico-sdk/src/rp2_common/hardware_claim/claim.c.obj
                0x00000000100009ac                hw_claim_unused_from_range
 .text.running_on_fpga
                0x0000000010000a48       0x10 CMakeFiles/mbot_motor_analyze.dir/__/lib/pico-sdk/src/rp2_common/pico_platform/platform.c.obj
                0x0000000010000a48                running_on_fpga
 .text.spin_locks_reset
                0x0000000010000a58       0x1c CMakeFiles/mbot_motor_analyze.dir/__/lib/pico-sdk/src/rp2_common/hardware_sync/sync.c.obj
                0x0000000010000a58                spin_locks_reset
 .text.next_striped_spin_lock_num
                0x0000000010000a74       0x18 CMakeFiles/mbot_motor_analyze.dir/__/lib/pico-sdk/src/rp2_common/hardware_sync/sync.c.obj
                0x0000000010000a74                next_striped_spin_lock_num
 .text.spin_lock_claim_unused
                0x0000000010000a8c       0x20 CMakeFiles/mbot_motor_analyze.dir/__/lib/pico-sdk/src/rp2_common/hardware_sync/sync.c.obj
                0x0000000010000a8c                spin_lock_claim_unused
 .text.irq_set_enabled
                0x0000000010000aac       0x24 CMakeFiles/mbot_motor_analyze.dir/__/lib/pico-sdk/src/rp2_common/hardware_irq/irq.c.obj
                0x0000000010000aac                irq_set_enabled
 .text.irq_set_pending
                0x0000000010000ad0       0x10 CMakeFiles/mbot_motor_analyze.dir/__/lib/pico-sdk/src/rp2_common/hardware_irq/irq.c.obj
                0x0000000010000ad0                irq_set_pending
 .text.irq_has_shared_handler
                0x0000000010000ae0       0x2c CMakeFiles/mbot_motor_analyze.dir/__/lib/pico-sdk/src/rp2_common/hardware_irq/irq.c.obj
                0x0000000010000ae0                irq_has_shared_handler
 .text.irq_get_vtable_handler
                0x0000000010000b0c       0x10 CMakeFiles/mbot_motor_analyze.dir/__/lib/pico-sdk/src/rp2_common/hardware_irq/irq.c.obj
                0x0000000010000b0c                irq_get_vtable_handler
 .text.irq_set_exclusive_handler
                0x0000000010000b1c       0x54 CMakeFiles/mbot_motor_analyze.dir/__/lib/pico-sdk/src/rp2_common/hardware_irq/irq.c.obj
                0x0000000010000b1c                irq_set_exclusive_handler
 .text.irq_add_shared_handler
                0x0000000010000b70      0x1c0 CMakeFiles/mbot_motor_analyze.dir/__/lib/pico-sdk/src/rp2_common/hardware_irq/irq.c.obj
                0x0000000010000b70                irq_add_shared_handler
 .text.irq_remove_handler
                0x0000000010000d30      0x1b4 CMakeFiles/mbot_motor_analyze.dir/__/lib/pico-sdk/src/rp2_common/hardware_irq/irq.c.obj
                0x0000000010000d30                irq_remove_handler
 .text.irq_add_tail_to_free_list
                0x0000000010000ee4       0xb8 CMakeFiles/mbot_motor_analyze.dir/__/lib/pico-sdk/src/rp2_common/hardware_irq/irq.c.obj
                0x0000000010000ee4                irq_add_tail_to_free_list
 .text.irq_init_priorities
                0x0000000010000f9c       0x24 CMakeFiles/mbot_motor_analyze.dir/__/lib/pico-sdk/src/rp2_common/hardware_irq/irq.c.obj
                0x0000000010000f9c                irq_init_priorities
 .text.user_irq_claim_unused
                0x0000000010000fc0       0x30 CMakeFiles/mbot_motor_analyze.dir/__/lib/pico-sdk/src/rp2_common/hardware_irq/irq.c.obj
                0x0000000010000fc0                user_irq_claim_unused
 .text.lock_init
                0x0000000010000ff0       0x10 CMakeFiles/mbot_motor_analyze.dir/__/lib/pico-sdk/src/common/pico_sync/lock_core.c.obj
                0x0000000010000ff0                lock_init
 .text.timer_pool_entry_comparator
                0x0000000010001000       0x34 CMakeFiles/mbot_motor_analyze.dir/__/lib/pico-sdk/src/common/pico_time/time.c.obj
                0x0000000010001000                timer_pool_entry_comparator
 .text.sleep_until_callback
                0x0000000010001034       0x30 CMakeFiles/mbot_motor_analyze.dir/__/lib/pico-sdk/src/common/pico_time/time.c.obj
 .text.alarm_pool_add_alarm_at.constprop.0
                0x0000000010001064      0x128 CMakeFiles/mbot_motor_analyze.dir/__/lib/pico-sdk/src/common/pico_time/time.c.obj
 .text.add_alarm_under_lock
                0x000000001000118c      0x108 CMakeFiles/mbot_motor_analyze.dir/__/lib/pico-sdk/src/common/pico_time/time.c.obj
 .text.alarm_pool_alarm_callback
                0x0000000010001294      0x1c8 CMakeFiles/mbot_motor_analyze.dir/__/lib/pico-sdk/src/common/pico_time/time.c.obj
 .text.alarm_pool_init_default
                0x000000001000145c       0x64 CMakeFiles/mbot_motor_analyze.dir/__/lib/pico-sdk/src/common/pico_time/time.c.obj
                0x000000001000145c                alarm_pool_init_default
 .text.alarm_pool_get_default
                0x00000000100014c0        0x8 CMakeFiles/mbot_motor_analyze.dir/__/lib/pico-sdk/src/common/pico_time/time.c.obj
                0x00000000100014c0                alarm_pool_get_default
 .text.alarm_pool_add_alarm_at
                0x00000000100014c8      0x1ac CMakeFiles/mbot_motor_analyze.dir/__/lib/pico-sdk/src/common/pico_time/time.c.obj
                0x00000000100014c8                alarm_pool_add_alarm_at
 .text.sleep_until
                0x0000000010001674       0xac CMakeFiles/mbot_motor_analyze.dir/__/lib/pico-sdk/src/common/pico_time/time.c.obj
                0x0000000010001674                sleep_until
 .text.sleep_ms
                0x0000000010001720       0x38 CMakeFiles/mbot_motor_analyze.dir/__/lib/pico-sdk/src/common/pico_time/time.c.obj
                0x0000000010001720                sleep_ms
 .text.best_effort_wfe_or_timeout
                0x0000000010001758       0xd4 CMakeFiles/mbot_motor_analyze.dir/__/lib/pico-sdk/src/common/pico_time/time.c.obj
                0x0000000010001758                best_effort_wfe_or_timeout
 .text.hardware_alarm_irq_handler
                0x000000001000182c       0xb8 CMakeFiles/mbot_motor_analyze.dir/__/lib/pico-sdk/src/rp2_common/hardware_timer/timer.c.obj
 .text.hardware_alarm_claim
                0x00000000100018e4       0x18 CMakeFiles/mbot_motor_analyze.dir/__/lib/pico-sdk/src/rp2_common/hardware_timer/timer.c.obj
                0x00000000100018e4                hardware_alarm_claim
 .text.time_us_64
                0x00000000100018fc       0x14 CMakeFiles/mbot_motor_analyze.dir/__/lib/pico-sdk/src/rp2_common/hardware_timer/timer.c.obj
                0x00000000100018fc                time_us_64
 .text.busy_wait_us
                0x0000000010001910       0x54 CMakeFiles/mbot_motor_analyze.dir/__/lib/pico-sdk/src/rp2_common/hardware_timer/timer.c.obj
                0x0000000010001910                busy_wait_us
 .text.busy_wait_until
                0x0000000010001964       0x20 CMakeFiles/mbot_motor_analyze.dir/__/lib/pico-sdk/src/rp2_common/hardware_timer/timer.c.obj
                0x0000000010001964                busy_wait_until
 .text.hardware_alarm_set_callback
                0x0000000010001984       0x8c CMakeFiles/mbot_motor_analyze.dir/__/lib/pico-sdk/src/rp2_common/hardware_timer/timer.c.obj
                0x0000000010001984                hardware_alarm_set_callback
 .text.hardware_alarm_set_target
                0x0000000010001a10       0xe4 CMakeFiles/mbot_motor_analyze.dir/__/lib/pico-sdk/src/rp2_common/hardware_timer/timer.c.obj
                0x0000000010001a10                hardware_alarm_set_target
 .text.hardware_alarm_cancel
                0x0000000010001af4       0x40 CMakeFiles/mbot_motor_analyze.dir/__/lib/pico-sdk/src/rp2_common/hardware_timer/timer.c.obj
                0x0000000010001af4                hardware_alarm_cancel
 .text.ph_merge_nodes
                0x0000000010001b34       0x68 CMakeFiles/mbot_motor_analyze.dir/__/lib/pico-sdk/src/common/pico_util/pheap.c.obj
 .text.ph_post_alloc_init
                0x0000000010001b9c       0x3c CMakeFiles/mbot_motor_analyze.dir/__/lib/pico-sdk/src/common/pico_util/pheap.c.obj
                0x0000000010001b9c                ph_post_alloc_init
 .text.ph_merge_two_pass
                0x0000000010001bd8       0x90 CMakeFiles/mbot_motor_analyze.dir/__/lib/pico-sdk/src/common/pico_util/pheap.c.obj
                0x0000000010001bd8                ph_merge_two_pass
 .text.ph_remove_any_head
                0x0000000010001c68       0xf8 CMakeFiles/mbot_motor_analyze.dir/__/lib/pico-sdk/src/common/pico_util/pheap.c.obj
 .text.ph_remove_head
                0x0000000010001d60      0x13c CMakeFiles/mbot_motor_analyze.dir/__/lib/pico-sdk/src/common/pico_util/pheap.c.obj
                0x0000000010001d60                ph_remove_head
 .text.ph_remove_and_free_node
                0x0000000010001e9c       0x7c CMakeFiles/mbot_motor_analyze.dir/__/lib/pico-sdk/src/common/pico_util/pheap.c.obj
                0x0000000010001e9c                ph_remove_and_free_node
 .text.mutex_init
                0x0000000010001f18       0x1c CMakeFiles/mbot_motor_analyze.dir/__/lib/pico-sdk/src/common/pico_sync/mutex.c.obj
                0x0000000010001f18                mutex_init
 .text.recursive_mutex_init
                0x0000000010001f34       0x1c CMakeFiles/mbot_motor_analyze.dir/__/lib/pico-sdk/src/common/pico_sync/mutex.c.obj
                0x0000000010001f34                recursive_mutex_init
 .text.critical_section_init
                0x0000000010001f50       0x1c CMakeFiles/mbot_motor_analyze.dir/__/lib/pico-sdk/src/common/pico_sync/critical_section.c.obj
                0x0000000010001f50                critical_section_init
 .text.runtime_init
                0x0000000010001f6c       0xf0 CMakeFiles/mbot_motor_analyze.dir/__/lib/pico-sdk/src/rp2_common/pico_runtime/runtime.c.obj
                0x0000000010001f6c                runtime_init
 .text._sbrk    0x000000001000205c       0x34 CMakeFiles/mbot_motor_analyze.dir/__/lib/pico-sdk/src/rp2_common/pico_runtime/runtime.c.obj
                0x000000001000205c                _sbrk
 .text.exit     0x0000000010002090        0x4 CMakeFiles/mbot_motor_analyze.dir/__/lib/pico-sdk/src/rp2_common/pico_runtime/runtime.c.obj
                0x0000000010002090                exit
 .text.panic    0x0000000010002094       0x30 CMakeFiles/mbot_motor_analyze.dir/__/lib/pico-sdk/src/rp2_common/pico_runtime/runtime.c.obj
                0x0000000010002094                panic
 .text.hard_assertion_failure
                0x00000000100020c4        0xc CMakeFiles/mbot_motor_analyze.dir/__/lib/pico-sdk/src/rp2_common/pico_runtime/runtime.c.obj
                0x00000000100020c4                hard_assertion_failure
 .text.clocks_init
                0x00000000100020d0      0x2bc CMakeFiles/mbot_motor_analyze.dir/__/lib/pico-sdk/src/rp2_common/hardware_clocks/clocks.c.obj
                0x00000000100020d0                clocks_init
 .text.pll_init
                0x000000001000238c       0xa8 CMakeFiles/mbot_motor_analyze.dir/__/lib/pico-sdk/src/rp2_common/hardware_pll/pll.c.obj
                0x000000001000238c                pll_init
 .text.watchdog_start_tick
                0x0000000010002434       0x10 CMakeFiles/mbot_motor_analyze.dir/__/lib/pico-sdk/src/rp2_common/hardware_watchdog/watchdog.c.obj
                0x0000000010002434                watchdog_start_tick
 .text.watchdog_reboot
                0x0000000010002444       0x98 CMakeFiles/mbot_motor_analyze.dir/__/lib/pico-sdk/src/rp2_common/hardware_watchdog/watchdog.c.obj
                0x0000000010002444                watchdog_reboot
 .text.xosc_init
                0x00000000100024dc       0x28 CMakeFiles/mbot_motor_analyze.dir/__/lib/pico-sdk/src/rp2_common/hardware_xosc/xosc.c.obj
                0x00000000100024dc                xosc_init
 .text._out_null
                0x0000000010002504        0x4 CMakeFiles/mbot_motor_analyze.dir/__/lib/pico-sdk/src/rp2_common/pico_printf/printf.c.obj
 .text._out_rev
                0x0000000010002508       0xd0 CMakeFiles/mbot_motor_analyze.dir/__/lib/pico-sdk/src/rp2_common/pico_printf/printf.c.obj
 .text._ntoa_format
                0x00000000100025d8      0x1d0 CMakeFiles/mbot_motor_analyze.dir/__/lib/pico-sdk/src/rp2_common/pico_printf/printf.c.obj
 .text._out_char
                0x00000000100027a8       0x10 CMakeFiles/mbot_motor_analyze.dir/__/lib/pico-sdk/src/rp2_common/pico_printf/printf.c.obj
 .text._out_fct
                0x00000000100027b8       0x10 CMakeFiles/mbot_motor_analyze.dir/__/lib/pico-sdk/src/rp2_common/pico_printf/printf.c.obj
 .text._etoa    0x00000000100027c8      0x478 CMakeFiles/mbot_motor_analyze.dir/__/lib/pico-sdk/src/rp2_common/pico_printf/printf.c.obj
 .text._ftoa    0x0000000010002c40      0x3e0 CMakeFiles/mbot_motor_analyze.dir/__/lib/pico-sdk/src/rp2_common/pico_printf/printf.c.obj
 .text._vsnprintf
                0x0000000010003020      0xb08 CMakeFiles/mbot_motor_analyze.dir/__/lib/pico-sdk/src/rp2_common/pico_printf/printf.c.obj
 .text.vfctprintf
                0x0000000010003b28       0x20 CMakeFiles/mbot_motor_analyze.dir/__/lib/pico-sdk/src/rp2_common/pico_printf/printf.c.obj
                0x0000000010003b28                vfctprintf
 .text.weak_raw_vprintf
                0x0000000010003b48       0x30 CMakeFiles/mbot_motor_analyze.dir/__/lib/pico-sdk/src/rp2_common/pico_printf/printf.c.obj
                0x0000000010003b48                weak_raw_vprintf
 .text          0x0000000010003b78       0x10 CMakeFiles/mbot_motor_analyze.dir/__/lib/pico-sdk/src/rp2_common/pico_bit_ops/bit_ops_aeabi.S.obj
 .text.rom_func_lookup
                0x0000000010003b88       0x10 CMakeFiles/mbot_motor_analyze.dir/__/lib/pico-sdk/src/rp2_common/pico_bootrom/bootrom.c.obj
                0x0000000010003b88                rom_func_lookup
 .text.rom_data_lookup
                0x0000000010003b98       0x10 CMakeFiles/mbot_motor_analyze.dir/__/lib/pico-sdk/src/rp2_common/pico_bootrom/bootrom.c.obj
                0x0000000010003b98                rom_data_lookup
 .text.rom_funcs_lookup
                0x0000000010003ba8       0x3c CMakeFiles/mbot_motor_analyze.dir/__/lib/pico-sdk/src/rp2_common/pico_bootrom/bootrom.c.obj
                0x0000000010003ba8                rom_funcs_lookup
 .text.__wrap___aeabi_idiv
                0x0000000010003be4       0x50 CMakeFiles/mbot_motor_analyze.dir/__/lib/pico-sdk/src/rp2_common/pico_divider/divider.S.obj
                0x0000000010003be4                __wrap___aeabi_idivmod
                0x0000000010003be4                divmod_s32s32
                0x0000000010003be4                div_s32s32
                0x0000000010003be4                __wrap___aeabi_idiv
                0x0000000010003bec                divmod_s32s32_unsafe
                0x0000000010003c18                divmod_s32s32_savestate
 .text.__wrap___aeabi_uidiv
                0x0000000010003c34       0x4c CMakeFiles/mbot_motor_analyze.dir/__/lib/pico-sdk/src/rp2_common/pico_divider/divider.S.obj
                0x0000000010003c34                __wrap___aeabi_uidiv
                0x0000000010003c34                __wrap___aeabi_uidivmod
                0x0000000010003c34                div_u32u32
                0x0000000010003c34                divmod_u32u32
                0x0000000010003c3c                divmod_u32u32_unsafe
                0x0000000010003c64                divmod_u32u32_savestate
 .text.__wrap___aeabi_ldiv
                0x0000000010003c80      0x434 CMakeFiles/mbot_motor_analyze.dir/__/lib/pico-sdk/src/rp2_common/pico_divider/divider.S.obj
                0x0000000010003c80                div_s64s64
                0x0000000010003c80                divmod_s64s64
                0x0000000010003c80                __wrap___aeabi_ldivmod
                0x0000000010003cb8                div_u64u64
                0x0000000010003cb8                divmod_u64u64
                0x0000000010003cb8                __wrap___aeabi_uldivmod
                0x0000000010003cc8                divmod_u64u64_savestate
                0x0000000010003cf0                divmod_s64s64_unsafe
                0x0000000010003d78                divmod_u64u64_unsafe
 .text.__wrap___aeabi_darithmetic
                0x00000000100040b4       0x80 CMakeFiles/mbot_motor_analyze.dir/__/lib/pico-sdk/src/rp2_common/pico_double/double_aeabi.S.obj
                0x00000000100040b4                __wrap___aeabi_drsub
                0x00000000100040ba                __wrap___aeabi_dsub
                0x00000000100040cc                __wrap___aeabi_dadd
                0x00000000100040de                __wrap___aeabi_ddiv
                0x000000001000411a                __wrap___aeabi_dmul
 .text.__wrap___aeabi_cdcmple
                0x0000000010004134       0x6c CMakeFiles/mbot_motor_analyze.dir/__/lib/pico-sdk/src/rp2_common/pico_double/double_aeabi.S.obj
                0x0000000010004134                __wrap___aeabi_cdrcmple
                0x0000000010004144                __wrap___aeabi_cdcmple
                0x0000000010004144                __wrap___aeabi_cdcmpeq
 .text.__wrap___aeabi_dcmplt
                0x00000000100041a0        0xc CMakeFiles/mbot_motor_analyze.dir/__/lib/pico-sdk/src/rp2_common/pico_double/double_aeabi.S.obj
                0x00000000100041a0                __wrap___aeabi_dcmplt
 .text.__wrap___aeabi_dcmple
                0x00000000100041ac       0x10 CMakeFiles/mbot_motor_analyze.dir/__/lib/pico-sdk/src/rp2_common/pico_double/double_aeabi.S.obj
                0x00000000100041ac                __wrap___aeabi_dcmple
 .text.__wrap___aeabi_dcmpge
                0x00000000100041bc       0x10 CMakeFiles/mbot_motor_analyze.dir/__/lib/pico-sdk/src/rp2_common/pico_double/double_aeabi.S.obj
                0x00000000100041bc                __wrap___aeabi_dcmpge
 .text.__wrap___aeabi_dcmpgt
                0x00000000100041cc        0xa CMakeFiles/mbot_motor_analyze.dir/__/lib/pico-sdk/src/rp2_common/pico_double/double_aeabi.S.obj
                0x00000000100041cc                __wrap___aeabi_dcmpgt
 .text.__wrap___aeabi_dcmpun
                0x00000000100041d6       0x1c CMakeFiles/mbot_motor_analyze.dir/__/lib/pico-sdk/src/rp2_common/pico_double/double_aeabi.S.obj
                0x00000000100041d6                __wrap___aeabi_dcmpun
 *fill*         0x00000000100041f2        0x2 
 .text.__wrap___aeabi_i2d
                0x00000000100041f4       0x38 CMakeFiles/mbot_motor_analyze.dir/__/lib/pico-sdk/src/rp2_common/pico_double/double_aeabi.S.obj
                0x00000000100041f4                __wrap___aeabi_ui2d
                0x00000000100041fc                __wrap___aeabi_i2d
 .text.__wrap___aeabi_d2iz
                0x000000001000422c       0x48 CMakeFiles/mbot_motor_analyze.dir/__/lib/pico-sdk/src/rp2_common/pico_double/double_aeabi.S.obj
                0x000000001000422c                __wrap___aeabi_d2iz
                0x000000001000422c                double2int_z
 .text.__wrap___aeabi_d2uiz
                0x0000000010004274       0x18 CMakeFiles/mbot_motor_analyze.dir/__/lib/pico-sdk/src/rp2_common/pico_double/double_aeabi.S.obj
                0x0000000010004274                double2uint
                0x0000000010004274                __wrap___aeabi_d2uiz
 .text.__wrap___aeabi_d2f
                0x000000001000428c       0x18 CMakeFiles/mbot_motor_analyze.dir/__/lib/pico-sdk/src/rp2_common/pico_double/double_aeabi.S.obj
                0x000000001000428c                __wrap___aeabi_d2f
 .text.__aeabi_double_init
                0x00000000100042a4       0xc0 CMakeFiles/mbot_motor_analyze.dir/__/lib/pico-sdk/src/rp2_common/pico_double/double_init_rom.c.obj
                0x00000000100042a4                __aeabi_double_init
 .text.double_table_shim_on_use_helper
                0x0000000010004364       0x2c CMakeFiles/mbot_motor_analyze.dir/__/lib/pico-sdk/src/rp2_common/pico_double/double_v1_rom_shim.S.obj
                0x0000000010004364                double_table_shim_on_use_helper
 .text.__wrap___aeabi_dsub
                0x0000000010004390       0x10 CMakeFiles/mbot_motor_analyze.dir/__/lib/pico-sdk/src/rp2_common/pico_double/double_v1_rom_shim.S.obj
                0x0000000010004390                drsub_shim
                0x0000000010004396                dsub_shim
 .text.dadd_shim
                0x00000000100043a0      0x15c CMakeFiles/mbot_motor_analyze.dir/__/lib/pico-sdk/src/rp2_common/pico_double/double_v1_rom_shim.S.obj
                0x00000000100043a0                dadd_shim
 .text.dmul_shim
                0x00000000100044fc      0x15c CMakeFiles/mbot_motor_analyze.dir/__/lib/pico-sdk/src/rp2_common/pico_double/double_v1_rom_shim.S.obj
                0x00000000100044fc                dmul_shim
 .text.ddiv_shim
                0x0000000010004658      0x1b0 CMakeFiles/mbot_motor_analyze.dir/__/lib/pico-sdk/src/rp2_common/pico_double/double_v1_rom_shim.S.obj
                0x0000000010004658                ddiv_shim
 .text.double2uint_shim
                0x0000000010004808        0xe CMakeFiles/mbot_motor_analyze.dir/__/lib/pico-sdk/src/rp2_common/pico_double/double_v1_rom_shim.S.obj
                0x0000000010004808                double2uint_shim
                0x000000001000480a                double2ufix_shim
 *fill*         0x0000000010004816        0x2 
 .text.double2uint64_shim
                0x0000000010004818       0x70 CMakeFiles/mbot_motor_analyze.dir/__/lib/pico-sdk/src/rp2_common/pico_double/double_v1_rom_shim.S.obj
                0x0000000010004818                double2uint64_shim
                0x000000001000481a                double2ufix64_shim
                0x000000001000483a                d2fix_a
 .text.double2float_shim
                0x0000000010004888       0x5c CMakeFiles/mbot_motor_analyze.dir/__/lib/pico-sdk/src/rp2_common/pico_double/double_v1_rom_shim.S.obj
                0x0000000010004888                double2float_shim
 .text.dunpacks
                0x00000000100048e4       0x3c CMakeFiles/mbot_motor_analyze.dir/__/lib/pico-sdk/src/rp2_common/pico_double/double_v1_rom_shim.S.obj
                0x00000000100048e4                dunpacks
 .text.__aeabi_lmul
                0x0000000010004920       0x32 CMakeFiles/mbot_motor_analyze.dir/__/lib/pico-sdk/src/rp2_common/pico_int64_ops/pico_int64_ops_aeabi.S.obj
                0x0000000010004920                __wrap___aeabi_lmul
 *fill*         0x0000000010004952        0x2 
 .text.__wrap___aeabi_farithmetic
                0x0000000010004954       0x48 CMakeFiles/mbot_motor_analyze.dir/__/lib/pico-sdk/src/rp2_common/pico_float/float_aeabi.S.obj
                0x0000000010004954                __wrap___aeabi_frsub
                0x000000001000495a                __wrap___aeabi_fsub
                0x0000000010004960                __wrap___aeabi_fadd
                0x0000000010004966                __wrap___aeabi_fdiv
                0x000000001000498e                __wrap___aeabi_fmul
 .text.__wrap___aeabi_cfcmple
                0x000000001000499c       0x50 CMakeFiles/mbot_motor_analyze.dir/__/lib/pico-sdk/src/rp2_common/pico_float/float_aeabi.S.obj
                0x000000001000499c                __wrap___aeabi_cfrcmple
                0x00000000100049a8                __wrap___aeabi_cfcmpeq
                0x00000000100049a8                __wrap___aeabi_cfcmple
 .text.__wrap___aeabi_fcmpge
                0x00000000100049ec       0x10 CMakeFiles/mbot_motor_analyze.dir/__/lib/pico-sdk/src/rp2_common/pico_float/float_aeabi.S.obj
                0x00000000100049ec                __wrap___aeabi_fcmpge
 .text.__wrap___aeabi_i2f
                0x00000000100049fc       0x44 CMakeFiles/mbot_motor_analyze.dir/__/lib/pico-sdk/src/rp2_common/pico_float/float_aeabi.S.obj
                0x00000000100049fc                __wrap___aeabi_i2f
 .text.__wrap___aeabi_f2uiz
                0x0000000010004a40        0xc CMakeFiles/mbot_motor_analyze.dir/__/lib/pico-sdk/src/rp2_common/pico_float/float_aeabi.S.obj
                0x0000000010004a40                __wrap___aeabi_f2uiz
 .text.__wrap___aeabi_f2d
                0x0000000010004a4c       0x14 CMakeFiles/mbot_motor_analyze.dir/__/lib/pico-sdk/src/rp2_common/pico_float/float_aeabi.S.obj
                0x0000000010004a4c                __wrap___aeabi_f2d
 .text.__aeabi_float_init
                0x0000000010004a60       0x64 CMakeFiles/mbot_motor_analyze.dir/__/lib/pico-sdk/src/rp2_common/pico_float/float_init_rom.c.obj
                0x0000000010004a60                __aeabi_float_init
 .text.float_table_shim_on_use_helper
                0x0000000010004ac4       0x2c CMakeFiles/mbot_motor_analyze.dir/__/lib/pico-sdk/src/rp2_common/pico_float/float_v1_rom_shim.S.obj
                0x0000000010004ac4                float_table_shim_on_use_helper
 .text.float2double_shim
                0x0000000010004af0       0x30 CMakeFiles/mbot_motor_analyze.dir/__/lib/pico-sdk/src/rp2_common/pico_float/float_v1_rom_shim.S.obj
                0x0000000010004af0                float2double_shim
 .text          0x0000000010004b20       0x10 CMakeFiles/mbot_motor_analyze.dir/__/lib/pico-sdk/src/rp2_common/pico_mem_ops/mem_ops_aeabi.S.obj
                0x0000000010004b20                __aeabi_mem_init
 .text.memset   0x0000000010004b30        0xc CMakeFiles/mbot_motor_analyze.dir/__/lib/pico-sdk/src/rp2_common/pico_mem_ops/mem_ops_aeabi.S.obj
                0x0000000010004b30                __wrap_memset
 .text.memcpy   0x0000000010004b3c        0xc CMakeFiles/mbot_motor_analyze.dir/__/lib/pico-sdk/src/rp2_common/pico_mem_ops/mem_ops_aeabi.S.obj
                0x0000000010004b3c                __wrap___aeabi_memcpy
                0x0000000010004b3c                __wrap_memcpy
 .text.stdio_out_chars_no_crlf
                0x0000000010004b48       0x10 CMakeFiles/mbot_motor_analyze.dir/__/lib/pico-sdk/src/rp2_common/pico_stdio/stdio.c.obj
 .text.stdio_out_chars_crlf
                0x0000000010004b58       0x94 CMakeFiles/mbot_motor_analyze.dir/__/lib/pico-sdk/src/rp2_common/pico_stdio/stdio.c.obj
 .text.stdio_buffered_printer
                0x0000000010004bec       0x64 CMakeFiles/mbot_motor_analyze.dir/__/lib/pico-sdk/src/rp2_common/pico_stdio/stdio.c.obj
 .text.stdio_put_string
                0x0000000010004c50      0x100 CMakeFiles/mbot_motor_analyze.dir/__/lib/pico-sdk/src/rp2_common/pico_stdio/stdio.c.obj
 .text.__wrap_putchar
                0x0000000010004d50       0xa4 CMakeFiles/mbot_motor_analyze.dir/__/lib/pico-sdk/src/rp2_common/pico_stdio/stdio.c.obj
                0x0000000010004d50                __wrap_putchar
 .text.__wrap_puts
                0x0000000010004df4       0x3c CMakeFiles/mbot_motor_analyze.dir/__/lib/pico-sdk/src/rp2_common/pico_stdio/stdio.c.obj
                0x0000000010004df4                __wrap_puts
 .text._read    0x0000000010004e30       0x94 CMakeFiles/mbot_motor_analyze.dir/__/lib/pico-sdk/src/rp2_common/pico_stdio/stdio.c.obj
                0x0000000010004e30                _read
 .text._write   0x0000000010004ec4       0xac CMakeFiles/mbot_motor_analyze.dir/__/lib/pico-sdk/src/rp2_common/pico_stdio/stdio.c.obj
                0x0000000010004ec4                _write
 .text.stdio_set_driver_enabled
                0x0000000010004f70       0x30 CMakeFiles/mbot_motor_analyze.dir/__/lib/pico-sdk/src/rp2_common/pico_stdio/stdio.c.obj
                0x0000000010004f70                stdio_set_driver_enabled
 .text.__wrap_vprintf
                0x0000000010004fa0       0xd8 CMakeFiles/mbot_motor_analyze.dir/__/lib/pico-sdk/src/rp2_common/pico_stdio/stdio.c.obj
                0x0000000010004fa0                __wrap_vprintf
 .text.__wrap_printf
                0x0000000010005078       0x18 CMakeFiles/mbot_motor_analyze.dir/__/lib/pico-sdk/src/rp2_common/pico_stdio/stdio.c.obj
                0x0000000010005078                __wrap_printf
 .text.stdio_init_all
                0x0000000010005090        0x8 CMakeFiles/mbot_motor_analyze.dir/__/lib/pico-sdk/src/rp2_common/pico_stdio/stdio.c.obj
                0x0000000010005090                stdio_init_all
 .text.resetd_init
                0x0000000010005098        0x4 CMakeFiles/mbot_motor_analyze.dir/__/lib/pico-sdk/src/rp2_common/pico_stdio_usb/reset_interface.c.obj
 .text.resetd_reset
                0x000000001000509c        0xc CMakeFiles/mbot_motor_analyze.dir/__/lib/pico-sdk/src/rp2_common/pico_stdio_usb/reset_interface.c.obj
 .text.resetd_open
                0x00000000100050a8       0x28 CMakeFiles/mbot_motor_analyze.dir/__/lib/pico-sdk/src/rp2_common/pico_stdio_usb/reset_interface.c.obj
 .text.resetd_xfer_cb
                0x00000000100050d0        0x4 CMakeFiles/mbot_motor_analyze.dir/__/lib/pico-sdk/src/rp2_common/pico_stdio_usb/reset_interface.c.obj
 .text.resetd_control_xfer_cb
                0x00000000100050d4       0x64 CMakeFiles/mbot_motor_analyze.dir/__/lib/pico-sdk/src/rp2_common/pico_stdio_usb/reset_interface.c.obj
 .text.usbd_app_driver_get_cb
                0x0000000010005138        0xc CMakeFiles/mbot_motor_analyze.dir/__/lib/pico-sdk/src/rp2_common/pico_stdio_usb/reset_interface.c.obj
                0x0000000010005138                usbd_app_driver_get_cb
 .text.tud_cdc_line_coding_cb
                0x0000000010005144       0x34 CMakeFiles/mbot_motor_analyze.dir/__/lib/pico-sdk/src/rp2_common/pico_stdio_usb/reset_interface.c.obj
                0x0000000010005144                tud_cdc_line_coding_cb
 .text.stdio_usb_in_chars
                0x0000000010005178       0x68 CMakeFiles/mbot_motor_analyze.dir/__/lib/pico-sdk/src/rp2_common/pico_stdio_usb/stdio_usb.c.obj
                0x0000000010005178                stdio_usb_in_chars
 .text.stdio_usb_out_chars
                0x00000000100051e0       0xec CMakeFiles/mbot_motor_analyze.dir/__/lib/pico-sdk/src/rp2_common/pico_stdio_usb/stdio_usb.c.obj
 .text.timer_task
                0x00000000100052cc       0x18 CMakeFiles/mbot_motor_analyze.dir/__/lib/pico-sdk/src/rp2_common/pico_stdio_usb/stdio_usb.c.obj
 .text.usb_irq  0x00000000100052e4       0x10 CMakeFiles/mbot_motor_analyze.dir/__/lib/pico-sdk/src/rp2_common/pico_stdio_usb/stdio_usb.c.obj
 .text.low_priority_worker_irq
                0x00000000100052f4       0x24 CMakeFiles/mbot_motor_analyze.dir/__/lib/pico-sdk/src/rp2_common/pico_stdio_usb/stdio_usb.c.obj
 .text.stdio_usb_init
                0x0000000010005318       0xb0 CMakeFiles/mbot_motor_analyze.dir/__/lib/pico-sdk/src/rp2_common/pico_stdio_usb/stdio_usb.c.obj
                0x0000000010005318                stdio_usb_init
 .text.tud_descriptor_device_cb
                0x00000000100053c8        0x8 CMakeFiles/mbot_motor_analyze.dir/__/lib/pico-sdk/src/rp2_common/pico_stdio_usb/stdio_usb_descriptors.c.obj
                0x00000000100053c8                tud_descriptor_device_cb
 .text.tud_descriptor_configuration_cb
                0x00000000100053d0        0x8 CMakeFiles/mbot_motor_analyze.dir/__/lib/pico-sdk/src/rp2_common/pico_stdio_usb/stdio_usb_descriptors.c.obj
                0x00000000100053d0                tud_descriptor_configuration_cb
 .text.tud_descriptor_string_cb
                0x00000000100053d8       0x70 CMakeFiles/mbot_motor_analyze.dir/__/lib/pico-sdk/src/rp2_common/pico_stdio_usb/stdio_usb_descriptors.c.obj
                0x00000000100053d8                tud_descriptor_string_cb
 .text.dcd_rp2040_irq
                0x0000000010005448      0x21c CMakeFiles/mbot_motor_analyze.dir/__/lib/pico-sdk/lib/tinyusb/src/portable/raspberrypi/rp2040/dcd_rp2040.c.obj
 .text.dcd_int_enable
                0x0000000010005664        0xc CMakeFiles/mbot_motor_analyze.dir/__/lib/pico-sdk/lib/tinyusb/src/portable/raspberrypi/rp2040/dcd_rp2040.c.obj
                0x0000000010005664                dcd_int_enable
 .text.dcd_set_address
                0x0000000010005670       0x14 CMakeFiles/mbot_motor_analyze.dir/__/lib/pico-sdk/lib/tinyusb/src/portable/raspberrypi/rp2040/dcd_rp2040.c.obj
                0x0000000010005670                dcd_set_address
 .text.dcd_connect
                0x0000000010005684       0x10 CMakeFiles/mbot_motor_analyze.dir/__/lib/pico-sdk/lib/tinyusb/src/portable/raspberrypi/rp2040/dcd_rp2040.c.obj
                0x0000000010005684                dcd_connect
 .text.dcd_init
                0x0000000010005694      0x148 CMakeFiles/mbot_motor_analyze.dir/__/lib/pico-sdk/lib/tinyusb/src/portable/raspberrypi/rp2040/dcd_rp2040.c.obj
                0x0000000010005694                dcd_init
 .text.dcd_edpt0_status_complete
                0x00000000100057dc       0x1c CMakeFiles/mbot_motor_analyze.dir/__/lib/pico-sdk/lib/tinyusb/src/portable/raspberrypi/rp2040/dcd_rp2040.c.obj
                0x00000000100057dc                dcd_edpt0_status_complete
 .text.dcd_edpt_open
                0x00000000100057f8       0xf0 CMakeFiles/mbot_motor_analyze.dir/__/lib/pico-sdk/lib/tinyusb/src/portable/raspberrypi/rp2040/dcd_rp2040.c.obj
                0x00000000100057f8                dcd_edpt_open
 .text.dcd_edpt_close_all
                0x00000000100058e8       0xbc CMakeFiles/mbot_motor_analyze.dir/__/lib/pico-sdk/lib/tinyusb/src/portable/raspberrypi/rp2040/dcd_rp2040.c.obj
                0x00000000100058e8                dcd_edpt_close_all
 .text.dcd_edpt_xfer
                0x00000000100059a4       0x24 CMakeFiles/mbot_motor_analyze.dir/__/lib/pico-sdk/lib/tinyusb/src/portable/raspberrypi/rp2040/dcd_rp2040.c.obj
                0x00000000100059a4                dcd_edpt_xfer
 .text.dcd_edpt_stall
                0x00000000100059c8       0x38 CMakeFiles/mbot_motor_analyze.dir/__/lib/pico-sdk/lib/tinyusb/src/portable/raspberrypi/rp2040/dcd_rp2040.c.obj
                0x00000000100059c8                dcd_edpt_stall
 .text.dcd_edpt_clear_stall
                0x0000000010005a00       0x30 CMakeFiles/mbot_motor_analyze.dir/__/lib/pico-sdk/lib/tinyusb/src/portable/raspberrypi/rp2040/dcd_rp2040.c.obj
                0x0000000010005a00                dcd_edpt_clear_stall
 .text._hw_endpoint_buffer_control_update32.part.0
                0x0000000010005a30       0x20 CMakeFiles/mbot_motor_analyze.dir/__/lib/pico-sdk/lib/tinyusb/src/portable/raspberrypi/rp2040/rp2040_usb.c.obj
 .text.rp2040_usb_init
                0x0000000010005a50       0x4c CMakeFiles/mbot_motor_analyze.dir/__/lib/pico-sdk/lib/tinyusb/src/portable/raspberrypi/rp2040/rp2040_usb.c.obj
                0x0000000010005a50                rp2040_usb_init
 .text.hw_endpoint_reset_transfer
                0x0000000010005a9c        0xc CMakeFiles/mbot_motor_analyze.dir/__/lib/pico-sdk/lib/tinyusb/src/portable/raspberrypi/rp2040/rp2040_usb.c.obj
                0x0000000010005a9c                hw_endpoint_reset_transfer
 .text._hw_endpoint_buffer_control_update32
                0x0000000010005aa8       0x40 CMakeFiles/mbot_motor_analyze.dir/__/lib/pico-sdk/lib/tinyusb/src/portable/raspberrypi/rp2040/rp2040_usb.c.obj
                0x0000000010005aa8                _hw_endpoint_buffer_control_update32
 .text.hw_endpoint_xfer_start
                0x0000000010005ae8      0x138 CMakeFiles/mbot_motor_analyze.dir/__/lib/pico-sdk/lib/tinyusb/src/portable/raspberrypi/rp2040/rp2040_usb.c.obj
                0x0000000010005ae8                hw_endpoint_xfer_start
 .text.hw_endpoint_xfer_continue
                0x0000000010005c20      0x1e4 CMakeFiles/mbot_motor_analyze.dir/__/lib/pico-sdk/lib/tinyusb/src/portable/raspberrypi/rp2040/rp2040_usb.c.obj
                0x0000000010005c20                hw_endpoint_xfer_continue
 .text.tud_mounted
                0x0000000010005e04       0x10 CMakeFiles/mbot_motor_analyze.dir/__/lib/pico-sdk/lib/tinyusb/src/device/usbd.c.obj
                0x0000000010005e04                tud_mounted
 .text.tud_suspended
                0x0000000010005e14       0x10 CMakeFiles/mbot_motor_analyze.dir/__/lib/pico-sdk/lib/tinyusb/src/device/usbd.c.obj
                0x0000000010005e14                tud_suspended
 .text.tud_inited
                0x0000000010005e24        0xc CMakeFiles/mbot_motor_analyze.dir/__/lib/pico-sdk/lib/tinyusb/src/device/usbd.c.obj
                0x0000000010005e24                tud_inited
 .text.tud_init
                0x0000000010005e30       0xd8 CMakeFiles/mbot_motor_analyze.dir/__/lib/pico-sdk/lib/tinyusb/src/device/usbd.c.obj
                0x0000000010005e30                tud_init
 .text.tud_task
                0x0000000010005f08      0x8ec CMakeFiles/mbot_motor_analyze.dir/__/lib/pico-sdk/lib/tinyusb/src/device/usbd.c.obj
                0x0000000010005f08                tud_task
 .text.dcd_event_bus_signal
                0x00000000100067f4      0x120 CMakeFiles/mbot_motor_analyze.dir/__/lib/pico-sdk/lib/tinyusb/src/device/usbd.c.obj
                0x00000000100067f4                dcd_event_bus_signal
 .text.dcd_event_bus_reset
                0x0000000010006914       0x54 CMakeFiles/mbot_motor_analyze.dir/__/lib/pico-sdk/lib/tinyusb/src/device/usbd.c.obj
                0x0000000010006914                dcd_event_bus_reset
 .text.dcd_event_setup_received
                0x0000000010006968       0x50 CMakeFiles/mbot_motor_analyze.dir/__/lib/pico-sdk/lib/tinyusb/src/device/usbd.c.obj
                0x0000000010006968                dcd_event_setup_received
 .text.dcd_event_xfer_complete
                0x00000000100069b8       0x68 CMakeFiles/mbot_motor_analyze.dir/__/lib/pico-sdk/lib/tinyusb/src/device/usbd.c.obj
                0x00000000100069b8                dcd_event_xfer_complete
 .text.usbd_open_edpt_pair
                0x0000000010006a20       0x80 CMakeFiles/mbot_motor_analyze.dir/__/lib/pico-sdk/lib/tinyusb/src/device/usbd.c.obj
                0x0000000010006a20                usbd_open_edpt_pair
 .text.usbd_edpt_open
                0x0000000010006aa0       0x30 CMakeFiles/mbot_motor_analyze.dir/__/lib/pico-sdk/lib/tinyusb/src/device/usbd.c.obj
                0x0000000010006aa0                usbd_edpt_open
 .text.usbd_edpt_claim
                0x0000000010006ad0       0x64 CMakeFiles/mbot_motor_analyze.dir/__/lib/pico-sdk/lib/tinyusb/src/device/usbd.c.obj
                0x0000000010006ad0                usbd_edpt_claim
 .text.usbd_edpt_release
                0x0000000010006b34       0x4c CMakeFiles/mbot_motor_analyze.dir/__/lib/pico-sdk/lib/tinyusb/src/device/usbd.c.obj
                0x0000000010006b34                usbd_edpt_release
 .text.usbd_edpt_xfer
                0x0000000010006b80       0x48 CMakeFiles/mbot_motor_analyze.dir/__/lib/pico-sdk/lib/tinyusb/src/device/usbd.c.obj
                0x0000000010006b80                usbd_edpt_xfer
 .text.tud_control_status
                0x0000000010006bc8       0x30 CMakeFiles/mbot_motor_analyze.dir/__/lib/pico-sdk/lib/tinyusb/src/device/usbd_control.c.obj
                0x0000000010006bc8                tud_control_status
 .text.tud_control_xfer
                0x0000000010006bf8       0xb8 CMakeFiles/mbot_motor_analyze.dir/__/lib/pico-sdk/lib/tinyusb/src/device/usbd_control.c.obj
                0x0000000010006bf8                tud_control_xfer
 .text.usbd_control_reset
                0x0000000010006cb0       0x14 CMakeFiles/mbot_motor_analyze.dir/__/lib/pico-sdk/lib/tinyusb/src/device/usbd_control.c.obj
                0x0000000010006cb0                usbd_control_reset
 .text.usbd_control_set_complete_callback
                0x0000000010006cc4        0xc CMakeFiles/mbot_motor_analyze.dir/__/lib/pico-sdk/lib/tinyusb/src/device/usbd_control.c.obj
                0x0000000010006cc4                usbd_control_set_complete_callback
 .text.usbd_control_set_request
                0x0000000010006cd0       0x1c CMakeFiles/mbot_motor_analyze.dir/__/lib/pico-sdk/lib/tinyusb/src/device/usbd_control.c.obj
                0x0000000010006cd0                usbd_control_set_request
 .text.usbd_control_xfer_cb
                0x0000000010006cec       0xf8 CMakeFiles/mbot_motor_analyze.dir/__/lib/pico-sdk/lib/tinyusb/src/device/usbd_control.c.obj
                0x0000000010006cec                usbd_control_xfer_cb
 .text.tud_cdc_n_connected
                0x0000000010006de4       0x30 CMakeFiles/mbot_motor_analyze.dir/__/lib/pico-sdk/lib/tinyusb/src/class/cdc/cdc_device.c.obj
                0x0000000010006de4                tud_cdc_n_connected
 .text.tud_cdc_n_available
                0x0000000010006e14       0x1c CMakeFiles/mbot_motor_analyze.dir/__/lib/pico-sdk/lib/tinyusb/src/class/cdc/cdc_device.c.obj
                0x0000000010006e14                tud_cdc_n_available
 .text.tud_cdc_n_read
                0x0000000010006e30       0x7c CMakeFiles/mbot_motor_analyze.dir/__/lib/pico-sdk/lib/tinyusb/src/class/cdc/cdc_device.c.obj
                0x0000000010006e30                tud_cdc_n_read
 .text.tud_cdc_n_write_flush
                0x0000000010006eac       0x7c CMakeFiles/mbot_motor_analyze.dir/__/lib/pico-sdk/lib/tinyusb/src/class/cdc/cdc_device.c.obj
                0x0000000010006eac                tud_cdc_n_write_flush
 .text.tud_cdc_n_write
                0x0000000010006f28       0x38 CMakeFiles/mbot_motor_analyze.dir/__/lib/pico-sdk/lib/tinyusb/src/class/cdc/cdc_device.c.obj
                0x0000000010006f28                tud_cdc_n_write
 .text.tud_cdc_n_write_available
                0x0000000010006f60       0x1c CMakeFiles/mbot_motor_analyze.dir/__/lib/pico-sdk/lib/tinyusb/src/class/cdc/cdc_device.c.obj
                0x0000000010006f60                tud_cdc_n_write_available
 .text.cdcd_init
                0x0000000010006f7c      0x130 CMakeFiles/mbot_motor_analyze.dir/__/lib/pico-sdk/lib/tinyusb/src/class/cdc/cdc_device.c.obj
                0x0000000010006f7c                cdcd_init
 .text.cdcd_reset
                0x00000000100070ac       0x64 CMakeFiles/mbot_motor_analyze.dir/__/lib/pico-sdk/lib/tinyusb/src/class/cdc/cdc_device.c.obj
                0x00000000100070ac                cdcd_reset
 .text.cdcd_open
                0x0000000010007110      0x144 CMakeFiles/mbot_motor_analyze.dir/__/lib/pico-sdk/lib/tinyusb/src/class/cdc/cdc_device.c.obj
                0x0000000010007110                cdcd_open
 .text.cdcd_control_xfer_cb
                0x0000000010007254       0xfc CMakeFiles/mbot_motor_analyze.dir/__/lib/pico-sdk/lib/tinyusb/src/class/cdc/cdc_device.c.obj
                0x0000000010007254                cdcd_control_xfer_cb
 .text.cdcd_xfer_cb
                0x0000000010007350      0x184 CMakeFiles/mbot_motor_analyze.dir/__/lib/pico-sdk/lib/tinyusb/src/class/cdc/cdc_device.c.obj
                0x0000000010007350                cdcd_xfer_cb
 .text.tusb_init
                0x00000000100074d4        0xc CMakeFiles/mbot_motor_analyze.dir/__/lib/pico-sdk/lib/tinyusb/src/tusb.c.obj
                0x00000000100074d4                tusb_init
 .text.tusb_inited
                0x00000000100074e0        0x8 CMakeFiles/mbot_motor_analyze.dir/__/lib/pico-sdk/lib/tinyusb/src/tusb.c.obj
                0x00000000100074e0                tusb_inited
 .text.tu_edpt_validate
                0x00000000100074e8       0x78 CMakeFiles/mbot_motor_analyze.dir/__/lib/pico-sdk/lib/tinyusb/src/tusb.c.obj
                0x00000000100074e8                tu_edpt_validate
 .text.tu_edpt_bind_driver
                0x0000000010007560       0x2c CMakeFiles/mbot_motor_analyze.dir/__/lib/pico-sdk/lib/tinyusb/src/tusb.c.obj
                0x0000000010007560                tu_edpt_bind_driver
 .text.tu_fifo_config
                0x000000001000758c       0x78 CMakeFiles/mbot_motor_analyze.dir/__/lib/pico-sdk/lib/tinyusb/src/common/tusb_fifo.c.obj
                0x000000001000758c                tu_fifo_config
 .text.tu_fifo_count
                0x0000000010007604       0x20 CMakeFiles/mbot_motor_analyze.dir/__/lib/pico-sdk/lib/tinyusb/src/common/tusb_fifo.c.obj
                0x0000000010007604                tu_fifo_count
 .text.tu_fifo_empty
                0x0000000010007624       0x10 CMakeFiles/mbot_motor_analyze.dir/__/lib/pico-sdk/lib/tinyusb/src/common/tusb_fifo.c.obj
                0x0000000010007624                tu_fifo_empty
 .text.tu_fifo_remaining
                0x0000000010007634       0x1c CMakeFiles/mbot_motor_analyze.dir/__/lib/pico-sdk/lib/tinyusb/src/common/tusb_fifo.c.obj
                0x0000000010007634                tu_fifo_remaining
 .text.tu_fifo_read
                0x0000000010007650       0x9c CMakeFiles/mbot_motor_analyze.dir/__/lib/pico-sdk/lib/tinyusb/src/common/tusb_fifo.c.obj
                0x0000000010007650                tu_fifo_read
 .text.tu_fifo_read_n
                0x00000000100076ec      0x100 CMakeFiles/mbot_motor_analyze.dir/__/lib/pico-sdk/lib/tinyusb/src/common/tusb_fifo.c.obj
                0x00000000100076ec                tu_fifo_read_n
 .text.tu_fifo_write
                0x00000000100077ec       0x7c CMakeFiles/mbot_motor_analyze.dir/__/lib/pico-sdk/lib/tinyusb/src/common/tusb_fifo.c.obj
                0x00000000100077ec                tu_fifo_write
 .text.tu_fifo_write_n
                0x0000000010007868       0xf8 CMakeFiles/mbot_motor_analyze.dir/__/lib/pico-sdk/lib/tinyusb/src/common/tusb_fifo.c.obj
                0x0000000010007868                tu_fifo_write_n
 .text.tu_fifo_clear
                0x0000000010007960       0x4c CMakeFiles/mbot_motor_analyze.dir/__/lib/pico-sdk/lib/tinyusb/src/common/tusb_fifo.c.obj
                0x0000000010007960                tu_fifo_clear
 .text.tu_fifo_set_overwritable
                0x00000000100079ac       0x3c CMakeFiles/mbot_motor_analyze.dir/__/lib/pico-sdk/lib/tinyusb/src/common/tusb_fifo.c.obj
                0x00000000100079ac                tu_fifo_set_overwritable
 .text.startup._retrieve_unique_id_on_boot
                0x00000000100079e8       0x10 CMakeFiles/mbot_motor_analyze.dir/__/lib/pico-sdk/src/rp2_common/pico_unique_id/unique_id.c.obj
 .text.pico_get_unique_board_id_string
                0x00000000100079f8      0x1bc CMakeFiles/mbot_motor_analyze.dir/__/lib/pico-sdk/src/rp2_common/pico_unique_id/unique_id.c.obj
                0x00000000100079f8                pico_get_unique_board_id_string
 .text.flash_get_unique_id
                0x0000000010007bb4       0x40 CMakeFiles/mbot_motor_analyze.dir/__/lib/pico-sdk/src/rp2_common/hardware_flash/flash.c.obj
                0x0000000010007bb4                flash_get_unique_id
 .text.pio_claim_unused_sm
                0x0000000010007bf4       0x3c CMakeFiles/mbot_motor_analyze.dir/__/lib/pico-sdk/src/rp2_common/hardware_pio/pio.c.obj
                0x0000000010007bf4                pio_claim_unused_sm
 .text.pio_sm_is_claimed
                0x0000000010007c30       0x20 CMakeFiles/mbot_motor_analyze.dir/__/lib/pico-sdk/src/rp2_common/hardware_pio/pio.c.obj
                0x0000000010007c30                pio_sm_is_claimed
 .text.pio_add_program
                0x0000000010007c50       0xe4 CMakeFiles/mbot_motor_analyze.dir/__/lib/pico-sdk/src/rp2_common/hardware_pio/pio.c.obj
                0x0000000010007c50                pio_add_program
 .text.pio_sm_set_consecutive_pindirs
                0x0000000010007d34       0x88 CMakeFiles/mbot_motor_analyze.dir/__/lib/pico-sdk/src/rp2_common/hardware_pio/pio.c.obj
                0x0000000010007d34                pio_sm_set_consecutive_pindirs
 .text.pio_sm_init
                0x0000000010007dbc       0x90 CMakeFiles/mbot_motor_analyze.dir/__/lib/pico-sdk/src/rp2_common/hardware_pio/pio.c.obj
                0x0000000010007dbc                pio_sm_init
 .text.adc_init
                0x0000000010007e4c       0x38 CMakeFiles/mbot_motor_analyze.dir/__/lib/pico-sdk/src/rp2_common/hardware_adc/adc.c.obj
                0x0000000010007e4c                adc_init
 .text.mbot_motor_init
                0x0000000010007e84       0xb8 ../mbot/libmbotlib.a(motor.c.obj)
                0x0000000010007e84                mbot_motor_init
 .text.mbot_motor_cleanup
                0x0000000010007f3c       0x64 ../mbot/libmbotlib.a(motor.c.obj)
                0x0000000010007f3c                mbot_motor_cleanup
 .text.mbot_motor_set_duty
                0x0000000010007fa0      0x150 ../mbot/libmbotlib.a(motor.c.obj)
                0x0000000010007fa0                mbot_motor_set_duty
 .text.mbot_encoder_init
                0x00000000100080f0      0x2dc ../mbot/libmbotlib.a(encoder.c.obj)
                0x00000000100080f0                mbot_encoder_init
 .text.mbot_encoder_read_delta
                0x00000000100083cc       0xb0 ../mbot/libmbotlib.a(encoder.c.obj)
                0x00000000100083cc                mbot_encoder_read_delta
 .text          0x000000001000847c       0x90 /usr/lib/gcc/arm-none-eabi/9.2.1/../../../arm-none-eabi/lib/thumb/v6-m/nofp/libc.a(lib_a-fwrite.o)
                0x000000001000847c                _fwrite_r
                0x00000000100084ec                fwrite
 .text          0x000000001000850c      0x58c /usr/lib/gcc/arm-none-eabi/9.2.1/../../../arm-none-eabi/lib/thumb/v6-m/nofp/libc.a(lib_a-mallocr.o)
                0x000000001000850c                _malloc_r
 .text          0x0000000010008a98        0x8 /usr/lib/gcc/arm-none-eabi/9.2.1/../../../arm-none-eabi/lib/thumb/v6-m/nofp/libc.a(lib_a-mlock.o)
                0x0000000010008a98                __malloc_lock
                0x0000000010008a9c                __malloc_unlock
 .text          0x0000000010008aa0      0x35c /usr/lib/gcc/arm-none-eabi/9.2.1/../../../arm-none-eabi/lib/thumb/v6-m/nofp/libc.a(lib_a-reallocr.o)
                0x0000000010008aa0                _realloc_r
 .text          0x0000000010008dfc       0x24 /usr/lib/gcc/arm-none-eabi/9.2.1/../../../arm-none-eabi/lib/thumb/v6-m/nofp/libc.a(lib_a-sbrkr.o)
                0x0000000010008dfc                _sbrk_r
 .text          0x0000000010008e20       0x68 /usr/lib/gcc/arm-none-eabi/9.2.1/../../../arm-none-eabi/lib/thumb/v6-m/nofp/libc.a(lib_a-strlen-stub.o)
                0x0000000010008e20                strlen
 .text          0x0000000010008e88      0x220 /usr/lib/gcc/arm-none-eabi/9.2.1/../../../arm-none-eabi/lib/thumb/v6-m/nofp/libc.a(lib_a-findfp.o)
                0x0000000010008e8c                _cleanup_r
                0x0000000010008f88                __sfmoreglue
                0x0000000010008fb8                __sfp
                0x0000000010009040                _cleanup
                0x0000000010009058                __sinit
                0x0000000010009068                __sfp_lock_acquire
                0x000000001000906c                __sfp_lock_release
                0x0000000010009070                __sinit_lock_acquire
                0x0000000010009074                __sinit_lock_release
                0x0000000010009078                __fp_lock_all
                0x0000000010009090                __fp_unlock_all
 .text          0x00000000100090a8      0x27c /usr/lib/gcc/arm-none-eabi/9.2.1/../../../arm-none-eabi/lib/thumb/v6-m/nofp/libc.a(lib_a-freer.o)
                0x00000000100090a8                _malloc_trim_r
                0x0000000010009148                _free_r
 .text          0x0000000010009324      0x320 /usr/lib/gcc/arm-none-eabi/9.2.1/../../../arm-none-eabi/lib/thumb/v6-m/nofp/libc.a(lib_a-fvwrite.o)
                0x0000000010009324                __sfvwrite_r
 .text          0x0000000010009644       0x90 /usr/lib/gcc/arm-none-eabi/9.2.1/../../../arm-none-eabi/lib/thumb/v6-m/nofp/libc.a(lib_a-fwalk.o)
                0x0000000010009644                _fwalk
                0x0000000010009688                _fwalk_reent
 .text          0x00000000100096d4       0xa4 /usr/lib/gcc/arm-none-eabi/9.2.1/../../../arm-none-eabi/lib/thumb/v6-m/nofp/libc.a(lib_a-stdio.o)
                0x00000000100096d4                __sread
                0x00000000100096fc                __seofread
                0x0000000010009700                __swrite
                0x0000000010009740                __sseek
                0x000000001000976c                __sclose
 .text          0x0000000010009778       0x28 /usr/lib/gcc/arm-none-eabi/9.2.1/../../../arm-none-eabi/lib/thumb/v6-m/nofp/libc.a(lib_a-writer.o)
                0x0000000010009778                _write_r
 .text          0x00000000100097a0       0xdc /usr/lib/gcc/arm-none-eabi/9.2.1/../../../arm-none-eabi/lib/thumb/v6-m/nofp/libc.a(lib_a-wsetup.o)
                0x00000000100097a0                __swsetup_r
 .text          0x000000001000987c       0x24 /usr/lib/gcc/arm-none-eabi/9.2.1/../../../arm-none-eabi/lib/thumb/v6-m/nofp/libc.a(lib_a-closer.o)
                0x000000001000987c                _close_r
 .text          0x00000000100098a0       0xac /usr/lib/gcc/arm-none-eabi/9.2.1/../../../arm-none-eabi/lib/thumb/v6-m/nofp/libc.a(lib_a-fclose.o)
                0x00000000100098a0                _fclose_r
                0x0000000010009938                fclose
 .text          0x000000001000994c      0x1b4 /usr/lib/gcc/arm-none-eabi/9.2.1/../../../arm-none-eabi/lib/thumb/v6-m/nofp/libc.a(lib_a-fflush.o)
                0x000000001000994c                __sflush_r
                0x0000000010009aac                _fflush_r
                0x0000000010009ad8                fflush
 .text          0x0000000010009b00       0x28 /usr/lib/gcc/arm-none-eabi/9.2.1/../../../arm-none-eabi/lib/thumb/v6-m/nofp/libc.a(lib_a-lseekr.o)
                0x0000000010009b00                _lseek_r
 .text          0x0000000010009b28       0xf0 /usr/lib/gcc/arm-none-eabi/9.2.1/../../../arm-none-eabi/lib/thumb/v6-m/nofp/libc.a(lib_a-makebuf.o)
                0x0000000010009b28                __swhatbuf_r
                0x0000000010009b88                __smakebuf_r
 .text          0x0000000010009c18       0x28 /usr/lib/gcc/arm-none-eabi/9.2.1/../../../arm-none-eabi/lib/thumb/v6-m/nofp/libc.a(lib_a-readr.o)
                0x0000000010009c18                _read_r
 .text          0x0000000010009c40       0x28 /usr/lib/gcc/arm-none-eabi/9.2.1/../../../arm-none-eabi/lib/thumb/v6-m/nofp/libc.a(lib_a-fstatr.o)
                0x0000000010009c40                _fstat_r
 .text          0x0000000010009c68       0x24 /usr/lib/gcc/arm-none-eabi/9.2.1/../../../arm-none-eabi/lib/thumb/v6-m/nofp/libc.a(lib_a-isattyr.o)
                0x0000000010009c68                _isatty_r
 .text          0x0000000010009c8c       0x10 /usr/lib/gcc/arm-none-eabi/9.2.1/../../../arm-none-eabi/lib/thumb/v6-m/nofp/libnosys.a(close.o)
                0x0000000010009c8c                _close
 .text          0x0000000010009c9c       0x10 /usr/lib/gcc/arm-none-eabi/9.2.1/../../../arm-none-eabi/lib/thumb/v6-m/nofp/libnosys.a(fstat.o)
                0x0000000010009c9c                _fstat
 .text          0x0000000010009cac       0x10 /usr/lib/gcc/arm-none-eabi/9.2.1/../../../arm-none-eabi/lib/thumb/v6-m/nofp/libnosys.a(isatty.o)
                0x0000000010009cac                _isatty
 .text          0x0000000010009cbc       0x10 /usr/lib/gcc/arm-none-eabi/9.2.1/../../../arm-none-eabi/lib/thumb/v6-m/nofp/libnosys.a(lseek.o)
                0x0000000010009cbc                _lseek
 *(.fini)
 .fini          0x0000000010009ccc        0x4 /usr/lib/gcc/arm-none-eabi/9.2.1/thumb/v6-m/nofp/crti.o
                0x0000000010009ccc                _fini
 .fini.__stub   0x0000000010009cd0       0x90 linker stubs
 *crtbegin.o(.ctors)
 *crtbegin?.o(.ctors)
 *(EXCLUDE_FILE(*crtend.o *crtend?.o) .ctors)
 *(SORT_BY_NAME(.ctors.*))
 *(.ctors)
 *crtbegin.o(.dtors)
 *crtbegin?.o(.dtors)
 *(EXCLUDE_FILE(*crtend.o *crtend?.o) .dtors)
 *(SORT_BY_NAME(.dtors.*))
 *(.dtors)
 *(.eh_frame*)
 .eh_frame      0x0000000010009d60        0x0 /usr/lib/gcc/arm-none-eabi/9.2.1/thumb/v6-m/nofp/crtbegin.o
                0x0000000010009d60                . = ALIGN (0x4)

.glue_7         0x0000000010009d60        0x0
 .glue_7        0x0000000010009d60        0x0 linker stubs

.glue_7t        0x0000000010009d60        0x0
 .glue_7t       0x0000000010009d60        0x0 linker stubs

.vfp11_veneer   0x0000000010009d60        0x0
 .vfp11_veneer  0x0000000010009d60        0x0 linker stubs

.v4_bx          0x0000000010009d60        0x0
 .v4_bx         0x0000000010009d60        0x0 linker stubs

.iplt           0x0000000010009d60        0x0
 .iplt          0x0000000010009d60        0x0 /usr/lib/gcc/arm-none-eabi/9.2.1/thumb/v6-m/nofp/crtbegin.o

.rodata         0x0000000010009d60      0x750
 *(EXCLUDE_FILE(*libm.a: *libc.a:*lib_a-mem*.o *libgcc.a:) .rodata*)
 .rodata.main.str1.4
                0x0000000010009d60       0xbb CMakeFiles/mbot_motor_analyze.dir/mbot_motor_analyze.c.obj
 *fill*         0x0000000010009e1b        0x1 
 .rodata.spin_lock_claim_unused.str1.4
                0x0000000010009e1c       0x1b CMakeFiles/mbot_motor_analyze.dir/__/lib/pico-sdk/src/rp2_common/hardware_sync/sync.c.obj
 *fill*         0x0000000010009e37        0x1 
 .rodata.user_irq_claim_unused.str1.4
                0x0000000010009e38       0x1b CMakeFiles/mbot_motor_analyze.dir/__/lib/pico-sdk/src/rp2_common/hardware_irq/irq.c.obj
 *fill*         0x0000000010009e53        0x5 
 .rodata.at_the_end_of_time
                0x0000000010009e58        0x8 CMakeFiles/mbot_motor_analyze.dir/__/lib/pico-sdk/src/common/pico_time/time.c.obj
                0x0000000010009e58                at_the_end_of_time
 .rodata.hardware_alarm_claim.str1.4
                0x0000000010009e60       0x22 CMakeFiles/mbot_motor_analyze.dir/__/lib/pico-sdk/src/rp2_common/hardware_timer/timer.c.obj
 *fill*         0x0000000010009e82        0x2 
 .rodata.panic.str1.4
                0x0000000010009e84       0x10 CMakeFiles/mbot_motor_analyze.dir/__/lib/pico-sdk/src/rp2_common/pico_runtime/runtime.c.obj
                                         0x12 (size before relaxing)
 .rodata.hard_assertion_failure.str1.4
                0x0000000010009e94        0xc CMakeFiles/mbot_motor_analyze.dir/__/lib/pico-sdk/src/rp2_common/pico_runtime/runtime.c.obj
 .rodata._ftoa.str1.4
                0x0000000010009ea0       0x15 CMakeFiles/mbot_motor_analyze.dir/__/lib/pico-sdk/src/rp2_common/pico_printf/printf.c.obj
 *fill*         0x0000000010009eb5        0x3 
 .rodata._vsnprintf
                0x0000000010009eb8      0x1e0 CMakeFiles/mbot_motor_analyze.dir/__/lib/pico-sdk/src/rp2_common/pico_printf/printf.c.obj
 .rodata.pow10.5444
                0x000000001000a098       0x50 CMakeFiles/mbot_motor_analyze.dir/__/lib/pico-sdk/src/rp2_common/pico_printf/printf.c.obj
 .rodata.str1.4
                0x000000001000a0e8       0x48 CMakeFiles/mbot_motor_analyze.dir/__/lib/pico-sdk/src/rp2_common/pico_standard_link/binary_info.c.obj
 .rodata.__bi_44
                0x000000001000a130        0xc CMakeFiles/mbot_motor_analyze.dir/__/lib/pico-sdk/src/rp2_common/pico_standard_link/binary_info.c.obj
 .rodata.__bi_75
                0x000000001000a13c        0xc CMakeFiles/mbot_motor_analyze.dir/__/lib/pico-sdk/src/rp2_common/pico_standard_link/binary_info.c.obj
 .rodata.__bi_81
                0x000000001000a148        0xc CMakeFiles/mbot_motor_analyze.dir/__/lib/pico-sdk/src/rp2_common/pico_standard_link/binary_info.c.obj
 .rodata.crlf_str.5921
                0x000000001000a154        0x2 CMakeFiles/mbot_motor_analyze.dir/__/lib/pico-sdk/src/rp2_common/pico_stdio/stdio.c.obj
 *fill*         0x000000001000a156        0x2 
 .rodata._resetd_driver
                0x000000001000a158       0x18 CMakeFiles/mbot_motor_analyze.dir/__/lib/pico-sdk/src/rp2_common/pico_stdio_usb/reset_interface.c.obj
 .rodata.str1.4
                0x000000001000a170       0x13 CMakeFiles/mbot_motor_analyze.dir/__/lib/pico-sdk/src/rp2_common/pico_stdio_usb/stdio_usb.c.obj
 *fill*         0x000000001000a183        0x1 
 .rodata.__bi_167.7237
                0x000000001000a184        0xc CMakeFiles/mbot_motor_analyze.dir/__/lib/pico-sdk/src/rp2_common/pico_stdio_usb/stdio_usb.c.obj
 .rodata.str1.4
                0x000000001000a190       0x2e CMakeFiles/mbot_motor_analyze.dir/__/lib/pico-sdk/src/rp2_common/pico_stdio_usb/stdio_usb_descriptors.c.obj
 *fill*         0x000000001000a1be        0x2 
 .rodata.usbd_desc_cfg
                0x000000001000a1c0       0x96 CMakeFiles/mbot_motor_analyze.dir/__/lib/pico-sdk/src/rp2_common/pico_stdio_usb/stdio_usb_descriptors.c.obj
 *fill*         0x000000001000a256        0x2 
 .rodata.usbd_desc_device
                0x000000001000a258       0x12 CMakeFiles/mbot_motor_analyze.dir/__/lib/pico-sdk/src/rp2_common/pico_stdio_usb/stdio_usb_descriptors.c.obj
 *fill*         0x000000001000a26a        0x2 
 .rodata.usbd_desc_str
                0x000000001000a26c       0x18 CMakeFiles/mbot_motor_analyze.dir/__/lib/pico-sdk/src/rp2_common/pico_stdio_usb/stdio_usb_descriptors.c.obj
 .rodata.dcd_rp2040_irq.str1.4
                0x000000001000a284       0x14 CMakeFiles/mbot_motor_analyze.dir/__/lib/pico-sdk/lib/tinyusb/src/portable/raspberrypi/rp2040/dcd_rp2040.c.obj
 .rodata._hw_endpoint_buffer_control_update32.part.0.str1.4
                0x000000001000a298       0x1f CMakeFiles/mbot_motor_analyze.dir/__/lib/pico-sdk/lib/tinyusb/src/portable/raspberrypi/rp2040/rp2040_usb.c.obj
 *fill*         0x000000001000a2b7        0x1 
 .rodata.hw_endpoint_xfer_continue.str1.4
                0x000000001000a2b8       0x29 CMakeFiles/mbot_motor_analyze.dir/__/lib/pico-sdk/lib/tinyusb/src/portable/raspberrypi/rp2040/rp2040_usb.c.obj
 *fill*         0x000000001000a2e1        0x3 
 .rodata.str1.4
                0x000000001000a2e4        0x7 CMakeFiles/mbot_motor_analyze.dir/__/lib/pico-sdk/lib/tinyusb/src/portable/raspberrypi/rp2040/rp2040_usb.c.obj
 *fill*         0x000000001000a2eb        0x1 
 .rodata.tud_task
                0x000000001000a2ec       0x8c CMakeFiles/mbot_motor_analyze.dir/__/lib/pico-sdk/lib/tinyusb/src/device/usbd.c.obj
 .rodata._usbd_driver
                0x000000001000a378       0x18 CMakeFiles/mbot_motor_analyze.dir/__/lib/pico-sdk/lib/tinyusb/src/device/usbd.c.obj
 .rodata.pio_claim_unused_sm.str1.4
                0x000000001000a390       0x24 CMakeFiles/mbot_motor_analyze.dir/__/lib/pico-sdk/src/rp2_common/hardware_pio/pio.c.obj
 .rodata.pio_add_program.str1.4
                0x000000001000a3b4       0x11 CMakeFiles/mbot_motor_analyze.dir/__/lib/pico-sdk/src/rp2_common/hardware_pio/pio.c.obj
 *fill*         0x000000001000a3c5        0x3 
 .rodata.mbot_motor_init_freq.str1.4
                0x000000001000a3c8       0x4d ../mbot/libmbotlib.a(motor.c.obj)
 *fill*         0x000000001000a415        0x3 
 .rodata.mbot_motor_set_duty.str1.4
                0x000000001000a418       0x2a ../mbot/libmbotlib.a(motor.c.obj)
 *fill*         0x000000001000a442        0x2 
 .rodata.motor_en
                0x000000001000a444        0x8 ../mbot/libmbotlib.a(motor.c.obj)
 .rodata.motor_ph
                0x000000001000a44c        0x8 ../mbot/libmbotlib.a(motor.c.obj)
 .rodata.mbot_encoder_read_delta.str1.4
                0x000000001000a454       0x12 ../mbot/libmbotlib.a(encoder.c.obj)
 *fill*         0x000000001000a466        0x2 
 .rodata.quadrature_encoder_program
                0x000000001000a468        0x6 ../mbot/libmbotlib.a(encoder.c.obj)
 *fill*         0x000000001000a46e        0x2 
 .rodata.quadrature_encoder_program_instructions
                0x000000001000a470       0x3c ../mbot/libmbotlib.a(encoder.c.obj)
 .rodata        0x000000001000a4ac        0x4 /usr/lib/gcc/arm-none-eabi/9.2.1/../../../arm-none-eabi/lib/thumb/v6-m/nofp/libc.a(lib_a-impure.o)
                0x000000001000a4ac                _global_impure_ptr
                0x000000001000a4b0                . = ALIGN (0x4)
 *(SORT_BY_ALIGNMENT(SORT_BY_NAME(.flashdata*)))
                0x000000001000a4b0                . = ALIGN (0x4)

.rel.dyn        0x000000001000a4b0        0x0
 .rel.iplt      0x000000001000a4b0        0x0 /usr/lib/gcc/arm-none-eabi/9.2.1/thumb/v6-m/nofp/crtbegin.o

.ARM.extab
 *(.ARM.extab* .gnu.linkonce.armextab.*)
                0x000000001000a4b0                __exidx_start = .

.ARM.exidx
 *(.ARM.exidx* .gnu.linkonce.armexidx.*)
                0x000000001000a4b0                __exidx_end = .
                0x000000001000a4b0                . = ALIGN (0x4)
                0x000000001000a4b0                __binary_info_start = .

.binary_info    0x000000001000a4b0       0x20
 *(.binary_info.keep.*)
 .binary_info.keep.__bi_ptr22
                0x000000001000a4b0        0x4 CMakeFiles/mbot_motor_analyze.dir/__/lib/pico-sdk/src/rp2_common/pico_standard_link/binary_info.c.obj
 .binary_info.keep.__bi_ptr30
                0x000000001000a4b4        0x4 CMakeFiles/mbot_motor_analyze.dir/__/lib/pico-sdk/src/rp2_common/pico_standard_link/binary_info.c.obj
 .binary_info.keep.__bi_ptr38
                0x000000001000a4b8        0x4 CMakeFiles/mbot_motor_analyze.dir/__/lib/pico-sdk/src/rp2_common/pico_standard_link/binary_info.c.obj
 .binary_info.keep.__bi_ptr44
                0x000000001000a4bc        0x4 CMakeFiles/mbot_motor_analyze.dir/__/lib/pico-sdk/src/rp2_common/pico_standard_link/binary_info.c.obj
 .binary_info.keep.__bi_ptr50
                0x000000001000a4c0        0x4 CMakeFiles/mbot_motor_analyze.dir/__/lib/pico-sdk/src/rp2_common/pico_standard_link/binary_info.c.obj
 .binary_info.keep.__bi_ptr75
                0x000000001000a4c4        0x4 CMakeFiles/mbot_motor_analyze.dir/__/lib/pico-sdk/src/rp2_common/pico_standard_link/binary_info.c.obj
 .binary_info.keep.__bi_ptr81
                0x000000001000a4c8        0x4 CMakeFiles/mbot_motor_analyze.dir/__/lib/pico-sdk/src/rp2_common/pico_standard_link/binary_info.c.obj
 *(.binary_info.*)
 .binary_info.__bi_ptr167
                0x000000001000a4cc        0x4 CMakeFiles/mbot_motor_analyze.dir/__/lib/pico-sdk/src/rp2_common/pico_stdio_usb/stdio_usb.c.obj
                0x000000001000a4d0                __binary_info_end = .
                0x000000001000a4d0                . = ALIGN (0x4)
                0x000000001000a4d0                __etext = .

.ram_vector_table
                0x0000000020000000       0xc0
 *(.ram_vector_table)
 .ram_vector_table
                0x0000000020000000       0xc0 CMakeFiles/mbot_motor_analyze.dir/__/lib/pico-sdk/src/rp2_common/pico_runtime/runtime.c.obj
                0x0000000020000000                ram_vector_table

.data           0x00000000200000c0      0xd48 load address 0x000000001000a4d0
                0x00000000200000c0                __data_start__ = .
 *(vtable)
 *(.time_critical*)
 .time_critical.mutex_enter_blocking
                0x00000000200000c0       0x48 CMakeFiles/mbot_motor_analyze.dir/__/lib/pico-sdk/src/common/pico_sync/mutex.c.obj
                0x00000000200000c0                mutex_enter_blocking
 .time_critical.mutex_try_enter
                0x0000000020000108       0x48 CMakeFiles/mbot_motor_analyze.dir/__/lib/pico-sdk/src/common/pico_sync/mutex.c.obj
                0x0000000020000108                mutex_try_enter
 .time_critical.mutex_enter_timeout_ms
                0x0000000020000150       0x98 CMakeFiles/mbot_motor_analyze.dir/__/lib/pico-sdk/src/common/pico_sync/mutex.c.obj
                0x0000000020000150                mutex_enter_timeout_ms
 .time_critical.mutex_exit
                0x00000000200001e8       0x28 CMakeFiles/mbot_motor_analyze.dir/__/lib/pico-sdk/src/common/pico_sync/mutex.c.obj
                0x00000000200001e8                mutex_exit
 .time_critical.flash_init_boot2_copyout
                0x0000000020000210       0x30 CMakeFiles/mbot_motor_analyze.dir/__/lib/pico-sdk/src/rp2_common/hardware_flash/flash.c.obj
 .time_critical.flash_enable_xip_via_boot2
                0x0000000020000240       0x10 CMakeFiles/mbot_motor_analyze.dir/__/lib/pico-sdk/src/rp2_common/hardware_flash/flash.c.obj
 .time_critical.flash_cs_force
                0x0000000020000250       0x38 CMakeFiles/mbot_motor_analyze.dir/__/lib/pico-sdk/src/rp2_common/hardware_flash/flash.c.obj
 .time_critical.flash_do_cmd
                0x0000000020000288       0xc4 CMakeFiles/mbot_motor_analyze.dir/__/lib/pico-sdk/src/rp2_common/hardware_flash/flash.c.obj
                0x0000000020000288                flash_do_cmd
 *(.text*)
 .text          0x000000002000034c        0x4 /usr/lib/gcc/arm-none-eabi/9.2.1/thumb/v6-m/nofp/libgcc.a(_dvmd_tls.o)
                0x000000002000034c                __aeabi_ldiv0
                0x000000002000034c                __aeabi_idiv0
 .text          0x0000000020000350       0x80 /usr/lib/gcc/arm-none-eabi/9.2.1/../../../arm-none-eabi/lib/thumb/v6-m/nofp/libc.a(lib_a-memchr-stub.o)
                0x0000000020000350                memchr
 .text          0x00000000200003d0       0xbc /usr/lib/gcc/arm-none-eabi/9.2.1/../../../arm-none-eabi/lib/thumb/v6-m/nofp/libc.a(lib_a-memmove.o)
                0x00000000200003d0                memmove
 *fill*         0x000000002000048c        0x4 
 .text.__stub   0x0000000020000490       0x30 linker stubs
                0x00000000200004c0                . = ALIGN (0x4)
 *(.rodata*)
                0x00000000200004c0                . = ALIGN (0x4)
 *(.data*)
 .data.striped_spin_lock_num
                0x00000000200004c0        0x1 CMakeFiles/mbot_motor_analyze.dir/__/lib/pico-sdk/src/rp2_common/hardware_sync/sync.c.obj
 *fill*         0x00000000200004c1        0x3 
 .data          0x00000000200004c4       0x48 CMakeFiles/mbot_motor_analyze.dir/__/lib/pico-sdk/src/rp2_common/hardware_irq/irq_handler_chain.S.obj
                0x00000000200004c4                irq_handler_chain_slots
                0x00000000200004f4                irq_handler_chain_first_slot
                0x00000000200004fe                irq_handler_chain_remove_tail
 .data.default_alarm_pool
                0x000000002000050c       0x18 CMakeFiles/mbot_motor_analyze.dir/__/lib/pico-sdk/src/common/pico_time/time.c.obj
 .data.default_alarm_pool_heap
                0x0000000020000524       0x10 CMakeFiles/mbot_motor_analyze.dir/__/lib/pico-sdk/src/common/pico_time/time.c.obj
 *fill*         0x0000000020000534        0xc 
 .data.aeabi_bits_funcs
                0x0000000020000540       0x10 CMakeFiles/mbot_motor_analyze.dir/__/lib/pico-sdk/src/rp2_common/pico_bit_ops/bit_ops_aeabi.S.obj
                0x0000000020000540                aeabi_bits_funcs
                0x0000000020000550                aeabi_bits_funcs_end
 .data.aeabi_mem_funcs
                0x0000000020000550       0x10 CMakeFiles/mbot_motor_analyze.dir/__/lib/pico-sdk/src/rp2_common/pico_mem_ops/mem_ops_aeabi.S.obj
                0x0000000020000550                aeabi_mem_funcs
                0x0000000020000560                aeabi_mem_funcs_end
 .data.stdio_usb
                0x0000000020000560       0x14 CMakeFiles/mbot_motor_analyze.dir/__/lib/pico-sdk/src/rp2_common/pico_stdio_usb/stdio_usb.c.obj
                0x0000000020000560                stdio_usb
 .data.ep_dir_string
                0x0000000020000574        0x8 CMakeFiles/mbot_motor_analyze.dir/__/lib/pico-sdk/lib/tinyusb/src/portable/raspberrypi/rp2040/rp2040_usb.c.obj
                0x0000000020000574                ep_dir_string
 .data._usbd_qdef
                0x000000002000057c       0x24 CMakeFiles/mbot_motor_analyze.dir/__/lib/pico-sdk/lib/tinyusb/src/device/usbd.c.obj
                0x000000002000057c                _usbd_qdef
 .data          0x00000000200005a0      0x430 /usr/lib/gcc/arm-none-eabi/9.2.1/../../../arm-none-eabi/lib/thumb/v6-m/nofp/libc.a(lib_a-impure.o)
                0x00000000200005a0                _impure_ptr
 .data          0x00000000200009d0      0x410 /usr/lib/gcc/arm-none-eabi/9.2.1/../../../arm-none-eabi/lib/thumb/v6-m/nofp/libc.a(lib_a-mallocr.o)
                0x00000000200009d0                __malloc_sbrk_base
                0x00000000200009d4                __malloc_trim_threshold
                0x00000000200009d8                __malloc_av_
                0x0000000020000de0                . = ALIGN (0x4)
 *(.after_data.*)
                0x0000000020000de0                . = ALIGN (0x4)
                0x0000000020000de0                PROVIDE (__mutex_array_start = .)
 *(SORT_BY_NAME(.mutex_array.*))
 *(.mutex_array)
 .mutex_array   0x0000000020000de0        0x8 CMakeFiles/mbot_motor_analyze.dir/__/lib/pico-sdk/src/rp2_common/pico_malloc/pico_malloc.c.obj
 .mutex_array   0x0000000020000de8        0x8 CMakeFiles/mbot_motor_analyze.dir/__/lib/pico-sdk/src/rp2_common/pico_stdio/stdio.c.obj
                0x0000000020000df0                PROVIDE (__mutex_array_end = .)
                0x0000000020000df0                . = ALIGN (0x4)
                0x0000000020000df0                PROVIDE (__preinit_array_start = .)
 *(SORT_BY_NAME(.preinit_array.*))
 .preinit_array.00001
                0x0000000020000df0        0x4 CMakeFiles/mbot_motor_analyze.dir/__/lib/pico-sdk/src/rp2_common/pico_mem_ops/mem_ops_aeabi.S.obj
 .preinit_array.00010
                0x0000000020000df4        0x4 CMakeFiles/mbot_motor_analyze.dir/__/lib/pico-sdk/src/rp2_common/pico_bit_ops/bit_ops_aeabi.S.obj
 .preinit_array.00020
                0x0000000020000df8        0x4 CMakeFiles/mbot_motor_analyze.dir/__/lib/pico-sdk/src/rp2_common/pico_double/double_aeabi.S.obj
 .preinit_array.00020
                0x0000000020000dfc        0x4 CMakeFiles/mbot_motor_analyze.dir/__/lib/pico-sdk/src/rp2_common/pico_float/float_aeabi.S.obj
 *(.preinit_array)
                0x0000000020000e00                PROVIDE (__preinit_array_end = .)
                0x0000000020000e00                . = ALIGN (0x4)
                0x0000000020000e00                PROVIDE (__init_array_start = .)
 *(SORT_BY_NAME(.init_array.*))
 *(.init_array)
 .init_array    0x0000000020000e00        0x4 /usr/lib/gcc/arm-none-eabi/9.2.1/thumb/v6-m/nofp/crtbegin.o
 .init_array    0x0000000020000e04        0x4 CMakeFiles/mbot_motor_analyze.dir/__/lib/pico-sdk/src/rp2_common/pico_unique_id/unique_id.c.obj
                0x0000000020000e08                PROVIDE (__init_array_end = .)
                0x0000000020000e08                . = ALIGN (0x4)
                0x0000000020000e08                PROVIDE (__fini_array_start = .)
 *(SORT_BY_NAME(.fini_array.*))
 *(.fini_array)
                0x0000000020000e08                PROVIDE (__fini_array_end = .)
 *(.jcr)
                0x0000000020000e08                . = ALIGN (0x4)
                0x0000000020000e08                __data_end__ = .

.tm_clone_table
                0x0000000020000e08        0x0 load address 0x000000001000b218
 .tm_clone_table
                0x0000000020000e08        0x0 /usr/lib/gcc/arm-none-eabi/9.2.1/thumb/v6-m/nofp/crtbegin.o
 .tm_clone_table
                0x0000000020000e08        0x0 /usr/lib/gcc/arm-none-eabi/9.2.1/thumb/v6-m/nofp/crtend.o

.igot.plt       0x0000000020000e08        0x0 load address 0x000000001000b218
 .igot.plt      0x0000000020000e08        0x0 /usr/lib/gcc/arm-none-eabi/9.2.1/thumb/v6-m/nofp/crtbegin.o

.uninitialized_data
                0x0000000020000e08        0x0 load address 0x000000001000b218
                0x0000000020000e08                . = ALIGN (0x4)
 *(.uninitialized_data*)

.scratch_x      0x0000000020040000        0x0 load address 0x000000001000b218
                0x0000000020040000                __scratch_x_start__ = .
 *(.scratch_x.*)
                0x0000000020040000                . = ALIGN (0x4)
                0x0000000020040000                __scratch_x_end__ = .
                0x000000001000b218                __scratch_x_source__ = LOADADDR (.scratch_x)

.scratch_y      0x0000000020041000        0x0 load address 0x000000001000b218
                0x0000000020041000                __scratch_y_start__ = .
 *(.scratch_y.*)
                0x0000000020041000                . = ALIGN (0x4)
                0x0000000020041000                __scratch_y_end__ = .
                0x000000001000b218                __scratch_y_source__ = LOADADDR (.scratch_y)

.bss            0x0000000020000e08     0x1be0
                0x0000000020000e08                . = ALIGN (0x4)
                0x0000000020000e08                __bss_start__ = .
 *(SORT_BY_ALIGNMENT(SORT_BY_NAME(.bss*)))
 .bss.default_alarm_pool_entries
                0x0000000020000e08      0x100 CMakeFiles/mbot_motor_analyze.dir/__/lib/pico-sdk/src/common/pico_time/time.c.obj
 .bss.last_avail_time.7194
                0x0000000020000f08        0x8 CMakeFiles/mbot_motor_analyze.dir/__/lib/pico-sdk/src/rp2_common/pico_stdio_usb/stdio_usb.c.obj
 .bss           0x0000000020000f10       0x1c /usr/lib/gcc/arm-none-eabi/9.2.1/thumb/v6-m/nofp/crtbegin.o
 .bss           0x0000000020000f2c       0x34 /usr/lib/gcc/arm-none-eabi/9.2.1/../../../arm-none-eabi/lib/thumb/v6-m/nofp/libc.a(lib_a-mallocr.o)
                0x0000000020000f2c                __malloc_top_pad
                0x0000000020000f30                __malloc_current_mallinfo
                0x0000000020000f58                __malloc_max_sbrked_mem
                0x0000000020000f5c                __malloc_max_total_mem
 .bss._app_driver
                0x0000000020000f60        0x4 CMakeFiles/mbot_motor_analyze.dir/__/lib/pico-sdk/lib/tinyusb/src/device/usbd.c.obj
 .bss._cdcd_itf
                0x0000000020000f64     0x10b0 CMakeFiles/mbot_motor_analyze.dir/__/lib/pico-sdk/lib/tinyusb/src/class/cdc/cdc_device.c.obj
 .bss._ctrl_xfer
                0x0000000020002014       0x14 CMakeFiles/mbot_motor_analyze.dir/__/lib/pico-sdk/lib/tinyusb/src/device/usbd_control.c.obj
 .bss._ubsd_mutexdef
                0x0000000020002028        0x8 CMakeFiles/mbot_motor_analyze.dir/__/lib/pico-sdk/lib/tinyusb/src/device/usbd.c.obj
 .bss._usbd_ctrl_buf
                0x0000000020002030       0x40 CMakeFiles/mbot_motor_analyze.dir/__/lib/pico-sdk/lib/tinyusb/src/device/usbd_control.c.obj
 .bss._usbd_dev
                0x0000000020002070       0x53 CMakeFiles/mbot_motor_analyze.dir/__/lib/pico-sdk/lib/tinyusb/src/device/usbd.c.obj
 *fill*         0x00000000200020c3        0x1 
 .bss._usbd_mutex
                0x00000000200020c4        0x4 CMakeFiles/mbot_motor_analyze.dir/__/lib/pico-sdk/lib/tinyusb/src/device/usbd.c.obj
 .bss._usbd_q   0x00000000200020c8        0x4 CMakeFiles/mbot_motor_analyze.dir/__/lib/pico-sdk/lib/tinyusb/src/device/usbd.c.obj
 .bss._used_instruction_space
                0x00000000200020cc        0x8 CMakeFiles/mbot_motor_analyze.dir/__/lib/pico-sdk/src/rp2_common/hardware_pio/pio.c.obj
 .bss.alarm_callbacks
                0x00000000200020d4       0x10 CMakeFiles/mbot_motor_analyze.dir/__/lib/pico-sdk/src/rp2_common/hardware_timer/timer.c.obj
 .bss.boot2_copyout
                0x00000000200020e4      0x100 CMakeFiles/mbot_motor_analyze.dir/__/lib/pico-sdk/src/rp2_common/hardware_flash/flash.c.obj
 .bss.claimed   0x00000000200021e4        0x4 CMakeFiles/mbot_motor_analyze.dir/__/lib/pico-sdk/src/rp2_common/hardware_sync/sync.c.obj
 .bss.configured_freq
                0x00000000200021e8       0x28 CMakeFiles/mbot_motor_analyze.dir/__/lib/pico-sdk/src/rp2_common/hardware_clocks/clocks.c.obj
 .bss.default_alarm_pool_entry_ids_high
                0x0000000020002210       0x10 CMakeFiles/mbot_motor_analyze.dir/__/lib/pico-sdk/src/common/pico_time/time.c.obj
 .bss.default_alarm_pool_heap_nodes
                0x0000000020002220       0x30 CMakeFiles/mbot_motor_analyze.dir/__/lib/pico-sdk/src/common/pico_time/time.c.obj
 .bss.desc_str.7079
                0x0000000020002250       0x28 CMakeFiles/mbot_motor_analyze.dir/__/lib/pico-sdk/src/rp2_common/pico_stdio_usb/stdio_usb_descriptors.c.obj
 .bss.drivers   0x0000000020002278        0x4 CMakeFiles/mbot_motor_analyze.dir/__/lib/pico-sdk/src/rp2_common/pico_stdio/stdio.c.obj
 .bss.encoder_count
                0x000000002000227c       0x10 ../mbot/libmbotlib.a(encoder.c.obj)
                0x000000002000227c                encoder_count
 .bss.filter    0x000000002000228c        0x4 CMakeFiles/mbot_motor_analyze.dir/__/lib/pico-sdk/src/rp2_common/pico_stdio/stdio.c.obj
 .bss.heap_end.5865
                0x0000000020002290        0x4 CMakeFiles/mbot_motor_analyze.dir/__/lib/pico-sdk/src/rp2_common/pico_runtime/runtime.c.obj
 .bss.hw_endpoints
                0x0000000020002294      0x400 CMakeFiles/mbot_motor_analyze.dir/__/lib/pico-sdk/lib/tinyusb/src/portable/raspberrypi/rp2040/dcd_rp2040.c.obj
 .bss.lazy_vsnprintf
                0x0000000020002694        0x4 CMakeFiles/mbot_motor_analyze.dir/__/lib/pico-sdk/src/rp2_common/pico_printf/printf.c.obj
 .bss.load_value
                0x0000000020002698        0x4 CMakeFiles/mbot_motor_analyze.dir/__/lib/pico-sdk/src/rp2_common/hardware_watchdog/watchdog.c.obj
 .bss.next_buffer_ptr
                0x000000002000269c        0x4 CMakeFiles/mbot_motor_analyze.dir/__/lib/pico-sdk/lib/tinyusb/src/portable/raspberrypi/rp2040/dcd_rp2040.c.obj
 .bss.pools     0x00000000200026a0       0x10 CMakeFiles/mbot_motor_analyze.dir/__/lib/pico-sdk/src/common/pico_time/time.c.obj
 .bss.pwm_wraps
                0x00000000200026b0       0x10 ../mbot/libmbotlib.a(motor.c.obj)
 .bss.retrieved_id
                0x00000000200026c0        0x8 CMakeFiles/mbot_motor_analyze.dir/__/lib/pico-sdk/src/rp2_common/pico_unique_id/unique_id.c.obj
 .bss.sf_clz_func
                0x00000000200026c8        0x4 CMakeFiles/mbot_motor_analyze.dir/__/lib/pico-sdk/src/rp2_common/pico_double/double_init_rom.c.obj
                0x00000000200026c8                sf_clz_func
 .bss.sleep_notifier
                0x00000000200026cc        0x4 CMakeFiles/mbot_motor_analyze.dir/__/lib/pico-sdk/src/common/pico_time/time.c.obj
 .bss.slice_frequencies
                0x00000000200026d0       0x10 ../mbot/libmbotlib.a(motor.c.obj)
 .bss.stdio_usb_mutex
                0x00000000200026e0        0x8 CMakeFiles/mbot_motor_analyze.dir/__/lib/pico-sdk/src/rp2_common/pico_stdio_usb/stdio_usb.c.obj
 .bss.target_hi
                0x00000000200026e8       0x10 CMakeFiles/mbot_motor_analyze.dir/__/lib/pico-sdk/src/rp2_common/hardware_timer/timer.c.obj
 .bss.usbd_serial_str
                0x00000000200026f8       0x11 CMakeFiles/mbot_motor_analyze.dir/__/lib/pico-sdk/src/rp2_common/pico_stdio_usb/stdio_usb_descriptors.c.obj
 *fill*         0x0000000020002709        0x3 
 .bss.user_irq_claimed
                0x000000002000270c        0x2 CMakeFiles/mbot_motor_analyze.dir/__/lib/pico-sdk/src/rp2_common/hardware_irq/irq.c.obj
 .bss._app_driver_count
                0x000000002000270e        0x1 CMakeFiles/mbot_motor_analyze.dir/__/lib/pico-sdk/lib/tinyusb/src/device/usbd.c.obj
 .bss._usbd_initialized
                0x000000002000270f        0x1 CMakeFiles/mbot_motor_analyze.dir/__/lib/pico-sdk/lib/tinyusb/src/device/usbd.c.obj
 .bss.boot2_copyout_valid
                0x0000000020002710        0x1 CMakeFiles/mbot_motor_analyze.dir/__/lib/pico-sdk/src/rp2_common/hardware_flash/flash.c.obj
 .bss.claimed   0x0000000020002711        0x1 CMakeFiles/mbot_motor_analyze.dir/__/lib/pico-sdk/src/rp2_common/hardware_timer/timer.c.obj
 .bss.claimed   0x0000000020002712        0x1 CMakeFiles/mbot_motor_analyze.dir/__/lib/pico-sdk/src/rp2_common/hardware_pio/pio.c.obj
 .bss.irq_hander_chain_free_slot_head
                0x0000000020002713        0x1 CMakeFiles/mbot_motor_analyze.dir/__/lib/pico-sdk/src/rp2_common/hardware_irq/irq.c.obj
 .bss.itf_num   0x0000000020002714        0x1 CMakeFiles/mbot_motor_analyze.dir/__/lib/pico-sdk/src/rp2_common/pico_stdio_usb/reset_interface.c.obj
 .bss.low_priority_irq_num
                0x0000000020002715        0x1 CMakeFiles/mbot_motor_analyze.dir/__/lib/pico-sdk/src/rp2_common/pico_stdio_usb/stdio_usb.c.obj
 .bss.timer_callbacks_pending
                0x0000000020002716        0x1 CMakeFiles/mbot_motor_analyze.dir/__/lib/pico-sdk/src/rp2_common/hardware_timer/timer.c.obj
 *(COMMON)
 *fill*         0x0000000020002717        0x1 
 COMMON         0x0000000020002718      0x100 CMakeFiles/mbot_motor_analyze.dir/__/lib/pico-sdk/src/rp2_common/pico_double/double_init_rom.c.obj
                0x0000000020002718                sd_table
 COMMON         0x0000000020002818      0x100 CMakeFiles/mbot_motor_analyze.dir/__/lib/pico-sdk/src/rp2_common/pico_float/float_init_rom.c.obj
                0x0000000020002818                sf_table
 COMMON         0x0000000020002918       0xc0 CMakeFiles/mbot_motor_analyze.dir/__/lib/pico-sdk/lib/tinyusb/src/device/usbd.c.obj
                0x0000000020002918                _usbd_qdef_buf
 COMMON         0x00000000200029d8        0xa ../mbot/libmbotlib.a(encoder.c.obj)
                0x00000000200029d8                pio
                0x00000000200029dc                sm1
                0x00000000200029de                sm2
                0x00000000200029e0                sm0
 *fill*         0x00000000200029e2        0x2 
 COMMON         0x00000000200029e4        0x4 /usr/lib/gcc/arm-none-eabi/9.2.1/../../../arm-none-eabi/lib/thumb/v6-m/nofp/libc.a(lib_a-reent.o)
                0x00000000200029e4                errno
                0x00000000200029e8                . = ALIGN (0x4)
                0x00000000200029e8                __bss_end__ = .

.heap           0x00000000200029e8      0x800
                0x00000000200029e8                __end__ = .
                0x00000000200029e8                end = __end__
 *(.heap*)
 .heap          0x00000000200029e8      0x800 CMakeFiles/mbot_motor_analyze.dir/__/lib/pico-sdk/src/rp2_common/pico_standard_link/crt0.S.obj
                0x00000000200031e8                __HeapLimit = .

.stack1_dummy   0x0000000020040000        0x0
 *(.stack1*)

.stack_dummy    0x0000000020041000      0x800
 *(.stack*)
 .stack         0x0000000020041000      0x800 CMakeFiles/mbot_motor_analyze.dir/__/lib/pico-sdk/src/rp2_common/pico_standard_link/crt0.S.obj

.flash_end      0x000000001000b218        0x0
                0x000000001000b218                __flash_binary_end = .
                0x0000000020040000                __StackLimit = (ORIGIN (RAM) + LENGTH (RAM))
                0x0000000020041000                __StackOneTop = (ORIGIN (SCRATCH_X) + LENGTH (SCRATCH_X))
                0x0000000020042000                __StackTop = (ORIGIN (SCRATCH_Y) + LENGTH (SCRATCH_Y))
                0x0000000020041000                __StackOneBottom = (__StackOneTop - SIZEOF (.stack1_dummy))
                0x0000000020041800                __StackBottom = (__StackTop - SIZEOF (.stack_dummy))
                0x0000000020042000                PROVIDE (__stack = __StackTop)
                0x0000000000000001                ASSERT ((__StackLimit >= __HeapLimit), region RAM overflowed)
                0x0000000000000001                ASSERT (((__binary_info_header_end - __logical_binary_start) <= 0x100), Binary info must be in first 256 bytes of the binary)
LOAD CMakeFiles/mbot_motor_analyze.dir/mbot_motor_analyze.c.obj
LOAD CMakeFiles/mbot_motor_analyze.dir/__/lib/pico-sdk/src/rp2_common/pico_stdlib/stdlib.c.obj
LOAD CMakeFiles/mbot_motor_analyze.dir/__/lib/pico-sdk/src/rp2_common/hardware_gpio/gpio.c.obj
LOAD CMakeFiles/mbot_motor_analyze.dir/__/lib/pico-sdk/src/rp2_common/hardware_claim/claim.c.obj
LOAD CMakeFiles/mbot_motor_analyze.dir/__/lib/pico-sdk/src/rp2_common/pico_platform/platform.c.obj
LOAD CMakeFiles/mbot_motor_analyze.dir/__/lib/pico-sdk/src/rp2_common/hardware_sync/sync.c.obj
LOAD CMakeFiles/mbot_motor_analyze.dir/__/lib/pico-sdk/src/rp2_common/hardware_irq/irq.c.obj